Using CPython 3.14.4
Creating virtual environment at: .venv
   Building policyengine-us @ file:///Users/maxghenis/PolicyEngine/_worktrees/pe-us-qf
      Built policyengine-us @ file:///Users/maxghenis/PolicyEngine/_worktrees/pe-us-qf
Prepared 1 package in 2.06s
Installed 70 packages in 786ms
 + anyio==4.12.1
 + asttokens==3.0.1
 + blosc2==4.1.2
 + census==0.8.26
 + certifi==2026.1.4
 + charset-normalizer==3.4.4
 + click==8.3.1
 + decorator==5.2.1
 + dpath==2.2.0
 + et-xmlfile==2.0.0
 + executing==2.2.1
 + filelock==3.20.3
 + fsspec==2026.1.0
 + h11==0.16.0
 + h5py==3.15.1
 + hf-xet==1.2.0
 + httpcore==1.0.9
 + httpx==0.28.1
 + huggingface-hub==1.3.4
 + idna==3.11
 + iniconfig==2.3.0
 + ipython==8.38.0
 + jedi==0.19.2
 + jellyfish==1.2.1
 + jinja2==3.1.6
 + jsonpickle==4.1.1
 + markupsafe==3.0.3
 + matplotlib-inline==0.2.1
 + microdf-python==1.2.1
 + msgpack==1.1.2
 + ndindex==1.10.1
 + networkx==3.6.1
 + numexpr==2.14.1
 + numpy==2.4.1
 + openpyxl==3.1.5
 + packaging==26.0
 + pandas==3.0.0
 + parso==0.8.5
 + pexpect==4.9.0
 + plotly==5.24.1
 + pluggy==1.6.0
 + policyengine-core==3.30.2
 + policyengine-us==2.5.1 (from file:///Users/maxghenis/PolicyEngine/_worktrees/pe-us-qf)
 + prompt-toolkit==3.0.52
 + psutil==6.1.1
 + ptyprocess==0.7.0
 + pure-eval==0.2.3
 + py-cpuinfo==9.0.0
 + pygments==2.19.2
 + pytest==8.4.2
 + python-dateutil==2.9.0.post0
 + pyvis==0.3.2
 + pyyaml==6.0.3
 + requests==2.32.5
 + shellingham==1.5.4
 + six==1.17.0
 + sortedcontainers==2.4.0
 + spm-calculator==1.0.0
 + stack-data==0.6.3
 + standard-imghdr==3.13.0
 + tables==3.11.1
 + tenacity==9.1.2
 + tqdm==4.67.1
 + traitlets==5.14.3
 + typer-slim==0.21.1
 + typing-extensions==4.15.0
 + urllib3==2.6.3
 + us==3.2.0
 + wcwidth==0.5.0
 + wheel==0.46.3
