============================= test session starts ==============================
platform darwin -- Python 3.9.15, pytest-5.4.3, py-1.11.0, pluggy-0.13.1
rootdir: /Users/nick/policyengine/openfisca-us
plugins: dependency-0.5.1, anyio-3.6.2
collected 117 items

policyengine_us/tests/policy/baseline/gov/states/mo/tax/income/adjusted_gross_income/mo_adjusted_gross_income.yaml .....
policyengine_us/tests/policy/baseline/gov/states/mo/tax/income/credits/mo_property_tax_credit/mo_property_tax_credit.yaml ...
policyengine_us/tests/policy/baseline/gov/states/mo/tax/income/credits/mo_property_tax_credit/mo_property_tax_credit_amount.yaml ..
policyengine_us/tests/policy/baseline/gov/states/mo/tax/income/credits/mo_property_tax_credit/mo_property_tax_credit_demographic_tests.yaml .....
policyengine_us/tests/policy/baseline/gov/states/mo/tax/income/credits/mo_property_tax_credit/mo_property_tax_credit_public_assistance.yaml ...
policyengine_us/tests/policy/baseline/gov/states/mo/tax/income/deductions/mo_federal_income_tax_deduction.yaml .........
policyengine_us/tests/policy/baseline/gov/states/mo/tax/income/deductions/mo_itemized_deductions.yaml ...
policyengine_us/tests/policy/baseline/gov/states/mo/tax/income/deductions/mo_pension_and_ss_or_ssd_deduction/mo_pension_and_ss_or_ssd_deduction.yaml .....
policyengine_us/tests/policy/baseline/gov/states/mo/tax/income/deductions/mo_pension_and_ss_or_ssd_deduction/mo_pension_and_ss_or_ssd_deduction_section_a.yaml FFFFFFFFF
policyengine_us/tests/policy/baseline/gov/states/mo/tax/income/deductions/mo_pension_and_ss_or_ssd_deduction/mo_pension_and_ss_or_ssd_deduction_section_b.yaml FFFFFFFFF
policyengine_us/tests/policy/baseline/gov/states/mo/tax/income/deductions/mo_pension_and_ss_or_ssd_deduction/mo_pension_and_ss_or_ssd_deduction_section_c.yaml FFFFFFFFFFFFF
policyengine_us/tests/policy/baseline/gov/states/mo/tax/income/deductions/mo_pension_and_ss_or_ssd_deduction/integration_tests/mo_pension_and_ss_or_ssd.yaml FFFFFFFFFF
policyengine_us/tests/policy/baseline/gov/states/mo/tax/income/income_tax/mo_income_tax.yaml ...
policyengine_us/tests/policy/baseline/gov/states/mo/tax/income/income_tax/mo_income_tax_before_credits.yaml ....
policyengine_us/tests/policy/baseline/gov/states/mo/tax/income/subtractions/mo_qualified_health_insurance_premiums.yaml ......
policyengine_us/tests/policy/baseline/gov/states/mo/tax/income/taxable_income/mo_net_state_income_taxes.yaml ...
policyengine_us/tests/policy/baseline/gov/states/mo/tax/income/taxable_income/mo_taxable_income.yaml FF
policyengine_us/tests/policy/baseline/gov/states/mo/tax/tax_sim/mo_adjusted_gross_income.yaml ...
policyengine_us/tests/policy/baseline/gov/states/mo/tax/tax_sim/mo_income_tax.yaml FFFFFFF
policyengine_us/tests/policy/baseline/gov/states/mo/tax/tax_sim/mo_itemized_deductions.yaml ..
policyengine_us/tests/policy/baseline/gov/states/mo/tax/tax_sim/mo_property_tax_credit.yaml ..
policyengine_us/tests/policy/baseline/gov/states/mo/tax/tax_sim/mo_taxable_income.yaml FFF
policyengine_us/tests/policy/baseline/gov/states/mo/tax/tax_sim/scenarios/mo_income_tax_by_family_structure.yaml FFFFFF

=================================== FAILURES ===================================
_________________________________ test session _________________________________
../../opt/anaconda3/envs/policyengine/lib/python3.9/site-packages/_pytest/runner.py:244: in from_call
    result = func()
../../opt/anaconda3/envs/policyengine/lib/python3.9/site-packages/_pytest/runner.py:217: in <lambda>
    lambda: ihook(item=item, **kwds), when=when, reraise=reraise
../../opt/anaconda3/envs/policyengine/lib/python3.9/site-packages/pluggy/hooks.py:286: in __call__
    return self._hookexec(self, self.get_hookimpls(), kwargs)
../../opt/anaconda3/envs/policyengine/lib/python3.9/site-packages/pluggy/manager.py:93: in _hookexec
    return self._inner_hookexec(hook, methods, kwargs)
../../opt/anaconda3/envs/policyengine/lib/python3.9/site-packages/pluggy/manager.py:84: in <lambda>
    self._inner_hookexec = lambda hook, methods, kwargs: hook.multicall(
../../opt/anaconda3/envs/policyengine/lib/python3.9/site-packages/pluggy/callers.py:208: in _multicall
    return outcome.get_result()
../../opt/anaconda3/envs/policyengine/lib/python3.9/site-packages/pluggy/callers.py:80: in get_result
    raise ex[1].with_traceback(ex[2])
../../opt/anaconda3/envs/policyengine/lib/python3.9/site-packages/pluggy/callers.py:187: in _multicall
    res = hook_impl.function(*args)
../../opt/anaconda3/envs/policyengine/lib/python3.9/site-packages/_pytest/runner.py:143: in pytest_runtest_call
    raise e
../../opt/anaconda3/envs/policyengine/lib/python3.9/site-packages/_pytest/runner.py:135: in pytest_runtest_call
    item.runtest()
../../opt/anaconda3/envs/policyengine/lib/python3.9/site-packages/policyengine_core/tools/test_runner.py:260: in runtest
    self.check_output()
../../opt/anaconda3/envs/policyengine/lib/python3.9/site-packages/policyengine_core/tools/test_runner.py:289: in check_output
    self.check_variable(
../../opt/anaconda3/envs/policyengine/lib/python3.9/site-packages/policyengine_core/tools/test_runner.py:332: in check_variable
    actual_value = self.simulation.calculate(variable_name, period)
../../opt/anaconda3/envs/policyengine/lib/python3.9/site-packages/policyengine_core/simulations/simulation.py:316: in calculate
    result = self._calculate(variable_name, period)
../../opt/anaconda3/envs/policyengine/lib/python3.9/site-packages/policyengine_core/simulations/simulation.py:460: in _calculate
    array = self._run_formula(variable, population, period)
../../opt/anaconda3/envs/policyengine/lib/python3.9/site-packages/policyengine_core/simulations/simulation.py:622: in _run_formula
    array = formula(population, period, parameters_at)
policyengine_us/variables/gov/states/mo/tax/income/deductions/mo_pension_and_ss_or_ssd_deduction_section_a.py:47: in formula
    p.mo_max_social_security_benefit
../../opt/anaconda3/envs/policyengine/lib/python3.9/site-packages/policyengine_core/parameters/parameter_node_at_instant.py:49: in __getattr__
    raise ParameterNotFoundError(param_name, self._instant_str)
E   policyengine_core.errors.parameter_not_found_error.ParameterNotFoundError: The parameter 'gov.states.mo.tax.income.deductions[mo_max_social_security_benefit]' was not found in the 2021-01-01 tax and benefit system.
_________________________________ test session _________________________________
../../opt/anaconda3/envs/policyengine/lib/python3.9/site-packages/_pytest/runner.py:244: in from_call
    result = func()
../../opt/anaconda3/envs/policyengine/lib/python3.9/site-packages/_pytest/runner.py:217: in <lambda>
    lambda: ihook(item=item, **kwds), when=when, reraise=reraise
../../opt/anaconda3/envs/policyengine/lib/python3.9/site-packages/pluggy/hooks.py:286: in __call__
    return self._hookexec(self, self.get_hookimpls(), kwargs)
../../opt/anaconda3/envs/policyengine/lib/python3.9/site-packages/pluggy/manager.py:93: in _hookexec
    return self._inner_hookexec(hook, methods, kwargs)
../../opt/anaconda3/envs/policyengine/lib/python3.9/site-packages/pluggy/manager.py:84: in <lambda>
    self._inner_hookexec = lambda hook, methods, kwargs: hook.multicall(
../../opt/anaconda3/envs/policyengine/lib/python3.9/site-packages/pluggy/callers.py:208: in _multicall
    return outcome.get_result()
../../opt/anaconda3/envs/policyengine/lib/python3.9/site-packages/pluggy/callers.py:80: in get_result
    raise ex[1].with_traceback(ex[2])
../../opt/anaconda3/envs/policyengine/lib/python3.9/site-packages/pluggy/callers.py:187: in _multicall
    res = hook_impl.function(*args)
../../opt/anaconda3/envs/policyengine/lib/python3.9/site-packages/_pytest/runner.py:143: in pytest_runtest_call
    raise e
../../opt/anaconda3/envs/policyengine/lib/python3.9/site-packages/_pytest/runner.py:135: in pytest_runtest_call
    item.runtest()
../../opt/anaconda3/envs/policyengine/lib/python3.9/site-packages/policyengine_core/tools/test_runner.py:260: in runtest
    self.check_output()
../../opt/anaconda3/envs/policyengine/lib/python3.9/site-packages/policyengine_core/tools/test_runner.py:289: in check_output
    self.check_variable(
../../opt/anaconda3/envs/policyengine/lib/python3.9/site-packages/policyengine_core/tools/test_runner.py:332: in check_variable
    actual_value = self.simulation.calculate(variable_name, period)
../../opt/anaconda3/envs/policyengine/lib/python3.9/site-packages/policyengine_core/simulations/simulation.py:316: in calculate
    result = self._calculate(variable_name, period)
../../opt/anaconda3/envs/policyengine/lib/python3.9/site-packages/policyengine_core/simulations/simulation.py:460: in _calculate
    array = self._run_formula(variable, population, period)
../../opt/anaconda3/envs/policyengine/lib/python3.9/site-packages/policyengine_core/simulations/simulation.py:622: in _run_formula
    array = formula(population, period, parameters_at)
policyengine_us/variables/gov/states/mo/tax/income/deductions/mo_pension_and_ss_or_ssd_deduction_section_a.py:47: in formula
    p.mo_max_social_security_benefit
../../opt/anaconda3/envs/policyengine/lib/python3.9/site-packages/policyengine_core/parameters/parameter_node_at_instant.py:49: in __getattr__
    raise ParameterNotFoundError(param_name, self._instant_str)
E   policyengine_core.errors.parameter_not_found_error.ParameterNotFoundError: The parameter 'gov.states.mo.tax.income.deductions[mo_max_social_security_benefit]' was not found in the 2021-01-01 tax and benefit system.
_________________________________ test session _________________________________
../../opt/anaconda3/envs/policyengine/lib/python3.9/site-packages/_pytest/runner.py:244: in from_call
    result = func()
../../opt/anaconda3/envs/policyengine/lib/python3.9/site-packages/_pytest/runner.py:217: in <lambda>
    lambda: ihook(item=item, **kwds), when=when, reraise=reraise
../../opt/anaconda3/envs/policyengine/lib/python3.9/site-packages/pluggy/hooks.py:286: in __call__
    return self._hookexec(self, self.get_hookimpls(), kwargs)
../../opt/anaconda3/envs/policyengine/lib/python3.9/site-packages/pluggy/manager.py:93: in _hookexec
    return self._inner_hookexec(hook, methods, kwargs)
../../opt/anaconda3/envs/policyengine/lib/python3.9/site-packages/pluggy/manager.py:84: in <lambda>
    self._inner_hookexec = lambda hook, methods, kwargs: hook.multicall(
../../opt/anaconda3/envs/policyengine/lib/python3.9/site-packages/pluggy/callers.py:208: in _multicall
    return outcome.get_result()
../../opt/anaconda3/envs/policyengine/lib/python3.9/site-packages/pluggy/callers.py:80: in get_result
    raise ex[1].with_traceback(ex[2])
../../opt/anaconda3/envs/policyengine/lib/python3.9/site-packages/pluggy/callers.py:187: in _multicall
    res = hook_impl.function(*args)
../../opt/anaconda3/envs/policyengine/lib/python3.9/site-packages/_pytest/runner.py:143: in pytest_runtest_call
    raise e
../../opt/anaconda3/envs/policyengine/lib/python3.9/site-packages/_pytest/runner.py:135: in pytest_runtest_call
    item.runtest()
../../opt/anaconda3/envs/policyengine/lib/python3.9/site-packages/policyengine_core/tools/test_runner.py:260: in runtest
    self.check_output()
../../opt/anaconda3/envs/policyengine/lib/python3.9/site-packages/policyengine_core/tools/test_runner.py:289: in check_output
    self.check_variable(
../../opt/anaconda3/envs/policyengine/lib/python3.9/site-packages/policyengine_core/tools/test_runner.py:332: in check_variable
    actual_value = self.simulation.calculate(variable_name, period)
../../opt/anaconda3/envs/policyengine/lib/python3.9/site-packages/policyengine_core/simulations/simulation.py:316: in calculate
    result = self._calculate(variable_name, period)
../../opt/anaconda3/envs/policyengine/lib/python3.9/site-packages/policyengine_core/simulations/simulation.py:460: in _calculate
    array = self._run_formula(variable, population, period)
../../opt/anaconda3/envs/policyengine/lib/python3.9/site-packages/policyengine_core/simulations/simulation.py:622: in _run_formula
    array = formula(population, period, parameters_at)
policyengine_us/variables/gov/states/mo/tax/income/deductions/mo_pension_and_ss_or_ssd_deduction_section_a.py:47: in formula
    p.mo_max_social_security_benefit
../../opt/anaconda3/envs/policyengine/lib/python3.9/site-packages/policyengine_core/parameters/parameter_node_at_instant.py:49: in __getattr__
    raise ParameterNotFoundError(param_name, self._instant_str)
E   policyengine_core.errors.parameter_not_found_error.ParameterNotFoundError: The parameter 'gov.states.mo.tax.income.deductions[mo_max_social_security_benefit]' was not found in the 2021-01-01 tax and benefit system.
_________________________________ test session _________________________________
../../opt/anaconda3/envs/policyengine/lib/python3.9/site-packages/_pytest/runner.py:244: in from_call
    result = func()
../../opt/anaconda3/envs/policyengine/lib/python3.9/site-packages/_pytest/runner.py:217: in <lambda>
    lambda: ihook(item=item, **kwds), when=when, reraise=reraise
../../opt/anaconda3/envs/policyengine/lib/python3.9/site-packages/pluggy/hooks.py:286: in __call__
    return self._hookexec(self, self.get_hookimpls(), kwargs)
../../opt/anaconda3/envs/policyengine/lib/python3.9/site-packages/pluggy/manager.py:93: in _hookexec
    return self._inner_hookexec(hook, methods, kwargs)
../../opt/anaconda3/envs/policyengine/lib/python3.9/site-packages/pluggy/manager.py:84: in <lambda>
    self._inner_hookexec = lambda hook, methods, kwargs: hook.multicall(
../../opt/anaconda3/envs/policyengine/lib/python3.9/site-packages/pluggy/callers.py:208: in _multicall
    return outcome.get_result()
../../opt/anaconda3/envs/policyengine/lib/python3.9/site-packages/pluggy/callers.py:80: in get_result
    raise ex[1].with_traceback(ex[2])
../../opt/anaconda3/envs/policyengine/lib/python3.9/site-packages/pluggy/callers.py:187: in _multicall
    res = hook_impl.function(*args)
../../opt/anaconda3/envs/policyengine/lib/python3.9/site-packages/_pytest/runner.py:143: in pytest_runtest_call
    raise e
../../opt/anaconda3/envs/policyengine/lib/python3.9/site-packages/_pytest/runner.py:135: in pytest_runtest_call
    item.runtest()
../../opt/anaconda3/envs/policyengine/lib/python3.9/site-packages/policyengine_core/tools/test_runner.py:260: in runtest
    self.check_output()
../../opt/anaconda3/envs/policyengine/lib/python3.9/site-packages/policyengine_core/tools/test_runner.py:289: in check_output
    self.check_variable(
../../opt/anaconda3/envs/policyengine/lib/python3.9/site-packages/policyengine_core/tools/test_runner.py:332: in check_variable
    actual_value = self.simulation.calculate(variable_name, period)
../../opt/anaconda3/envs/policyengine/lib/python3.9/site-packages/policyengine_core/simulations/simulation.py:316: in calculate
    result = self._calculate(variable_name, period)
../../opt/anaconda3/envs/policyengine/lib/python3.9/site-packages/policyengine_core/simulations/simulation.py:460: in _calculate
    array = self._run_formula(variable, population, period)
../../opt/anaconda3/envs/policyengine/lib/python3.9/site-packages/policyengine_core/simulations/simulation.py:622: in _run_formula
    array = formula(population, period, parameters_at)
policyengine_us/variables/gov/states/mo/tax/income/deductions/mo_pension_and_ss_or_ssd_deduction_section_a.py:47: in formula
    p.mo_max_social_security_benefit
../../opt/anaconda3/envs/policyengine/lib/python3.9/site-packages/policyengine_core/parameters/parameter_node_at_instant.py:49: in __getattr__
    raise ParameterNotFoundError(param_name, self._instant_str)
E   policyengine_core.errors.parameter_not_found_error.ParameterNotFoundError: The parameter 'gov.states.mo.tax.income.deductions[mo_max_social_security_benefit]' was not found in the 2021-01-01 tax and benefit system.
_________________________________ test session _________________________________
../../opt/anaconda3/envs/policyengine/lib/python3.9/site-packages/_pytest/runner.py:244: in from_call
    result = func()
../../opt/anaconda3/envs/policyengine/lib/python3.9/site-packages/_pytest/runner.py:217: in <lambda>
    lambda: ihook(item=item, **kwds), when=when, reraise=reraise
../../opt/anaconda3/envs/policyengine/lib/python3.9/site-packages/pluggy/hooks.py:286: in __call__
    return self._hookexec(self, self.get_hookimpls(), kwargs)
../../opt/anaconda3/envs/policyengine/lib/python3.9/site-packages/pluggy/manager.py:93: in _hookexec
    return self._inner_hookexec(hook, methods, kwargs)
../../opt/anaconda3/envs/policyengine/lib/python3.9/site-packages/pluggy/manager.py:84: in <lambda>
    self._inner_hookexec = lambda hook, methods, kwargs: hook.multicall(
../../opt/anaconda3/envs/policyengine/lib/python3.9/site-packages/pluggy/callers.py:208: in _multicall
    return outcome.get_result()
../../opt/anaconda3/envs/policyengine/lib/python3.9/site-packages/pluggy/callers.py:80: in get_result
    raise ex[1].with_traceback(ex[2])
../../opt/anaconda3/envs/policyengine/lib/python3.9/site-packages/pluggy/callers.py:187: in _multicall
    res = hook_impl.function(*args)
../../opt/anaconda3/envs/policyengine/lib/python3.9/site-packages/_pytest/runner.py:143: in pytest_runtest_call
    raise e
../../opt/anaconda3/envs/policyengine/lib/python3.9/site-packages/_pytest/runner.py:135: in pytest_runtest_call
    item.runtest()
../../opt/anaconda3/envs/policyengine/lib/python3.9/site-packages/policyengine_core/tools/test_runner.py:260: in runtest
    self.check_output()
../../opt/anaconda3/envs/policyengine/lib/python3.9/site-packages/policyengine_core/tools/test_runner.py:289: in check_output
    self.check_variable(
../../opt/anaconda3/envs/policyengine/lib/python3.9/site-packages/policyengine_core/tools/test_runner.py:332: in check_variable
    actual_value = self.simulation.calculate(variable_name, period)
../../opt/anaconda3/envs/policyengine/lib/python3.9/site-packages/policyengine_core/simulations/simulation.py:316: in calculate
    result = self._calculate(variable_name, period)
../../opt/anaconda3/envs/policyengine/lib/python3.9/site-packages/policyengine_core/simulations/simulation.py:460: in _calculate
    array = self._run_formula(variable, population, period)
../../opt/anaconda3/envs/policyengine/lib/python3.9/site-packages/policyengine_core/simulations/simulation.py:622: in _run_formula
    array = formula(population, period, parameters_at)
policyengine_us/variables/gov/states/mo/tax/income/deductions/mo_pension_and_ss_or_ssd_deduction_section_a.py:47: in formula
    p.mo_max_social_security_benefit
../../opt/anaconda3/envs/policyengine/lib/python3.9/site-packages/policyengine_core/parameters/parameter_node_at_instant.py:49: in __getattr__
    raise ParameterNotFoundError(param_name, self._instant_str)
E   policyengine_core.errors.parameter_not_found_error.ParameterNotFoundError: The parameter 'gov.states.mo.tax.income.deductions[mo_max_social_security_benefit]' was not found in the 2021-01-01 tax and benefit system.
_________________________________ test session _________________________________
../../opt/anaconda3/envs/policyengine/lib/python3.9/site-packages/_pytest/runner.py:244: in from_call
    result = func()
../../opt/anaconda3/envs/policyengine/lib/python3.9/site-packages/_pytest/runner.py:217: in <lambda>
    lambda: ihook(item=item, **kwds), when=when, reraise=reraise
../../opt/anaconda3/envs/policyengine/lib/python3.9/site-packages/pluggy/hooks.py:286: in __call__
    return self._hookexec(self, self.get_hookimpls(), kwargs)
../../opt/anaconda3/envs/policyengine/lib/python3.9/site-packages/pluggy/manager.py:93: in _hookexec
    return self._inner_hookexec(hook, methods, kwargs)
../../opt/anaconda3/envs/policyengine/lib/python3.9/site-packages/pluggy/manager.py:84: in <lambda>
    self._inner_hookexec = lambda hook, methods, kwargs: hook.multicall(
../../opt/anaconda3/envs/policyengine/lib/python3.9/site-packages/pluggy/callers.py:208: in _multicall
    return outcome.get_result()
../../opt/anaconda3/envs/policyengine/lib/python3.9/site-packages/pluggy/callers.py:80: in get_result
    raise ex[1].with_traceback(ex[2])
../../opt/anaconda3/envs/policyengine/lib/python3.9/site-packages/pluggy/callers.py:187: in _multicall
    res = hook_impl.function(*args)
../../opt/anaconda3/envs/policyengine/lib/python3.9/site-packages/_pytest/runner.py:143: in pytest_runtest_call
    raise e
../../opt/anaconda3/envs/policyengine/lib/python3.9/site-packages/_pytest/runner.py:135: in pytest_runtest_call
    item.runtest()
../../opt/anaconda3/envs/policyengine/lib/python3.9/site-packages/policyengine_core/tools/test_runner.py:260: in runtest
    self.check_output()
../../opt/anaconda3/envs/policyengine/lib/python3.9/site-packages/policyengine_core/tools/test_runner.py:289: in check_output
    self.check_variable(
../../opt/anaconda3/envs/policyengine/lib/python3.9/site-packages/policyengine_core/tools/test_runner.py:332: in check_variable
    actual_value = self.simulation.calculate(variable_name, period)
../../opt/anaconda3/envs/policyengine/lib/python3.9/site-packages/policyengine_core/simulations/simulation.py:316: in calculate
    result = self._calculate(variable_name, period)
../../opt/anaconda3/envs/policyengine/lib/python3.9/site-packages/policyengine_core/simulations/simulation.py:460: in _calculate
    array = self._run_formula(variable, population, period)
../../opt/anaconda3/envs/policyengine/lib/python3.9/site-packages/policyengine_core/simulations/simulation.py:622: in _run_formula
    array = formula(population, period, parameters_at)
policyengine_us/variables/gov/states/mo/tax/income/deductions/mo_pension_and_ss_or_ssd_deduction_section_a.py:47: in formula
    p.mo_max_social_security_benefit
../../opt/anaconda3/envs/policyengine/lib/python3.9/site-packages/policyengine_core/parameters/parameter_node_at_instant.py:49: in __getattr__
    raise ParameterNotFoundError(param_name, self._instant_str)
E   policyengine_core.errors.parameter_not_found_error.ParameterNotFoundError: The parameter 'gov.states.mo.tax.income.deductions[mo_max_social_security_benefit]' was not found in the 2021-01-01 tax and benefit system.
_________________________________ test session _________________________________
../../opt/anaconda3/envs/policyengine/lib/python3.9/site-packages/_pytest/runner.py:244: in from_call
    result = func()
../../opt/anaconda3/envs/policyengine/lib/python3.9/site-packages/_pytest/runner.py:217: in <lambda>
    lambda: ihook(item=item, **kwds), when=when, reraise=reraise
../../opt/anaconda3/envs/policyengine/lib/python3.9/site-packages/pluggy/hooks.py:286: in __call__
    return self._hookexec(self, self.get_hookimpls(), kwargs)
../../opt/anaconda3/envs/policyengine/lib/python3.9/site-packages/pluggy/manager.py:93: in _hookexec
    return self._inner_hookexec(hook, methods, kwargs)
../../opt/anaconda3/envs/policyengine/lib/python3.9/site-packages/pluggy/manager.py:84: in <lambda>
    self._inner_hookexec = lambda hook, methods, kwargs: hook.multicall(
../../opt/anaconda3/envs/policyengine/lib/python3.9/site-packages/pluggy/callers.py:208: in _multicall
    return outcome.get_result()
../../opt/anaconda3/envs/policyengine/lib/python3.9/site-packages/pluggy/callers.py:80: in get_result
    raise ex[1].with_traceback(ex[2])
../../opt/anaconda3/envs/policyengine/lib/python3.9/site-packages/pluggy/callers.py:187: in _multicall
    res = hook_impl.function(*args)
../../opt/anaconda3/envs/policyengine/lib/python3.9/site-packages/_pytest/runner.py:143: in pytest_runtest_call
    raise e
../../opt/anaconda3/envs/policyengine/lib/python3.9/site-packages/_pytest/runner.py:135: in pytest_runtest_call
    item.runtest()
../../opt/anaconda3/envs/policyengine/lib/python3.9/site-packages/policyengine_core/tools/test_runner.py:260: in runtest
    self.check_output()
../../opt/anaconda3/envs/policyengine/lib/python3.9/site-packages/policyengine_core/tools/test_runner.py:289: in check_output
    self.check_variable(
../../opt/anaconda3/envs/policyengine/lib/python3.9/site-packages/policyengine_core/tools/test_runner.py:332: in check_variable
    actual_value = self.simulation.calculate(variable_name, period)
../../opt/anaconda3/envs/policyengine/lib/python3.9/site-packages/policyengine_core/simulations/simulation.py:316: in calculate
    result = self._calculate(variable_name, period)
../../opt/anaconda3/envs/policyengine/lib/python3.9/site-packages/policyengine_core/simulations/simulation.py:460: in _calculate
    array = self._run_formula(variable, population, period)
../../opt/anaconda3/envs/policyengine/lib/python3.9/site-packages/policyengine_core/simulations/simulation.py:622: in _run_formula
    array = formula(population, period, parameters_at)
policyengine_us/variables/gov/states/mo/tax/income/deductions/mo_pension_and_ss_or_ssd_deduction_section_a.py:47: in formula
    p.mo_max_social_security_benefit
../../opt/anaconda3/envs/policyengine/lib/python3.9/site-packages/policyengine_core/parameters/parameter_node_at_instant.py:49: in __getattr__
    raise ParameterNotFoundError(param_name, self._instant_str)
E   policyengine_core.errors.parameter_not_found_error.ParameterNotFoundError: The parameter 'gov.states.mo.tax.income.deductions[mo_max_social_security_benefit]' was not found in the 2021-01-01 tax and benefit system.
_________________________________ test session _________________________________
../../opt/anaconda3/envs/policyengine/lib/python3.9/site-packages/_pytest/runner.py:244: in from_call
    result = func()
../../opt/anaconda3/envs/policyengine/lib/python3.9/site-packages/_pytest/runner.py:217: in <lambda>
    lambda: ihook(item=item, **kwds), when=when, reraise=reraise
../../opt/anaconda3/envs/policyengine/lib/python3.9/site-packages/pluggy/hooks.py:286: in __call__
    return self._hookexec(self, self.get_hookimpls(), kwargs)
../../opt/anaconda3/envs/policyengine/lib/python3.9/site-packages/pluggy/manager.py:93: in _hookexec
    return self._inner_hookexec(hook, methods, kwargs)
../../opt/anaconda3/envs/policyengine/lib/python3.9/site-packages/pluggy/manager.py:84: in <lambda>
    self._inner_hookexec = lambda hook, methods, kwargs: hook.multicall(
../../opt/anaconda3/envs/policyengine/lib/python3.9/site-packages/pluggy/callers.py:208: in _multicall
    return outcome.get_result()
../../opt/anaconda3/envs/policyengine/lib/python3.9/site-packages/pluggy/callers.py:80: in get_result
    raise ex[1].with_traceback(ex[2])
../../opt/anaconda3/envs/policyengine/lib/python3.9/site-packages/pluggy/callers.py:187: in _multicall
    res = hook_impl.function(*args)
../../opt/anaconda3/envs/policyengine/lib/python3.9/site-packages/_pytest/runner.py:143: in pytest_runtest_call
    raise e
../../opt/anaconda3/envs/policyengine/lib/python3.9/site-packages/_pytest/runner.py:135: in pytest_runtest_call
    item.runtest()
../../opt/anaconda3/envs/policyengine/lib/python3.9/site-packages/policyengine_core/tools/test_runner.py:260: in runtest
    self.check_output()
../../opt/anaconda3/envs/policyengine/lib/python3.9/site-packages/policyengine_core/tools/test_runner.py:289: in check_output
    self.check_variable(
../../opt/anaconda3/envs/policyengine/lib/python3.9/site-packages/policyengine_core/tools/test_runner.py:332: in check_variable
    actual_value = self.simulation.calculate(variable_name, period)
../../opt/anaconda3/envs/policyengine/lib/python3.9/site-packages/policyengine_core/simulations/simulation.py:316: in calculate
    result = self._calculate(variable_name, period)
../../opt/anaconda3/envs/policyengine/lib/python3.9/site-packages/policyengine_core/simulations/simulation.py:460: in _calculate
    array = self._run_formula(variable, population, period)
../../opt/anaconda3/envs/policyengine/lib/python3.9/site-packages/policyengine_core/simulations/simulation.py:622: in _run_formula
    array = formula(population, period, parameters_at)
policyengine_us/variables/gov/states/mo/tax/income/deductions/mo_pension_and_ss_or_ssd_deduction_section_a.py:47: in formula
    p.mo_max_social_security_benefit
../../opt/anaconda3/envs/policyengine/lib/python3.9/site-packages/policyengine_core/parameters/parameter_node_at_instant.py:49: in __getattr__
    raise ParameterNotFoundError(param_name, self._instant_str)
E   policyengine_core.errors.parameter_not_found_error.ParameterNotFoundError: The parameter 'gov.states.mo.tax.income.deductions[mo_max_social_security_benefit]' was not found in the 2021-01-01 tax and benefit system.
_________________________________ test session _________________________________
../../opt/anaconda3/envs/policyengine/lib/python3.9/site-packages/_pytest/runner.py:244: in from_call
    result = func()
../../opt/anaconda3/envs/policyengine/lib/python3.9/site-packages/_pytest/runner.py:217: in <lambda>
    lambda: ihook(item=item, **kwds), when=when, reraise=reraise
../../opt/anaconda3/envs/policyengine/lib/python3.9/site-packages/pluggy/hooks.py:286: in __call__
    return self._hookexec(self, self.get_hookimpls(), kwargs)
../../opt/anaconda3/envs/policyengine/lib/python3.9/site-packages/pluggy/manager.py:93: in _hookexec
    return self._inner_hookexec(hook, methods, kwargs)
../../opt/anaconda3/envs/policyengine/lib/python3.9/site-packages/pluggy/manager.py:84: in <lambda>
    self._inner_hookexec = lambda hook, methods, kwargs: hook.multicall(
../../opt/anaconda3/envs/policyengine/lib/python3.9/site-packages/pluggy/callers.py:208: in _multicall
    return outcome.get_result()
../../opt/anaconda3/envs/policyengine/lib/python3.9/site-packages/pluggy/callers.py:80: in get_result
    raise ex[1].with_traceback(ex[2])
../../opt/anaconda3/envs/policyengine/lib/python3.9/site-packages/pluggy/callers.py:187: in _multicall
    res = hook_impl.function(*args)
../../opt/anaconda3/envs/policyengine/lib/python3.9/site-packages/_pytest/runner.py:143: in pytest_runtest_call
    raise e
../../opt/anaconda3/envs/policyengine/lib/python3.9/site-packages/_pytest/runner.py:135: in pytest_runtest_call
    item.runtest()
../../opt/anaconda3/envs/policyengine/lib/python3.9/site-packages/policyengine_core/tools/test_runner.py:260: in runtest
    self.check_output()
../../opt/anaconda3/envs/policyengine/lib/python3.9/site-packages/policyengine_core/tools/test_runner.py:289: in check_output
    self.check_variable(
../../opt/anaconda3/envs/policyengine/lib/python3.9/site-packages/policyengine_core/tools/test_runner.py:332: in check_variable
    actual_value = self.simulation.calculate(variable_name, period)
../../opt/anaconda3/envs/policyengine/lib/python3.9/site-packages/policyengine_core/simulations/simulation.py:316: in calculate
    result = self._calculate(variable_name, period)
../../opt/anaconda3/envs/policyengine/lib/python3.9/site-packages/policyengine_core/simulations/simulation.py:460: in _calculate
    array = self._run_formula(variable, population, period)
../../opt/anaconda3/envs/policyengine/lib/python3.9/site-packages/policyengine_core/simulations/simulation.py:622: in _run_formula
    array = formula(population, period, parameters_at)
policyengine_us/variables/gov/states/mo/tax/income/deductions/mo_pension_and_ss_or_ssd_deduction_section_a.py:47: in formula
    p.mo_max_social_security_benefit
../../opt/anaconda3/envs/policyengine/lib/python3.9/site-packages/policyengine_core/parameters/parameter_node_at_instant.py:49: in __getattr__
    raise ParameterNotFoundError(param_name, self._instant_str)
E   policyengine_core.errors.parameter_not_found_error.ParameterNotFoundError: The parameter 'gov.states.mo.tax.income.deductions[mo_max_social_security_benefit]' was not found in the 2021-01-01 tax and benefit system.
_________________________________ test session _________________________________
../../opt/anaconda3/envs/policyengine/lib/python3.9/site-packages/_pytest/runner.py:244: in from_call
    result = func()
../../opt/anaconda3/envs/policyengine/lib/python3.9/site-packages/_pytest/runner.py:217: in <lambda>
    lambda: ihook(item=item, **kwds), when=when, reraise=reraise
../../opt/anaconda3/envs/policyengine/lib/python3.9/site-packages/pluggy/hooks.py:286: in __call__
    return self._hookexec(self, self.get_hookimpls(), kwargs)
../../opt/anaconda3/envs/policyengine/lib/python3.9/site-packages/pluggy/manager.py:93: in _hookexec
    return self._inner_hookexec(hook, methods, kwargs)
../../opt/anaconda3/envs/policyengine/lib/python3.9/site-packages/pluggy/manager.py:84: in <lambda>
    self._inner_hookexec = lambda hook, methods, kwargs: hook.multicall(
../../opt/anaconda3/envs/policyengine/lib/python3.9/site-packages/pluggy/callers.py:208: in _multicall
    return outcome.get_result()
../../opt/anaconda3/envs/policyengine/lib/python3.9/site-packages/pluggy/callers.py:80: in get_result
    raise ex[1].with_traceback(ex[2])
../../opt/anaconda3/envs/policyengine/lib/python3.9/site-packages/pluggy/callers.py:187: in _multicall
    res = hook_impl.function(*args)
../../opt/anaconda3/envs/policyengine/lib/python3.9/site-packages/_pytest/runner.py:143: in pytest_runtest_call
    raise e
../../opt/anaconda3/envs/policyengine/lib/python3.9/site-packages/_pytest/runner.py:135: in pytest_runtest_call
    item.runtest()
../../opt/anaconda3/envs/policyengine/lib/python3.9/site-packages/policyengine_core/tools/test_runner.py:260: in runtest
    self.check_output()
../../opt/anaconda3/envs/policyengine/lib/python3.9/site-packages/policyengine_core/tools/test_runner.py:289: in check_output
    self.check_variable(
../../opt/anaconda3/envs/policyengine/lib/python3.9/site-packages/policyengine_core/tools/test_runner.py:332: in check_variable
    actual_value = self.simulation.calculate(variable_name, period)
../../opt/anaconda3/envs/policyengine/lib/python3.9/site-packages/policyengine_core/simulations/simulation.py:316: in calculate
    result = self._calculate(variable_name, period)
../../opt/anaconda3/envs/policyengine/lib/python3.9/site-packages/policyengine_core/simulations/simulation.py:460: in _calculate
    array = self._run_formula(variable, population, period)
../../opt/anaconda3/envs/policyengine/lib/python3.9/site-packages/policyengine_core/simulations/simulation.py:622: in _run_formula
    array = formula(population, period, parameters_at)
policyengine_us/variables/gov/states/mo/tax/income/deductions/mo_pension_and_ss_or_ssd_deduction_section_b.py:34: in formula
    private_pension_allowance = p.mo_private_pension_deduction_allowance[
../../opt/anaconda3/envs/policyengine/lib/python3.9/site-packages/policyengine_core/parameters/parameter_node_at_instant.py:49: in __getattr__
    raise ParameterNotFoundError(param_name, self._instant_str)
E   policyengine_core.errors.parameter_not_found_error.ParameterNotFoundError: The parameter 'gov.states.mo.tax.income.deductions[mo_private_pension_deduction_allowance]' was not found in the 2021-01-01 tax and benefit system.
_________________________________ test session _________________________________
../../opt/anaconda3/envs/policyengine/lib/python3.9/site-packages/_pytest/runner.py:244: in from_call
    result = func()
../../opt/anaconda3/envs/policyengine/lib/python3.9/site-packages/_pytest/runner.py:217: in <lambda>
    lambda: ihook(item=item, **kwds), when=when, reraise=reraise
../../opt/anaconda3/envs/policyengine/lib/python3.9/site-packages/pluggy/hooks.py:286: in __call__
    return self._hookexec(self, self.get_hookimpls(), kwargs)
../../opt/anaconda3/envs/policyengine/lib/python3.9/site-packages/pluggy/manager.py:93: in _hookexec
    return self._inner_hookexec(hook, methods, kwargs)
../../opt/anaconda3/envs/policyengine/lib/python3.9/site-packages/pluggy/manager.py:84: in <lambda>
    self._inner_hookexec = lambda hook, methods, kwargs: hook.multicall(
../../opt/anaconda3/envs/policyengine/lib/python3.9/site-packages/pluggy/callers.py:208: in _multicall
    return outcome.get_result()
../../opt/anaconda3/envs/policyengine/lib/python3.9/site-packages/pluggy/callers.py:80: in get_result
    raise ex[1].with_traceback(ex[2])
../../opt/anaconda3/envs/policyengine/lib/python3.9/site-packages/pluggy/callers.py:187: in _multicall
    res = hook_impl.function(*args)
../../opt/anaconda3/envs/policyengine/lib/python3.9/site-packages/_pytest/runner.py:143: in pytest_runtest_call
    raise e
../../opt/anaconda3/envs/policyengine/lib/python3.9/site-packages/_pytest/runner.py:135: in pytest_runtest_call
    item.runtest()
../../opt/anaconda3/envs/policyengine/lib/python3.9/site-packages/policyengine_core/tools/test_runner.py:260: in runtest
    self.check_output()
../../opt/anaconda3/envs/policyengine/lib/python3.9/site-packages/policyengine_core/tools/test_runner.py:289: in check_output
    self.check_variable(
../../opt/anaconda3/envs/policyengine/lib/python3.9/site-packages/policyengine_core/tools/test_runner.py:332: in check_variable
    actual_value = self.simulation.calculate(variable_name, period)
../../opt/anaconda3/envs/policyengine/lib/python3.9/site-packages/policyengine_core/simulations/simulation.py:316: in calculate
    result = self._calculate(variable_name, period)
../../opt/anaconda3/envs/policyengine/lib/python3.9/site-packages/policyengine_core/simulations/simulation.py:460: in _calculate
    array = self._run_formula(variable, population, period)
../../opt/anaconda3/envs/policyengine/lib/python3.9/site-packages/policyengine_core/simulations/simulation.py:622: in _run_formula
    array = formula(population, period, parameters_at)
policyengine_us/variables/gov/states/mo/tax/income/deductions/mo_pension_and_ss_or_ssd_deduction_section_b.py:34: in formula
    private_pension_allowance = p.mo_private_pension_deduction_allowance[
../../opt/anaconda3/envs/policyengine/lib/python3.9/site-packages/policyengine_core/parameters/parameter_node_at_instant.py:49: in __getattr__
    raise ParameterNotFoundError(param_name, self._instant_str)
E   policyengine_core.errors.parameter_not_found_error.ParameterNotFoundError: The parameter 'gov.states.mo.tax.income.deductions[mo_private_pension_deduction_allowance]' was not found in the 2021-01-01 tax and benefit system.
_________________________________ test session _________________________________
../../opt/anaconda3/envs/policyengine/lib/python3.9/site-packages/_pytest/runner.py:244: in from_call
    result = func()
../../opt/anaconda3/envs/policyengine/lib/python3.9/site-packages/_pytest/runner.py:217: in <lambda>
    lambda: ihook(item=item, **kwds), when=when, reraise=reraise
../../opt/anaconda3/envs/policyengine/lib/python3.9/site-packages/pluggy/hooks.py:286: in __call__
    return self._hookexec(self, self.get_hookimpls(), kwargs)
../../opt/anaconda3/envs/policyengine/lib/python3.9/site-packages/pluggy/manager.py:93: in _hookexec
    return self._inner_hookexec(hook, methods, kwargs)
../../opt/anaconda3/envs/policyengine/lib/python3.9/site-packages/pluggy/manager.py:84: in <lambda>
    self._inner_hookexec = lambda hook, methods, kwargs: hook.multicall(
../../opt/anaconda3/envs/policyengine/lib/python3.9/site-packages/pluggy/callers.py:208: in _multicall
    return outcome.get_result()
../../opt/anaconda3/envs/policyengine/lib/python3.9/site-packages/pluggy/callers.py:80: in get_result
    raise ex[1].with_traceback(ex[2])
../../opt/anaconda3/envs/policyengine/lib/python3.9/site-packages/pluggy/callers.py:187: in _multicall
    res = hook_impl.function(*args)
../../opt/anaconda3/envs/policyengine/lib/python3.9/site-packages/_pytest/runner.py:143: in pytest_runtest_call
    raise e
../../opt/anaconda3/envs/policyengine/lib/python3.9/site-packages/_pytest/runner.py:135: in pytest_runtest_call
    item.runtest()
../../opt/anaconda3/envs/policyengine/lib/python3.9/site-packages/policyengine_core/tools/test_runner.py:260: in runtest
    self.check_output()
../../opt/anaconda3/envs/policyengine/lib/python3.9/site-packages/policyengine_core/tools/test_runner.py:289: in check_output
    self.check_variable(
../../opt/anaconda3/envs/policyengine/lib/python3.9/site-packages/policyengine_core/tools/test_runner.py:332: in check_variable
    actual_value = self.simulation.calculate(variable_name, period)
../../opt/anaconda3/envs/policyengine/lib/python3.9/site-packages/policyengine_core/simulations/simulation.py:316: in calculate
    result = self._calculate(variable_name, period)
../../opt/anaconda3/envs/policyengine/lib/python3.9/site-packages/policyengine_core/simulations/simulation.py:460: in _calculate
    array = self._run_formula(variable, population, period)
../../opt/anaconda3/envs/policyengine/lib/python3.9/site-packages/policyengine_core/simulations/simulation.py:622: in _run_formula
    array = formula(population, period, parameters_at)
policyengine_us/variables/gov/states/mo/tax/income/deductions/mo_pension_and_ss_or_ssd_deduction_section_b.py:34: in formula
    private_pension_allowance = p.mo_private_pension_deduction_allowance[
../../opt/anaconda3/envs/policyengine/lib/python3.9/site-packages/policyengine_core/parameters/parameter_node_at_instant.py:49: in __getattr__
    raise ParameterNotFoundError(param_name, self._instant_str)
E   policyengine_core.errors.parameter_not_found_error.ParameterNotFoundError: The parameter 'gov.states.mo.tax.income.deductions[mo_private_pension_deduction_allowance]' was not found in the 2021-01-01 tax and benefit system.
_________________________________ test session _________________________________
../../opt/anaconda3/envs/policyengine/lib/python3.9/site-packages/_pytest/runner.py:244: in from_call
    result = func()
../../opt/anaconda3/envs/policyengine/lib/python3.9/site-packages/_pytest/runner.py:217: in <lambda>
    lambda: ihook(item=item, **kwds), when=when, reraise=reraise
../../opt/anaconda3/envs/policyengine/lib/python3.9/site-packages/pluggy/hooks.py:286: in __call__
    return self._hookexec(self, self.get_hookimpls(), kwargs)
../../opt/anaconda3/envs/policyengine/lib/python3.9/site-packages/pluggy/manager.py:93: in _hookexec
    return self._inner_hookexec(hook, methods, kwargs)
../../opt/anaconda3/envs/policyengine/lib/python3.9/site-packages/pluggy/manager.py:84: in <lambda>
    self._inner_hookexec = lambda hook, methods, kwargs: hook.multicall(
../../opt/anaconda3/envs/policyengine/lib/python3.9/site-packages/pluggy/callers.py:208: in _multicall
    return outcome.get_result()
../../opt/anaconda3/envs/policyengine/lib/python3.9/site-packages/pluggy/callers.py:80: in get_result
    raise ex[1].with_traceback(ex[2])
../../opt/anaconda3/envs/policyengine/lib/python3.9/site-packages/pluggy/callers.py:187: in _multicall
    res = hook_impl.function(*args)
../../opt/anaconda3/envs/policyengine/lib/python3.9/site-packages/_pytest/runner.py:143: in pytest_runtest_call
    raise e
../../opt/anaconda3/envs/policyengine/lib/python3.9/site-packages/_pytest/runner.py:135: in pytest_runtest_call
    item.runtest()
../../opt/anaconda3/envs/policyengine/lib/python3.9/site-packages/policyengine_core/tools/test_runner.py:260: in runtest
    self.check_output()
../../opt/anaconda3/envs/policyengine/lib/python3.9/site-packages/policyengine_core/tools/test_runner.py:289: in check_output
    self.check_variable(
../../opt/anaconda3/envs/policyengine/lib/python3.9/site-packages/policyengine_core/tools/test_runner.py:332: in check_variable
    actual_value = self.simulation.calculate(variable_name, period)
../../opt/anaconda3/envs/policyengine/lib/python3.9/site-packages/policyengine_core/simulations/simulation.py:316: in calculate
    result = self._calculate(variable_name, period)
../../opt/anaconda3/envs/policyengine/lib/python3.9/site-packages/policyengine_core/simulations/simulation.py:460: in _calculate
    array = self._run_formula(variable, population, period)
../../opt/anaconda3/envs/policyengine/lib/python3.9/site-packages/policyengine_core/simulations/simulation.py:622: in _run_formula
    array = formula(population, period, parameters_at)
policyengine_us/variables/gov/states/mo/tax/income/deductions/mo_pension_and_ss_or_ssd_deduction_section_b.py:34: in formula
    private_pension_allowance = p.mo_private_pension_deduction_allowance[
../../opt/anaconda3/envs/policyengine/lib/python3.9/site-packages/policyengine_core/parameters/parameter_node_at_instant.py:49: in __getattr__
    raise ParameterNotFoundError(param_name, self._instant_str)
E   policyengine_core.errors.parameter_not_found_error.ParameterNotFoundError: The parameter 'gov.states.mo.tax.income.deductions[mo_private_pension_deduction_allowance]' was not found in the 2021-01-01 tax and benefit system.
_________________________________ test session _________________________________
../../opt/anaconda3/envs/policyengine/lib/python3.9/site-packages/_pytest/runner.py:244: in from_call
    result = func()
../../opt/anaconda3/envs/policyengine/lib/python3.9/site-packages/_pytest/runner.py:217: in <lambda>
    lambda: ihook(item=item, **kwds), when=when, reraise=reraise
../../opt/anaconda3/envs/policyengine/lib/python3.9/site-packages/pluggy/hooks.py:286: in __call__
    return self._hookexec(self, self.get_hookimpls(), kwargs)
../../opt/anaconda3/envs/policyengine/lib/python3.9/site-packages/pluggy/manager.py:93: in _hookexec
    return self._inner_hookexec(hook, methods, kwargs)
../../opt/anaconda3/envs/policyengine/lib/python3.9/site-packages/pluggy/manager.py:84: in <lambda>
    self._inner_hookexec = lambda hook, methods, kwargs: hook.multicall(
../../opt/anaconda3/envs/policyengine/lib/python3.9/site-packages/pluggy/callers.py:208: in _multicall
    return outcome.get_result()
../../opt/anaconda3/envs/policyengine/lib/python3.9/site-packages/pluggy/callers.py:80: in get_result
    raise ex[1].with_traceback(ex[2])
../../opt/anaconda3/envs/policyengine/lib/python3.9/site-packages/pluggy/callers.py:187: in _multicall
    res = hook_impl.function(*args)
../../opt/anaconda3/envs/policyengine/lib/python3.9/site-packages/_pytest/runner.py:143: in pytest_runtest_call
    raise e
../../opt/anaconda3/envs/policyengine/lib/python3.9/site-packages/_pytest/runner.py:135: in pytest_runtest_call
    item.runtest()
../../opt/anaconda3/envs/policyengine/lib/python3.9/site-packages/policyengine_core/tools/test_runner.py:260: in runtest
    self.check_output()
../../opt/anaconda3/envs/policyengine/lib/python3.9/site-packages/policyengine_core/tools/test_runner.py:289: in check_output
    self.check_variable(
../../opt/anaconda3/envs/policyengine/lib/python3.9/site-packages/policyengine_core/tools/test_runner.py:332: in check_variable
    actual_value = self.simulation.calculate(variable_name, period)
../../opt/anaconda3/envs/policyengine/lib/python3.9/site-packages/policyengine_core/simulations/simulation.py:316: in calculate
    result = self._calculate(variable_name, period)
../../opt/anaconda3/envs/policyengine/lib/python3.9/site-packages/policyengine_core/simulations/simulation.py:460: in _calculate
    array = self._run_formula(variable, population, period)
../../opt/anaconda3/envs/policyengine/lib/python3.9/site-packages/policyengine_core/simulations/simulation.py:622: in _run_formula
    array = formula(population, period, parameters_at)
policyengine_us/variables/gov/states/mo/tax/income/deductions/mo_pension_and_ss_or_ssd_deduction_section_b.py:34: in formula
    private_pension_allowance = p.mo_private_pension_deduction_allowance[
../../opt/anaconda3/envs/policyengine/lib/python3.9/site-packages/policyengine_core/parameters/parameter_node_at_instant.py:49: in __getattr__
    raise ParameterNotFoundError(param_name, self._instant_str)
E   policyengine_core.errors.parameter_not_found_error.ParameterNotFoundError: The parameter 'gov.states.mo.tax.income.deductions[mo_private_pension_deduction_allowance]' was not found in the 2021-01-01 tax and benefit system.
_________________________________ test session _________________________________
../../opt/anaconda3/envs/policyengine/lib/python3.9/site-packages/_pytest/runner.py:244: in from_call
    result = func()
../../opt/anaconda3/envs/policyengine/lib/python3.9/site-packages/_pytest/runner.py:217: in <lambda>
    lambda: ihook(item=item, **kwds), when=when, reraise=reraise
../../opt/anaconda3/envs/policyengine/lib/python3.9/site-packages/pluggy/hooks.py:286: in __call__
    return self._hookexec(self, self.get_hookimpls(), kwargs)
../../opt/anaconda3/envs/policyengine/lib/python3.9/site-packages/pluggy/manager.py:93: in _hookexec
    return self._inner_hookexec(hook, methods, kwargs)
../../opt/anaconda3/envs/policyengine/lib/python3.9/site-packages/pluggy/manager.py:84: in <lambda>
    self._inner_hookexec = lambda hook, methods, kwargs: hook.multicall(
../../opt/anaconda3/envs/policyengine/lib/python3.9/site-packages/pluggy/callers.py:208: in _multicall
    return outcome.get_result()
../../opt/anaconda3/envs/policyengine/lib/python3.9/site-packages/pluggy/callers.py:80: in get_result
    raise ex[1].with_traceback(ex[2])
../../opt/anaconda3/envs/policyengine/lib/python3.9/site-packages/pluggy/callers.py:187: in _multicall
    res = hook_impl.function(*args)
../../opt/anaconda3/envs/policyengine/lib/python3.9/site-packages/_pytest/runner.py:143: in pytest_runtest_call
    raise e
../../opt/anaconda3/envs/policyengine/lib/python3.9/site-packages/_pytest/runner.py:135: in pytest_runtest_call
    item.runtest()
../../opt/anaconda3/envs/policyengine/lib/python3.9/site-packages/policyengine_core/tools/test_runner.py:260: in runtest
    self.check_output()
../../opt/anaconda3/envs/policyengine/lib/python3.9/site-packages/policyengine_core/tools/test_runner.py:289: in check_output
    self.check_variable(
../../opt/anaconda3/envs/policyengine/lib/python3.9/site-packages/policyengine_core/tools/test_runner.py:332: in check_variable
    actual_value = self.simulation.calculate(variable_name, period)
../../opt/anaconda3/envs/policyengine/lib/python3.9/site-packages/policyengine_core/simulations/simulation.py:316: in calculate
    result = self._calculate(variable_name, period)
../../opt/anaconda3/envs/policyengine/lib/python3.9/site-packages/policyengine_core/simulations/simulation.py:460: in _calculate
    array = self._run_formula(variable, population, period)
../../opt/anaconda3/envs/policyengine/lib/python3.9/site-packages/policyengine_core/simulations/simulation.py:622: in _run_formula
    array = formula(population, period, parameters_at)
policyengine_us/variables/gov/states/mo/tax/income/deductions/mo_pension_and_ss_or_ssd_deduction_section_b.py:34: in formula
    private_pension_allowance = p.mo_private_pension_deduction_allowance[
../../opt/anaconda3/envs/policyengine/lib/python3.9/site-packages/policyengine_core/parameters/parameter_node_at_instant.py:49: in __getattr__
    raise ParameterNotFoundError(param_name, self._instant_str)
E   policyengine_core.errors.parameter_not_found_error.ParameterNotFoundError: The parameter 'gov.states.mo.tax.income.deductions[mo_private_pension_deduction_allowance]' was not found in the 2021-01-01 tax and benefit system.
_________________________________ test session _________________________________
../../opt/anaconda3/envs/policyengine/lib/python3.9/site-packages/_pytest/runner.py:244: in from_call
    result = func()
../../opt/anaconda3/envs/policyengine/lib/python3.9/site-packages/_pytest/runner.py:217: in <lambda>
    lambda: ihook(item=item, **kwds), when=when, reraise=reraise
../../opt/anaconda3/envs/policyengine/lib/python3.9/site-packages/pluggy/hooks.py:286: in __call__
    return self._hookexec(self, self.get_hookimpls(), kwargs)
../../opt/anaconda3/envs/policyengine/lib/python3.9/site-packages/pluggy/manager.py:93: in _hookexec
    return self._inner_hookexec(hook, methods, kwargs)
../../opt/anaconda3/envs/policyengine/lib/python3.9/site-packages/pluggy/manager.py:84: in <lambda>
    self._inner_hookexec = lambda hook, methods, kwargs: hook.multicall(
../../opt/anaconda3/envs/policyengine/lib/python3.9/site-packages/pluggy/callers.py:208: in _multicall
    return outcome.get_result()
../../opt/anaconda3/envs/policyengine/lib/python3.9/site-packages/pluggy/callers.py:80: in get_result
    raise ex[1].with_traceback(ex[2])
../../opt/anaconda3/envs/policyengine/lib/python3.9/site-packages/pluggy/callers.py:187: in _multicall
    res = hook_impl.function(*args)
../../opt/anaconda3/envs/policyengine/lib/python3.9/site-packages/_pytest/runner.py:143: in pytest_runtest_call
    raise e
../../opt/anaconda3/envs/policyengine/lib/python3.9/site-packages/_pytest/runner.py:135: in pytest_runtest_call
    item.runtest()
../../opt/anaconda3/envs/policyengine/lib/python3.9/site-packages/policyengine_core/tools/test_runner.py:260: in runtest
    self.check_output()
../../opt/anaconda3/envs/policyengine/lib/python3.9/site-packages/policyengine_core/tools/test_runner.py:289: in check_output
    self.check_variable(
../../opt/anaconda3/envs/policyengine/lib/python3.9/site-packages/policyengine_core/tools/test_runner.py:332: in check_variable
    actual_value = self.simulation.calculate(variable_name, period)
../../opt/anaconda3/envs/policyengine/lib/python3.9/site-packages/policyengine_core/simulations/simulation.py:316: in calculate
    result = self._calculate(variable_name, period)
../../opt/anaconda3/envs/policyengine/lib/python3.9/site-packages/policyengine_core/simulations/simulation.py:460: in _calculate
    array = self._run_formula(variable, population, period)
../../opt/anaconda3/envs/policyengine/lib/python3.9/site-packages/policyengine_core/simulations/simulation.py:622: in _run_formula
    array = formula(population, period, parameters_at)
policyengine_us/variables/gov/states/mo/tax/income/deductions/mo_pension_and_ss_or_ssd_deduction_section_b.py:34: in formula
    private_pension_allowance = p.mo_private_pension_deduction_allowance[
../../opt/anaconda3/envs/policyengine/lib/python3.9/site-packages/policyengine_core/parameters/parameter_node_at_instant.py:49: in __getattr__
    raise ParameterNotFoundError(param_name, self._instant_str)
E   policyengine_core.errors.parameter_not_found_error.ParameterNotFoundError: The parameter 'gov.states.mo.tax.income.deductions[mo_private_pension_deduction_allowance]' was not found in the 2021-01-01 tax and benefit system.
_________________________________ test session _________________________________
../../opt/anaconda3/envs/policyengine/lib/python3.9/site-packages/_pytest/runner.py:244: in from_call
    result = func()
../../opt/anaconda3/envs/policyengine/lib/python3.9/site-packages/_pytest/runner.py:217: in <lambda>
    lambda: ihook(item=item, **kwds), when=when, reraise=reraise
../../opt/anaconda3/envs/policyengine/lib/python3.9/site-packages/pluggy/hooks.py:286: in __call__
    return self._hookexec(self, self.get_hookimpls(), kwargs)
../../opt/anaconda3/envs/policyengine/lib/python3.9/site-packages/pluggy/manager.py:93: in _hookexec
    return self._inner_hookexec(hook, methods, kwargs)
../../opt/anaconda3/envs/policyengine/lib/python3.9/site-packages/pluggy/manager.py:84: in <lambda>
    self._inner_hookexec = lambda hook, methods, kwargs: hook.multicall(
../../opt/anaconda3/envs/policyengine/lib/python3.9/site-packages/pluggy/callers.py:208: in _multicall
    return outcome.get_result()
../../opt/anaconda3/envs/policyengine/lib/python3.9/site-packages/pluggy/callers.py:80: in get_result
    raise ex[1].with_traceback(ex[2])
../../opt/anaconda3/envs/policyengine/lib/python3.9/site-packages/pluggy/callers.py:187: in _multicall
    res = hook_impl.function(*args)
../../opt/anaconda3/envs/policyengine/lib/python3.9/site-packages/_pytest/runner.py:143: in pytest_runtest_call
    raise e
../../opt/anaconda3/envs/policyengine/lib/python3.9/site-packages/_pytest/runner.py:135: in pytest_runtest_call
    item.runtest()
../../opt/anaconda3/envs/policyengine/lib/python3.9/site-packages/policyengine_core/tools/test_runner.py:260: in runtest
    self.check_output()
../../opt/anaconda3/envs/policyengine/lib/python3.9/site-packages/policyengine_core/tools/test_runner.py:289: in check_output
    self.check_variable(
../../opt/anaconda3/envs/policyengine/lib/python3.9/site-packages/policyengine_core/tools/test_runner.py:332: in check_variable
    actual_value = self.simulation.calculate(variable_name, period)
../../opt/anaconda3/envs/policyengine/lib/python3.9/site-packages/policyengine_core/simulations/simulation.py:316: in calculate
    result = self._calculate(variable_name, period)
../../opt/anaconda3/envs/policyengine/lib/python3.9/site-packages/policyengine_core/simulations/simulation.py:460: in _calculate
    array = self._run_formula(variable, population, period)
../../opt/anaconda3/envs/policyengine/lib/python3.9/site-packages/policyengine_core/simulations/simulation.py:622: in _run_formula
    array = formula(population, period, parameters_at)
policyengine_us/variables/gov/states/mo/tax/income/deductions/mo_pension_and_ss_or_ssd_deduction_section_b.py:34: in formula
    private_pension_allowance = p.mo_private_pension_deduction_allowance[
../../opt/anaconda3/envs/policyengine/lib/python3.9/site-packages/policyengine_core/parameters/parameter_node_at_instant.py:49: in __getattr__
    raise ParameterNotFoundError(param_name, self._instant_str)
E   policyengine_core.errors.parameter_not_found_error.ParameterNotFoundError: The parameter 'gov.states.mo.tax.income.deductions[mo_private_pension_deduction_allowance]' was not found in the 2021-01-01 tax and benefit system.
_________________________________ test session _________________________________
../../opt/anaconda3/envs/policyengine/lib/python3.9/site-packages/_pytest/runner.py:244: in from_call
    result = func()
../../opt/anaconda3/envs/policyengine/lib/python3.9/site-packages/_pytest/runner.py:217: in <lambda>
    lambda: ihook(item=item, **kwds), when=when, reraise=reraise
../../opt/anaconda3/envs/policyengine/lib/python3.9/site-packages/pluggy/hooks.py:286: in __call__
    return self._hookexec(self, self.get_hookimpls(), kwargs)
../../opt/anaconda3/envs/policyengine/lib/python3.9/site-packages/pluggy/manager.py:93: in _hookexec
    return self._inner_hookexec(hook, methods, kwargs)
../../opt/anaconda3/envs/policyengine/lib/python3.9/site-packages/pluggy/manager.py:84: in <lambda>
    self._inner_hookexec = lambda hook, methods, kwargs: hook.multicall(
../../opt/anaconda3/envs/policyengine/lib/python3.9/site-packages/pluggy/callers.py:208: in _multicall
    return outcome.get_result()
../../opt/anaconda3/envs/policyengine/lib/python3.9/site-packages/pluggy/callers.py:80: in get_result
    raise ex[1].with_traceback(ex[2])
../../opt/anaconda3/envs/policyengine/lib/python3.9/site-packages/pluggy/callers.py:187: in _multicall
    res = hook_impl.function(*args)
../../opt/anaconda3/envs/policyengine/lib/python3.9/site-packages/_pytest/runner.py:143: in pytest_runtest_call
    raise e
../../opt/anaconda3/envs/policyengine/lib/python3.9/site-packages/_pytest/runner.py:135: in pytest_runtest_call
    item.runtest()
../../opt/anaconda3/envs/policyengine/lib/python3.9/site-packages/policyengine_core/tools/test_runner.py:260: in runtest
    self.check_output()
../../opt/anaconda3/envs/policyengine/lib/python3.9/site-packages/policyengine_core/tools/test_runner.py:289: in check_output
    self.check_variable(
../../opt/anaconda3/envs/policyengine/lib/python3.9/site-packages/policyengine_core/tools/test_runner.py:332: in check_variable
    actual_value = self.simulation.calculate(variable_name, period)
../../opt/anaconda3/envs/policyengine/lib/python3.9/site-packages/policyengine_core/simulations/simulation.py:316: in calculate
    result = self._calculate(variable_name, period)
../../opt/anaconda3/envs/policyengine/lib/python3.9/site-packages/policyengine_core/simulations/simulation.py:460: in _calculate
    array = self._run_formula(variable, population, period)
../../opt/anaconda3/envs/policyengine/lib/python3.9/site-packages/policyengine_core/simulations/simulation.py:622: in _run_formula
    array = formula(population, period, parameters_at)
policyengine_us/variables/gov/states/mo/tax/income/deductions/mo_pension_and_ss_or_ssd_deduction_section_b.py:34: in formula
    private_pension_allowance = p.mo_private_pension_deduction_allowance[
../../opt/anaconda3/envs/policyengine/lib/python3.9/site-packages/policyengine_core/parameters/parameter_node_at_instant.py:49: in __getattr__
    raise ParameterNotFoundError(param_name, self._instant_str)
E   policyengine_core.errors.parameter_not_found_error.ParameterNotFoundError: The parameter 'gov.states.mo.tax.income.deductions[mo_private_pension_deduction_allowance]' was not found in the 2021-01-01 tax and benefit system.
_________________________________ test session _________________________________
../../opt/anaconda3/envs/policyengine/lib/python3.9/site-packages/_pytest/runner.py:244: in from_call
    result = func()
../../opt/anaconda3/envs/policyengine/lib/python3.9/site-packages/_pytest/runner.py:217: in <lambda>
    lambda: ihook(item=item, **kwds), when=when, reraise=reraise
../../opt/anaconda3/envs/policyengine/lib/python3.9/site-packages/pluggy/hooks.py:286: in __call__
    return self._hookexec(self, self.get_hookimpls(), kwargs)
../../opt/anaconda3/envs/policyengine/lib/python3.9/site-packages/pluggy/manager.py:93: in _hookexec
    return self._inner_hookexec(hook, methods, kwargs)
../../opt/anaconda3/envs/policyengine/lib/python3.9/site-packages/pluggy/manager.py:84: in <lambda>
    self._inner_hookexec = lambda hook, methods, kwargs: hook.multicall(
../../opt/anaconda3/envs/policyengine/lib/python3.9/site-packages/pluggy/callers.py:208: in _multicall
    return outcome.get_result()
../../opt/anaconda3/envs/policyengine/lib/python3.9/site-packages/pluggy/callers.py:80: in get_result
    raise ex[1].with_traceback(ex[2])
../../opt/anaconda3/envs/policyengine/lib/python3.9/site-packages/pluggy/callers.py:187: in _multicall
    res = hook_impl.function(*args)
../../opt/anaconda3/envs/policyengine/lib/python3.9/site-packages/_pytest/runner.py:143: in pytest_runtest_call
    raise e
../../opt/anaconda3/envs/policyengine/lib/python3.9/site-packages/_pytest/runner.py:135: in pytest_runtest_call
    item.runtest()
../../opt/anaconda3/envs/policyengine/lib/python3.9/site-packages/policyengine_core/tools/test_runner.py:260: in runtest
    self.check_output()
../../opt/anaconda3/envs/policyengine/lib/python3.9/site-packages/policyengine_core/tools/test_runner.py:289: in check_output
    self.check_variable(
../../opt/anaconda3/envs/policyengine/lib/python3.9/site-packages/policyengine_core/tools/test_runner.py:332: in check_variable
    actual_value = self.simulation.calculate(variable_name, period)
../../opt/anaconda3/envs/policyengine/lib/python3.9/site-packages/policyengine_core/simulations/simulation.py:316: in calculate
    result = self._calculate(variable_name, period)
../../opt/anaconda3/envs/policyengine/lib/python3.9/site-packages/policyengine_core/simulations/simulation.py:460: in _calculate
    array = self._run_formula(variable, population, period)
../../opt/anaconda3/envs/policyengine/lib/python3.9/site-packages/policyengine_core/simulations/simulation.py:622: in _run_formula
    array = formula(population, period, parameters_at)
policyengine_us/variables/gov/states/mo/tax/income/deductions/mo_pension_and_ss_or_ssd_deduction_section_c.py:24: in formula
    ss_or_ssd_agi_allowance = p.mo_ss_or_ssd_deduction_allowance[
../../opt/anaconda3/envs/policyengine/lib/python3.9/site-packages/policyengine_core/parameters/parameter_node_at_instant.py:49: in __getattr__
    raise ParameterNotFoundError(param_name, self._instant_str)
E   policyengine_core.errors.parameter_not_found_error.ParameterNotFoundError: The parameter 'gov.states.mo.tax.income.deductions[mo_ss_or_ssd_deduction_allowance]' was not found in the 2021-01-01 tax and benefit system.
_________________________________ test session _________________________________
../../opt/anaconda3/envs/policyengine/lib/python3.9/site-packages/_pytest/runner.py:244: in from_call
    result = func()
../../opt/anaconda3/envs/policyengine/lib/python3.9/site-packages/_pytest/runner.py:217: in <lambda>
    lambda: ihook(item=item, **kwds), when=when, reraise=reraise
../../opt/anaconda3/envs/policyengine/lib/python3.9/site-packages/pluggy/hooks.py:286: in __call__
    return self._hookexec(self, self.get_hookimpls(), kwargs)
../../opt/anaconda3/envs/policyengine/lib/python3.9/site-packages/pluggy/manager.py:93: in _hookexec
    return self._inner_hookexec(hook, methods, kwargs)
../../opt/anaconda3/envs/policyengine/lib/python3.9/site-packages/pluggy/manager.py:84: in <lambda>
    self._inner_hookexec = lambda hook, methods, kwargs: hook.multicall(
../../opt/anaconda3/envs/policyengine/lib/python3.9/site-packages/pluggy/callers.py:208: in _multicall
    return outcome.get_result()
../../opt/anaconda3/envs/policyengine/lib/python3.9/site-packages/pluggy/callers.py:80: in get_result
    raise ex[1].with_traceback(ex[2])
../../opt/anaconda3/envs/policyengine/lib/python3.9/site-packages/pluggy/callers.py:187: in _multicall
    res = hook_impl.function(*args)
../../opt/anaconda3/envs/policyengine/lib/python3.9/site-packages/_pytest/runner.py:143: in pytest_runtest_call
    raise e
../../opt/anaconda3/envs/policyengine/lib/python3.9/site-packages/_pytest/runner.py:135: in pytest_runtest_call
    item.runtest()
../../opt/anaconda3/envs/policyengine/lib/python3.9/site-packages/policyengine_core/tools/test_runner.py:260: in runtest
    self.check_output()
../../opt/anaconda3/envs/policyengine/lib/python3.9/site-packages/policyengine_core/tools/test_runner.py:289: in check_output
    self.check_variable(
../../opt/anaconda3/envs/policyengine/lib/python3.9/site-packages/policyengine_core/tools/test_runner.py:332: in check_variable
    actual_value = self.simulation.calculate(variable_name, period)
../../opt/anaconda3/envs/policyengine/lib/python3.9/site-packages/policyengine_core/simulations/simulation.py:316: in calculate
    result = self._calculate(variable_name, period)
../../opt/anaconda3/envs/policyengine/lib/python3.9/site-packages/policyengine_core/simulations/simulation.py:460: in _calculate
    array = self._run_formula(variable, population, period)
../../opt/anaconda3/envs/policyengine/lib/python3.9/site-packages/policyengine_core/simulations/simulation.py:622: in _run_formula
    array = formula(population, period, parameters_at)
policyengine_us/variables/gov/states/mo/tax/income/deductions/mo_pension_and_ss_or_ssd_deduction_section_c.py:24: in formula
    ss_or_ssd_agi_allowance = p.mo_ss_or_ssd_deduction_allowance[
../../opt/anaconda3/envs/policyengine/lib/python3.9/site-packages/policyengine_core/parameters/parameter_node_at_instant.py:49: in __getattr__
    raise ParameterNotFoundError(param_name, self._instant_str)
E   policyengine_core.errors.parameter_not_found_error.ParameterNotFoundError: The parameter 'gov.states.mo.tax.income.deductions[mo_ss_or_ssd_deduction_allowance]' was not found in the 2021-01-01 tax and benefit system.
_________________________________ test session _________________________________
../../opt/anaconda3/envs/policyengine/lib/python3.9/site-packages/_pytest/runner.py:244: in from_call
    result = func()
../../opt/anaconda3/envs/policyengine/lib/python3.9/site-packages/_pytest/runner.py:217: in <lambda>
    lambda: ihook(item=item, **kwds), when=when, reraise=reraise
../../opt/anaconda3/envs/policyengine/lib/python3.9/site-packages/pluggy/hooks.py:286: in __call__
    return self._hookexec(self, self.get_hookimpls(), kwargs)
../../opt/anaconda3/envs/policyengine/lib/python3.9/site-packages/pluggy/manager.py:93: in _hookexec
    return self._inner_hookexec(hook, methods, kwargs)
../../opt/anaconda3/envs/policyengine/lib/python3.9/site-packages/pluggy/manager.py:84: in <lambda>
    self._inner_hookexec = lambda hook, methods, kwargs: hook.multicall(
../../opt/anaconda3/envs/policyengine/lib/python3.9/site-packages/pluggy/callers.py:208: in _multicall
    return outcome.get_result()
../../opt/anaconda3/envs/policyengine/lib/python3.9/site-packages/pluggy/callers.py:80: in get_result
    raise ex[1].with_traceback(ex[2])
../../opt/anaconda3/envs/policyengine/lib/python3.9/site-packages/pluggy/callers.py:187: in _multicall
    res = hook_impl.function(*args)
../../opt/anaconda3/envs/policyengine/lib/python3.9/site-packages/_pytest/runner.py:143: in pytest_runtest_call
    raise e
../../opt/anaconda3/envs/policyengine/lib/python3.9/site-packages/_pytest/runner.py:135: in pytest_runtest_call
    item.runtest()
../../opt/anaconda3/envs/policyengine/lib/python3.9/site-packages/policyengine_core/tools/test_runner.py:260: in runtest
    self.check_output()
../../opt/anaconda3/envs/policyengine/lib/python3.9/site-packages/policyengine_core/tools/test_runner.py:289: in check_output
    self.check_variable(
../../opt/anaconda3/envs/policyengine/lib/python3.9/site-packages/policyengine_core/tools/test_runner.py:332: in check_variable
    actual_value = self.simulation.calculate(variable_name, period)
../../opt/anaconda3/envs/policyengine/lib/python3.9/site-packages/policyengine_core/simulations/simulation.py:316: in calculate
    result = self._calculate(variable_name, period)
../../opt/anaconda3/envs/policyengine/lib/python3.9/site-packages/policyengine_core/simulations/simulation.py:460: in _calculate
    array = self._run_formula(variable, population, period)
../../opt/anaconda3/envs/policyengine/lib/python3.9/site-packages/policyengine_core/simulations/simulation.py:622: in _run_formula
    array = formula(population, period, parameters_at)
policyengine_us/variables/gov/states/mo/tax/income/deductions/mo_pension_and_ss_or_ssd_deduction_section_c.py:24: in formula
    ss_or_ssd_agi_allowance = p.mo_ss_or_ssd_deduction_allowance[
../../opt/anaconda3/envs/policyengine/lib/python3.9/site-packages/policyengine_core/parameters/parameter_node_at_instant.py:49: in __getattr__
    raise ParameterNotFoundError(param_name, self._instant_str)
E   policyengine_core.errors.parameter_not_found_error.ParameterNotFoundError: The parameter 'gov.states.mo.tax.income.deductions[mo_ss_or_ssd_deduction_allowance]' was not found in the 2021-01-01 tax and benefit system.
_________________________________ test session _________________________________
../../opt/anaconda3/envs/policyengine/lib/python3.9/site-packages/_pytest/runner.py:244: in from_call
    result = func()
../../opt/anaconda3/envs/policyengine/lib/python3.9/site-packages/_pytest/runner.py:217: in <lambda>
    lambda: ihook(item=item, **kwds), when=when, reraise=reraise
../../opt/anaconda3/envs/policyengine/lib/python3.9/site-packages/pluggy/hooks.py:286: in __call__
    return self._hookexec(self, self.get_hookimpls(), kwargs)
../../opt/anaconda3/envs/policyengine/lib/python3.9/site-packages/pluggy/manager.py:93: in _hookexec
    return self._inner_hookexec(hook, methods, kwargs)
../../opt/anaconda3/envs/policyengine/lib/python3.9/site-packages/pluggy/manager.py:84: in <lambda>
    self._inner_hookexec = lambda hook, methods, kwargs: hook.multicall(
../../opt/anaconda3/envs/policyengine/lib/python3.9/site-packages/pluggy/callers.py:208: in _multicall
    return outcome.get_result()
../../opt/anaconda3/envs/policyengine/lib/python3.9/site-packages/pluggy/callers.py:80: in get_result
    raise ex[1].with_traceback(ex[2])
../../opt/anaconda3/envs/policyengine/lib/python3.9/site-packages/pluggy/callers.py:187: in _multicall
    res = hook_impl.function(*args)
../../opt/anaconda3/envs/policyengine/lib/python3.9/site-packages/_pytest/runner.py:143: in pytest_runtest_call
    raise e
../../opt/anaconda3/envs/policyengine/lib/python3.9/site-packages/_pytest/runner.py:135: in pytest_runtest_call
    item.runtest()
../../opt/anaconda3/envs/policyengine/lib/python3.9/site-packages/policyengine_core/tools/test_runner.py:260: in runtest
    self.check_output()
../../opt/anaconda3/envs/policyengine/lib/python3.9/site-packages/policyengine_core/tools/test_runner.py:289: in check_output
    self.check_variable(
../../opt/anaconda3/envs/policyengine/lib/python3.9/site-packages/policyengine_core/tools/test_runner.py:332: in check_variable
    actual_value = self.simulation.calculate(variable_name, period)
../../opt/anaconda3/envs/policyengine/lib/python3.9/site-packages/policyengine_core/simulations/simulation.py:316: in calculate
    result = self._calculate(variable_name, period)
../../opt/anaconda3/envs/policyengine/lib/python3.9/site-packages/policyengine_core/simulations/simulation.py:460: in _calculate
    array = self._run_formula(variable, population, period)
../../opt/anaconda3/envs/policyengine/lib/python3.9/site-packages/policyengine_core/simulations/simulation.py:622: in _run_formula
    array = formula(population, period, parameters_at)
policyengine_us/variables/gov/states/mo/tax/income/deductions/mo_pension_and_ss_or_ssd_deduction_section_c.py:24: in formula
    ss_or_ssd_agi_allowance = p.mo_ss_or_ssd_deduction_allowance[
../../opt/anaconda3/envs/policyengine/lib/python3.9/site-packages/policyengine_core/parameters/parameter_node_at_instant.py:49: in __getattr__
    raise ParameterNotFoundError(param_name, self._instant_str)
E   policyengine_core.errors.parameter_not_found_error.ParameterNotFoundError: The parameter 'gov.states.mo.tax.income.deductions[mo_ss_or_ssd_deduction_allowance]' was not found in the 2021-01-01 tax and benefit system.
_________________________________ test session _________________________________
../../opt/anaconda3/envs/policyengine/lib/python3.9/site-packages/_pytest/runner.py:244: in from_call
    result = func()
../../opt/anaconda3/envs/policyengine/lib/python3.9/site-packages/_pytest/runner.py:217: in <lambda>
    lambda: ihook(item=item, **kwds), when=when, reraise=reraise
../../opt/anaconda3/envs/policyengine/lib/python3.9/site-packages/pluggy/hooks.py:286: in __call__
    return self._hookexec(self, self.get_hookimpls(), kwargs)
../../opt/anaconda3/envs/policyengine/lib/python3.9/site-packages/pluggy/manager.py:93: in _hookexec
    return self._inner_hookexec(hook, methods, kwargs)
../../opt/anaconda3/envs/policyengine/lib/python3.9/site-packages/pluggy/manager.py:84: in <lambda>
    self._inner_hookexec = lambda hook, methods, kwargs: hook.multicall(
../../opt/anaconda3/envs/policyengine/lib/python3.9/site-packages/pluggy/callers.py:208: in _multicall
    return outcome.get_result()
../../opt/anaconda3/envs/policyengine/lib/python3.9/site-packages/pluggy/callers.py:80: in get_result
    raise ex[1].with_traceback(ex[2])
../../opt/anaconda3/envs/policyengine/lib/python3.9/site-packages/pluggy/callers.py:187: in _multicall
    res = hook_impl.function(*args)
../../opt/anaconda3/envs/policyengine/lib/python3.9/site-packages/_pytest/runner.py:143: in pytest_runtest_call
    raise e
../../opt/anaconda3/envs/policyengine/lib/python3.9/site-packages/_pytest/runner.py:135: in pytest_runtest_call
    item.runtest()
../../opt/anaconda3/envs/policyengine/lib/python3.9/site-packages/policyengine_core/tools/test_runner.py:260: in runtest
    self.check_output()
../../opt/anaconda3/envs/policyengine/lib/python3.9/site-packages/policyengine_core/tools/test_runner.py:289: in check_output
    self.check_variable(
../../opt/anaconda3/envs/policyengine/lib/python3.9/site-packages/policyengine_core/tools/test_runner.py:332: in check_variable
    actual_value = self.simulation.calculate(variable_name, period)
../../opt/anaconda3/envs/policyengine/lib/python3.9/site-packages/policyengine_core/simulations/simulation.py:316: in calculate
    result = self._calculate(variable_name, period)
../../opt/anaconda3/envs/policyengine/lib/python3.9/site-packages/policyengine_core/simulations/simulation.py:460: in _calculate
    array = self._run_formula(variable, population, period)
../../opt/anaconda3/envs/policyengine/lib/python3.9/site-packages/policyengine_core/simulations/simulation.py:622: in _run_formula
    array = formula(population, period, parameters_at)
policyengine_us/variables/gov/states/mo/tax/income/deductions/mo_pension_and_ss_or_ssd_deduction_section_c.py:24: in formula
    ss_or_ssd_agi_allowance = p.mo_ss_or_ssd_deduction_allowance[
../../opt/anaconda3/envs/policyengine/lib/python3.9/site-packages/policyengine_core/parameters/parameter_node_at_instant.py:49: in __getattr__
    raise ParameterNotFoundError(param_name, self._instant_str)
E   policyengine_core.errors.parameter_not_found_error.ParameterNotFoundError: The parameter 'gov.states.mo.tax.income.deductions[mo_ss_or_ssd_deduction_allowance]' was not found in the 2021-01-01 tax and benefit system.
_________________________________ test session _________________________________
../../opt/anaconda3/envs/policyengine/lib/python3.9/site-packages/_pytest/runner.py:244: in from_call
    result = func()
../../opt/anaconda3/envs/policyengine/lib/python3.9/site-packages/_pytest/runner.py:217: in <lambda>
    lambda: ihook(item=item, **kwds), when=when, reraise=reraise
../../opt/anaconda3/envs/policyengine/lib/python3.9/site-packages/pluggy/hooks.py:286: in __call__
    return self._hookexec(self, self.get_hookimpls(), kwargs)
../../opt/anaconda3/envs/policyengine/lib/python3.9/site-packages/pluggy/manager.py:93: in _hookexec
    return self._inner_hookexec(hook, methods, kwargs)
../../opt/anaconda3/envs/policyengine/lib/python3.9/site-packages/pluggy/manager.py:84: in <lambda>
    self._inner_hookexec = lambda hook, methods, kwargs: hook.multicall(
../../opt/anaconda3/envs/policyengine/lib/python3.9/site-packages/pluggy/callers.py:208: in _multicall
    return outcome.get_result()
../../opt/anaconda3/envs/policyengine/lib/python3.9/site-packages/pluggy/callers.py:80: in get_result
    raise ex[1].with_traceback(ex[2])
../../opt/anaconda3/envs/policyengine/lib/python3.9/site-packages/pluggy/callers.py:187: in _multicall
    res = hook_impl.function(*args)
../../opt/anaconda3/envs/policyengine/lib/python3.9/site-packages/_pytest/runner.py:143: in pytest_runtest_call
    raise e
../../opt/anaconda3/envs/policyengine/lib/python3.9/site-packages/_pytest/runner.py:135: in pytest_runtest_call
    item.runtest()
../../opt/anaconda3/envs/policyengine/lib/python3.9/site-packages/policyengine_core/tools/test_runner.py:260: in runtest
    self.check_output()
../../opt/anaconda3/envs/policyengine/lib/python3.9/site-packages/policyengine_core/tools/test_runner.py:289: in check_output
    self.check_variable(
../../opt/anaconda3/envs/policyengine/lib/python3.9/site-packages/policyengine_core/tools/test_runner.py:332: in check_variable
    actual_value = self.simulation.calculate(variable_name, period)
../../opt/anaconda3/envs/policyengine/lib/python3.9/site-packages/policyengine_core/simulations/simulation.py:316: in calculate
    result = self._calculate(variable_name, period)
../../opt/anaconda3/envs/policyengine/lib/python3.9/site-packages/policyengine_core/simulations/simulation.py:460: in _calculate
    array = self._run_formula(variable, population, period)
../../opt/anaconda3/envs/policyengine/lib/python3.9/site-packages/policyengine_core/simulations/simulation.py:622: in _run_formula
    array = formula(population, period, parameters_at)
policyengine_us/variables/gov/states/mo/tax/income/deductions/mo_pension_and_ss_or_ssd_deduction_section_c.py:24: in formula
    ss_or_ssd_agi_allowance = p.mo_ss_or_ssd_deduction_allowance[
../../opt/anaconda3/envs/policyengine/lib/python3.9/site-packages/policyengine_core/parameters/parameter_node_at_instant.py:49: in __getattr__
    raise ParameterNotFoundError(param_name, self._instant_str)
E   policyengine_core.errors.parameter_not_found_error.ParameterNotFoundError: The parameter 'gov.states.mo.tax.income.deductions[mo_ss_or_ssd_deduction_allowance]' was not found in the 2021-01-01 tax and benefit system.
_________________________________ test session _________________________________
../../opt/anaconda3/envs/policyengine/lib/python3.9/site-packages/_pytest/runner.py:244: in from_call
    result = func()
../../opt/anaconda3/envs/policyengine/lib/python3.9/site-packages/_pytest/runner.py:217: in <lambda>
    lambda: ihook(item=item, **kwds), when=when, reraise=reraise
../../opt/anaconda3/envs/policyengine/lib/python3.9/site-packages/pluggy/hooks.py:286: in __call__
    return self._hookexec(self, self.get_hookimpls(), kwargs)
../../opt/anaconda3/envs/policyengine/lib/python3.9/site-packages/pluggy/manager.py:93: in _hookexec
    return self._inner_hookexec(hook, methods, kwargs)
../../opt/anaconda3/envs/policyengine/lib/python3.9/site-packages/pluggy/manager.py:84: in <lambda>
    self._inner_hookexec = lambda hook, methods, kwargs: hook.multicall(
../../opt/anaconda3/envs/policyengine/lib/python3.9/site-packages/pluggy/callers.py:208: in _multicall
    return outcome.get_result()
../../opt/anaconda3/envs/policyengine/lib/python3.9/site-packages/pluggy/callers.py:80: in get_result
    raise ex[1].with_traceback(ex[2])
../../opt/anaconda3/envs/policyengine/lib/python3.9/site-packages/pluggy/callers.py:187: in _multicall
    res = hook_impl.function(*args)
../../opt/anaconda3/envs/policyengine/lib/python3.9/site-packages/_pytest/runner.py:143: in pytest_runtest_call
    raise e
../../opt/anaconda3/envs/policyengine/lib/python3.9/site-packages/_pytest/runner.py:135: in pytest_runtest_call
    item.runtest()
../../opt/anaconda3/envs/policyengine/lib/python3.9/site-packages/policyengine_core/tools/test_runner.py:260: in runtest
    self.check_output()
../../opt/anaconda3/envs/policyengine/lib/python3.9/site-packages/policyengine_core/tools/test_runner.py:289: in check_output
    self.check_variable(
../../opt/anaconda3/envs/policyengine/lib/python3.9/site-packages/policyengine_core/tools/test_runner.py:332: in check_variable
    actual_value = self.simulation.calculate(variable_name, period)
../../opt/anaconda3/envs/policyengine/lib/python3.9/site-packages/policyengine_core/simulations/simulation.py:316: in calculate
    result = self._calculate(variable_name, period)
../../opt/anaconda3/envs/policyengine/lib/python3.9/site-packages/policyengine_core/simulations/simulation.py:460: in _calculate
    array = self._run_formula(variable, population, period)
../../opt/anaconda3/envs/policyengine/lib/python3.9/site-packages/policyengine_core/simulations/simulation.py:622: in _run_formula
    array = formula(population, period, parameters_at)
policyengine_us/variables/gov/states/mo/tax/income/deductions/mo_pension_and_ss_or_ssd_deduction_section_c.py:24: in formula
    ss_or_ssd_agi_allowance = p.mo_ss_or_ssd_deduction_allowance[
../../opt/anaconda3/envs/policyengine/lib/python3.9/site-packages/policyengine_core/parameters/parameter_node_at_instant.py:49: in __getattr__
    raise ParameterNotFoundError(param_name, self._instant_str)
E   policyengine_core.errors.parameter_not_found_error.ParameterNotFoundError: The parameter 'gov.states.mo.tax.income.deductions[mo_ss_or_ssd_deduction_allowance]' was not found in the 2021-01-01 tax and benefit system.
_________________________________ test session _________________________________
../../opt/anaconda3/envs/policyengine/lib/python3.9/site-packages/_pytest/runner.py:244: in from_call
    result = func()
../../opt/anaconda3/envs/policyengine/lib/python3.9/site-packages/_pytest/runner.py:217: in <lambda>
    lambda: ihook(item=item, **kwds), when=when, reraise=reraise
../../opt/anaconda3/envs/policyengine/lib/python3.9/site-packages/pluggy/hooks.py:286: in __call__
    return self._hookexec(self, self.get_hookimpls(), kwargs)
../../opt/anaconda3/envs/policyengine/lib/python3.9/site-packages/pluggy/manager.py:93: in _hookexec
    return self._inner_hookexec(hook, methods, kwargs)
../../opt/anaconda3/envs/policyengine/lib/python3.9/site-packages/pluggy/manager.py:84: in <lambda>
    self._inner_hookexec = lambda hook, methods, kwargs: hook.multicall(
../../opt/anaconda3/envs/policyengine/lib/python3.9/site-packages/pluggy/callers.py:208: in _multicall
    return outcome.get_result()
../../opt/anaconda3/envs/policyengine/lib/python3.9/site-packages/pluggy/callers.py:80: in get_result
    raise ex[1].with_traceback(ex[2])
../../opt/anaconda3/envs/policyengine/lib/python3.9/site-packages/pluggy/callers.py:187: in _multicall
    res = hook_impl.function(*args)
../../opt/anaconda3/envs/policyengine/lib/python3.9/site-packages/_pytest/runner.py:143: in pytest_runtest_call
    raise e
../../opt/anaconda3/envs/policyengine/lib/python3.9/site-packages/_pytest/runner.py:135: in pytest_runtest_call
    item.runtest()
../../opt/anaconda3/envs/policyengine/lib/python3.9/site-packages/policyengine_core/tools/test_runner.py:260: in runtest
    self.check_output()
../../opt/anaconda3/envs/policyengine/lib/python3.9/site-packages/policyengine_core/tools/test_runner.py:289: in check_output
    self.check_variable(
../../opt/anaconda3/envs/policyengine/lib/python3.9/site-packages/policyengine_core/tools/test_runner.py:332: in check_variable
    actual_value = self.simulation.calculate(variable_name, period)
../../opt/anaconda3/envs/policyengine/lib/python3.9/site-packages/policyengine_core/simulations/simulation.py:316: in calculate
    result = self._calculate(variable_name, period)
../../opt/anaconda3/envs/policyengine/lib/python3.9/site-packages/policyengine_core/simulations/simulation.py:460: in _calculate
    array = self._run_formula(variable, population, period)
../../opt/anaconda3/envs/policyengine/lib/python3.9/site-packages/policyengine_core/simulations/simulation.py:622: in _run_formula
    array = formula(population, period, parameters_at)
policyengine_us/variables/gov/states/mo/tax/income/deductions/mo_pension_and_ss_or_ssd_deduction_section_c.py:24: in formula
    ss_or_ssd_agi_allowance = p.mo_ss_or_ssd_deduction_allowance[
../../opt/anaconda3/envs/policyengine/lib/python3.9/site-packages/policyengine_core/parameters/parameter_node_at_instant.py:49: in __getattr__
    raise ParameterNotFoundError(param_name, self._instant_str)
E   policyengine_core.errors.parameter_not_found_error.ParameterNotFoundError: The parameter 'gov.states.mo.tax.income.deductions[mo_ss_or_ssd_deduction_allowance]' was not found in the 2021-01-01 tax and benefit system.
_________________________________ test session _________________________________
../../opt/anaconda3/envs/policyengine/lib/python3.9/site-packages/_pytest/runner.py:244: in from_call
    result = func()
../../opt/anaconda3/envs/policyengine/lib/python3.9/site-packages/_pytest/runner.py:217: in <lambda>
    lambda: ihook(item=item, **kwds), when=when, reraise=reraise
../../opt/anaconda3/envs/policyengine/lib/python3.9/site-packages/pluggy/hooks.py:286: in __call__
    return self._hookexec(self, self.get_hookimpls(), kwargs)
../../opt/anaconda3/envs/policyengine/lib/python3.9/site-packages/pluggy/manager.py:93: in _hookexec
    return self._inner_hookexec(hook, methods, kwargs)
../../opt/anaconda3/envs/policyengine/lib/python3.9/site-packages/pluggy/manager.py:84: in <lambda>
    self._inner_hookexec = lambda hook, methods, kwargs: hook.multicall(
../../opt/anaconda3/envs/policyengine/lib/python3.9/site-packages/pluggy/callers.py:208: in _multicall
    return outcome.get_result()
../../opt/anaconda3/envs/policyengine/lib/python3.9/site-packages/pluggy/callers.py:80: in get_result
    raise ex[1].with_traceback(ex[2])
../../opt/anaconda3/envs/policyengine/lib/python3.9/site-packages/pluggy/callers.py:187: in _multicall
    res = hook_impl.function(*args)
../../opt/anaconda3/envs/policyengine/lib/python3.9/site-packages/_pytest/runner.py:143: in pytest_runtest_call
    raise e
../../opt/anaconda3/envs/policyengine/lib/python3.9/site-packages/_pytest/runner.py:135: in pytest_runtest_call
    item.runtest()
../../opt/anaconda3/envs/policyengine/lib/python3.9/site-packages/policyengine_core/tools/test_runner.py:260: in runtest
    self.check_output()
../../opt/anaconda3/envs/policyengine/lib/python3.9/site-packages/policyengine_core/tools/test_runner.py:289: in check_output
    self.check_variable(
../../opt/anaconda3/envs/policyengine/lib/python3.9/site-packages/policyengine_core/tools/test_runner.py:332: in check_variable
    actual_value = self.simulation.calculate(variable_name, period)
../../opt/anaconda3/envs/policyengine/lib/python3.9/site-packages/policyengine_core/simulations/simulation.py:316: in calculate
    result = self._calculate(variable_name, period)
../../opt/anaconda3/envs/policyengine/lib/python3.9/site-packages/policyengine_core/simulations/simulation.py:460: in _calculate
    array = self._run_formula(variable, population, period)
../../opt/anaconda3/envs/policyengine/lib/python3.9/site-packages/policyengine_core/simulations/simulation.py:622: in _run_formula
    array = formula(population, period, parameters_at)
policyengine_us/variables/gov/states/mo/tax/income/deductions/mo_pension_and_ss_or_ssd_deduction_section_c.py:24: in formula
    ss_or_ssd_agi_allowance = p.mo_ss_or_ssd_deduction_allowance[
../../opt/anaconda3/envs/policyengine/lib/python3.9/site-packages/policyengine_core/parameters/parameter_node_at_instant.py:49: in __getattr__
    raise ParameterNotFoundError(param_name, self._instant_str)
E   policyengine_core.errors.parameter_not_found_error.ParameterNotFoundError: The parameter 'gov.states.mo.tax.income.deductions[mo_ss_or_ssd_deduction_allowance]' was not found in the 2021-01-01 tax and benefit system.
_________________________________ test session _________________________________
../../opt/anaconda3/envs/policyengine/lib/python3.9/site-packages/_pytest/runner.py:244: in from_call
    result = func()
../../opt/anaconda3/envs/policyengine/lib/python3.9/site-packages/_pytest/runner.py:217: in <lambda>
    lambda: ihook(item=item, **kwds), when=when, reraise=reraise
../../opt/anaconda3/envs/policyengine/lib/python3.9/site-packages/pluggy/hooks.py:286: in __call__
    return self._hookexec(self, self.get_hookimpls(), kwargs)
../../opt/anaconda3/envs/policyengine/lib/python3.9/site-packages/pluggy/manager.py:93: in _hookexec
    return self._inner_hookexec(hook, methods, kwargs)
../../opt/anaconda3/envs/policyengine/lib/python3.9/site-packages/pluggy/manager.py:84: in <lambda>
    self._inner_hookexec = lambda hook, methods, kwargs: hook.multicall(
../../opt/anaconda3/envs/policyengine/lib/python3.9/site-packages/pluggy/callers.py:208: in _multicall
    return outcome.get_result()
../../opt/anaconda3/envs/policyengine/lib/python3.9/site-packages/pluggy/callers.py:80: in get_result
    raise ex[1].with_traceback(ex[2])
../../opt/anaconda3/envs/policyengine/lib/python3.9/site-packages/pluggy/callers.py:187: in _multicall
    res = hook_impl.function(*args)
../../opt/anaconda3/envs/policyengine/lib/python3.9/site-packages/_pytest/runner.py:143: in pytest_runtest_call
    raise e
../../opt/anaconda3/envs/policyengine/lib/python3.9/site-packages/_pytest/runner.py:135: in pytest_runtest_call
    item.runtest()
../../opt/anaconda3/envs/policyengine/lib/python3.9/site-packages/policyengine_core/tools/test_runner.py:260: in runtest
    self.check_output()
../../opt/anaconda3/envs/policyengine/lib/python3.9/site-packages/policyengine_core/tools/test_runner.py:289: in check_output
    self.check_variable(
../../opt/anaconda3/envs/policyengine/lib/python3.9/site-packages/policyengine_core/tools/test_runner.py:332: in check_variable
    actual_value = self.simulation.calculate(variable_name, period)
../../opt/anaconda3/envs/policyengine/lib/python3.9/site-packages/policyengine_core/simulations/simulation.py:316: in calculate
    result = self._calculate(variable_name, period)
../../opt/anaconda3/envs/policyengine/lib/python3.9/site-packages/policyengine_core/simulations/simulation.py:460: in _calculate
    array = self._run_formula(variable, population, period)
../../opt/anaconda3/envs/policyengine/lib/python3.9/site-packages/policyengine_core/simulations/simulation.py:622: in _run_formula
    array = formula(population, period, parameters_at)
policyengine_us/variables/gov/states/mo/tax/income/deductions/mo_pension_and_ss_or_ssd_deduction_section_c.py:24: in formula
    ss_or_ssd_agi_allowance = p.mo_ss_or_ssd_deduction_allowance[
../../opt/anaconda3/envs/policyengine/lib/python3.9/site-packages/policyengine_core/parameters/parameter_node_at_instant.py:49: in __getattr__
    raise ParameterNotFoundError(param_name, self._instant_str)
E   policyengine_core.errors.parameter_not_found_error.ParameterNotFoundError: The parameter 'gov.states.mo.tax.income.deductions[mo_ss_or_ssd_deduction_allowance]' was not found in the 2021-01-01 tax and benefit system.
_________________________________ test session _________________________________
../../opt/anaconda3/envs/policyengine/lib/python3.9/site-packages/_pytest/runner.py:244: in from_call
    result = func()
../../opt/anaconda3/envs/policyengine/lib/python3.9/site-packages/_pytest/runner.py:217: in <lambda>
    lambda: ihook(item=item, **kwds), when=when, reraise=reraise
../../opt/anaconda3/envs/policyengine/lib/python3.9/site-packages/pluggy/hooks.py:286: in __call__
    return self._hookexec(self, self.get_hookimpls(), kwargs)
../../opt/anaconda3/envs/policyengine/lib/python3.9/site-packages/pluggy/manager.py:93: in _hookexec
    return self._inner_hookexec(hook, methods, kwargs)
../../opt/anaconda3/envs/policyengine/lib/python3.9/site-packages/pluggy/manager.py:84: in <lambda>
    self._inner_hookexec = lambda hook, methods, kwargs: hook.multicall(
../../opt/anaconda3/envs/policyengine/lib/python3.9/site-packages/pluggy/callers.py:208: in _multicall
    return outcome.get_result()
../../opt/anaconda3/envs/policyengine/lib/python3.9/site-packages/pluggy/callers.py:80: in get_result
    raise ex[1].with_traceback(ex[2])
../../opt/anaconda3/envs/policyengine/lib/python3.9/site-packages/pluggy/callers.py:187: in _multicall
    res = hook_impl.function(*args)
../../opt/anaconda3/envs/policyengine/lib/python3.9/site-packages/_pytest/runner.py:143: in pytest_runtest_call
    raise e
../../opt/anaconda3/envs/policyengine/lib/python3.9/site-packages/_pytest/runner.py:135: in pytest_runtest_call
    item.runtest()
../../opt/anaconda3/envs/policyengine/lib/python3.9/site-packages/policyengine_core/tools/test_runner.py:260: in runtest
    self.check_output()
../../opt/anaconda3/envs/policyengine/lib/python3.9/site-packages/policyengine_core/tools/test_runner.py:289: in check_output
    self.check_variable(
../../opt/anaconda3/envs/policyengine/lib/python3.9/site-packages/policyengine_core/tools/test_runner.py:332: in check_variable
    actual_value = self.simulation.calculate(variable_name, period)
../../opt/anaconda3/envs/policyengine/lib/python3.9/site-packages/policyengine_core/simulations/simulation.py:316: in calculate
    result = self._calculate(variable_name, period)
../../opt/anaconda3/envs/policyengine/lib/python3.9/site-packages/policyengine_core/simulations/simulation.py:460: in _calculate
    array = self._run_formula(variable, population, period)
../../opt/anaconda3/envs/policyengine/lib/python3.9/site-packages/policyengine_core/simulations/simulation.py:622: in _run_formula
    array = formula(population, period, parameters_at)
policyengine_us/variables/gov/states/mo/tax/income/deductions/mo_pension_and_ss_or_ssd_deduction_section_c.py:24: in formula
    ss_or_ssd_agi_allowance = p.mo_ss_or_ssd_deduction_allowance[
../../opt/anaconda3/envs/policyengine/lib/python3.9/site-packages/policyengine_core/parameters/parameter_node_at_instant.py:49: in __getattr__
    raise ParameterNotFoundError(param_name, self._instant_str)
E   policyengine_core.errors.parameter_not_found_error.ParameterNotFoundError: The parameter 'gov.states.mo.tax.income.deductions[mo_ss_or_ssd_deduction_allowance]' was not found in the 2021-01-01 tax and benefit system.
_________________________________ test session _________________________________
../../opt/anaconda3/envs/policyengine/lib/python3.9/site-packages/_pytest/runner.py:244: in from_call
    result = func()
../../opt/anaconda3/envs/policyengine/lib/python3.9/site-packages/_pytest/runner.py:217: in <lambda>
    lambda: ihook(item=item, **kwds), when=when, reraise=reraise
../../opt/anaconda3/envs/policyengine/lib/python3.9/site-packages/pluggy/hooks.py:286: in __call__
    return self._hookexec(self, self.get_hookimpls(), kwargs)
../../opt/anaconda3/envs/policyengine/lib/python3.9/site-packages/pluggy/manager.py:93: in _hookexec
    return self._inner_hookexec(hook, methods, kwargs)
../../opt/anaconda3/envs/policyengine/lib/python3.9/site-packages/pluggy/manager.py:84: in <lambda>
    self._inner_hookexec = lambda hook, methods, kwargs: hook.multicall(
../../opt/anaconda3/envs/policyengine/lib/python3.9/site-packages/pluggy/callers.py:208: in _multicall
    return outcome.get_result()
../../opt/anaconda3/envs/policyengine/lib/python3.9/site-packages/pluggy/callers.py:80: in get_result
    raise ex[1].with_traceback(ex[2])
../../opt/anaconda3/envs/policyengine/lib/python3.9/site-packages/pluggy/callers.py:187: in _multicall
    res = hook_impl.function(*args)
../../opt/anaconda3/envs/policyengine/lib/python3.9/site-packages/_pytest/runner.py:143: in pytest_runtest_call
    raise e
../../opt/anaconda3/envs/policyengine/lib/python3.9/site-packages/_pytest/runner.py:135: in pytest_runtest_call
    item.runtest()
../../opt/anaconda3/envs/policyengine/lib/python3.9/site-packages/policyengine_core/tools/test_runner.py:260: in runtest
    self.check_output()
../../opt/anaconda3/envs/policyengine/lib/python3.9/site-packages/policyengine_core/tools/test_runner.py:289: in check_output
    self.check_variable(
../../opt/anaconda3/envs/policyengine/lib/python3.9/site-packages/policyengine_core/tools/test_runner.py:332: in check_variable
    actual_value = self.simulation.calculate(variable_name, period)
../../opt/anaconda3/envs/policyengine/lib/python3.9/site-packages/policyengine_core/simulations/simulation.py:316: in calculate
    result = self._calculate(variable_name, period)
../../opt/anaconda3/envs/policyengine/lib/python3.9/site-packages/policyengine_core/simulations/simulation.py:460: in _calculate
    array = self._run_formula(variable, population, period)
../../opt/anaconda3/envs/policyengine/lib/python3.9/site-packages/policyengine_core/simulations/simulation.py:622: in _run_formula
    array = formula(population, period, parameters_at)
policyengine_us/variables/gov/states/mo/tax/income/deductions/mo_pension_and_ss_or_ssd_deduction_section_c.py:24: in formula
    ss_or_ssd_agi_allowance = p.mo_ss_or_ssd_deduction_allowance[
../../opt/anaconda3/envs/policyengine/lib/python3.9/site-packages/policyengine_core/parameters/parameter_node_at_instant.py:49: in __getattr__
    raise ParameterNotFoundError(param_name, self._instant_str)
E   policyengine_core.errors.parameter_not_found_error.ParameterNotFoundError: The parameter 'gov.states.mo.tax.income.deductions[mo_ss_or_ssd_deduction_allowance]' was not found in the 2021-01-01 tax and benefit system.
_________________________________ test session _________________________________
../../opt/anaconda3/envs/policyengine/lib/python3.9/site-packages/_pytest/runner.py:244: in from_call
    result = func()
../../opt/anaconda3/envs/policyengine/lib/python3.9/site-packages/_pytest/runner.py:217: in <lambda>
    lambda: ihook(item=item, **kwds), when=when, reraise=reraise
../../opt/anaconda3/envs/policyengine/lib/python3.9/site-packages/pluggy/hooks.py:286: in __call__
    return self._hookexec(self, self.get_hookimpls(), kwargs)
../../opt/anaconda3/envs/policyengine/lib/python3.9/site-packages/pluggy/manager.py:93: in _hookexec
    return self._inner_hookexec(hook, methods, kwargs)
../../opt/anaconda3/envs/policyengine/lib/python3.9/site-packages/pluggy/manager.py:84: in <lambda>
    self._inner_hookexec = lambda hook, methods, kwargs: hook.multicall(
../../opt/anaconda3/envs/policyengine/lib/python3.9/site-packages/pluggy/callers.py:208: in _multicall
    return outcome.get_result()
../../opt/anaconda3/envs/policyengine/lib/python3.9/site-packages/pluggy/callers.py:80: in get_result
    raise ex[1].with_traceback(ex[2])
../../opt/anaconda3/envs/policyengine/lib/python3.9/site-packages/pluggy/callers.py:187: in _multicall
    res = hook_impl.function(*args)
../../opt/anaconda3/envs/policyengine/lib/python3.9/site-packages/_pytest/runner.py:143: in pytest_runtest_call
    raise e
../../opt/anaconda3/envs/policyengine/lib/python3.9/site-packages/_pytest/runner.py:135: in pytest_runtest_call
    item.runtest()
../../opt/anaconda3/envs/policyengine/lib/python3.9/site-packages/policyengine_core/tools/test_runner.py:260: in runtest
    self.check_output()
../../opt/anaconda3/envs/policyengine/lib/python3.9/site-packages/policyengine_core/tools/test_runner.py:289: in check_output
    self.check_variable(
../../opt/anaconda3/envs/policyengine/lib/python3.9/site-packages/policyengine_core/tools/test_runner.py:332: in check_variable
    actual_value = self.simulation.calculate(variable_name, period)
../../opt/anaconda3/envs/policyengine/lib/python3.9/site-packages/policyengine_core/simulations/simulation.py:316: in calculate
    result = self._calculate(variable_name, period)
../../opt/anaconda3/envs/policyengine/lib/python3.9/site-packages/policyengine_core/simulations/simulation.py:460: in _calculate
    array = self._run_formula(variable, population, period)
../../opt/anaconda3/envs/policyengine/lib/python3.9/site-packages/policyengine_core/simulations/simulation.py:622: in _run_formula
    array = formula(population, period, parameters_at)
policyengine_us/variables/gov/states/mo/tax/income/deductions/mo_pension_and_ss_or_ssd_deduction_section_c.py:24: in formula
    ss_or_ssd_agi_allowance = p.mo_ss_or_ssd_deduction_allowance[
../../opt/anaconda3/envs/policyengine/lib/python3.9/site-packages/policyengine_core/parameters/parameter_node_at_instant.py:49: in __getattr__
    raise ParameterNotFoundError(param_name, self._instant_str)
E   policyengine_core.errors.parameter_not_found_error.ParameterNotFoundError: The parameter 'gov.states.mo.tax.income.deductions[mo_ss_or_ssd_deduction_allowance]' was not found in the 2021-01-01 tax and benefit system.
_________________________________ test session _________________________________
../../opt/anaconda3/envs/policyengine/lib/python3.9/site-packages/_pytest/runner.py:244: in from_call
    result = func()
../../opt/anaconda3/envs/policyengine/lib/python3.9/site-packages/_pytest/runner.py:217: in <lambda>
    lambda: ihook(item=item, **kwds), when=when, reraise=reraise
../../opt/anaconda3/envs/policyengine/lib/python3.9/site-packages/pluggy/hooks.py:286: in __call__
    return self._hookexec(self, self.get_hookimpls(), kwargs)
../../opt/anaconda3/envs/policyengine/lib/python3.9/site-packages/pluggy/manager.py:93: in _hookexec
    return self._inner_hookexec(hook, methods, kwargs)
../../opt/anaconda3/envs/policyengine/lib/python3.9/site-packages/pluggy/manager.py:84: in <lambda>
    self._inner_hookexec = lambda hook, methods, kwargs: hook.multicall(
../../opt/anaconda3/envs/policyengine/lib/python3.9/site-packages/pluggy/callers.py:208: in _multicall
    return outcome.get_result()
../../opt/anaconda3/envs/policyengine/lib/python3.9/site-packages/pluggy/callers.py:80: in get_result
    raise ex[1].with_traceback(ex[2])
../../opt/anaconda3/envs/policyengine/lib/python3.9/site-packages/pluggy/callers.py:187: in _multicall
    res = hook_impl.function(*args)
../../opt/anaconda3/envs/policyengine/lib/python3.9/site-packages/_pytest/runner.py:143: in pytest_runtest_call
    raise e
../../opt/anaconda3/envs/policyengine/lib/python3.9/site-packages/_pytest/runner.py:135: in pytest_runtest_call
    item.runtest()
../../opt/anaconda3/envs/policyengine/lib/python3.9/site-packages/policyengine_core/tools/test_runner.py:260: in runtest
    self.check_output()
../../opt/anaconda3/envs/policyengine/lib/python3.9/site-packages/policyengine_core/tools/test_runner.py:289: in check_output
    self.check_variable(
../../opt/anaconda3/envs/policyengine/lib/python3.9/site-packages/policyengine_core/tools/test_runner.py:332: in check_variable
    actual_value = self.simulation.calculate(variable_name, period)
../../opt/anaconda3/envs/policyengine/lib/python3.9/site-packages/policyengine_core/simulations/simulation.py:316: in calculate
    result = self._calculate(variable_name, period)
../../opt/anaconda3/envs/policyengine/lib/python3.9/site-packages/policyengine_core/simulations/simulation.py:460: in _calculate
    array = self._run_formula(variable, population, period)
../../opt/anaconda3/envs/policyengine/lib/python3.9/site-packages/policyengine_core/simulations/simulation.py:622: in _run_formula
    array = formula(population, period, parameters_at)
policyengine_us/variables/gov/states/mo/tax/income/deductions/mo_pension_and_ss_or_ssd_deduction_section_a.py:47: in formula
    p.mo_max_social_security_benefit
../../opt/anaconda3/envs/policyengine/lib/python3.9/site-packages/policyengine_core/parameters/parameter_node_at_instant.py:49: in __getattr__
    raise ParameterNotFoundError(param_name, self._instant_str)
E   policyengine_core.errors.parameter_not_found_error.ParameterNotFoundError: The parameter 'gov.states.mo.tax.income.deductions[mo_max_social_security_benefit]' was not found in the 2021-01-01 tax and benefit system.
_________________________________ test session _________________________________
/Users/nick/policyengine/openfisca-us/policyengine_us/tests/policy/baseline/gov/states/mo/tax/income/deductions/mo_pension_and_ss_or_ssd_deduction/integration_tests/mo_pension_and_ss_or_ssd.yaml:
  Test '70k income, childless couple, evenly split income, one with SS, one with SSD':
    mo_adjusted_gross_income@2021: [35000. 35000.] differs from [35000. 25000.] with an absolute margin [    0. 10000.] > 0.01
_________________________________ test session _________________________________
/Users/nick/policyengine/openfisca-us/policyengine_us/tests/policy/baseline/gov/states/mo/tax/income/deductions/mo_pension_and_ss_or_ssd_deduction/integration_tests/mo_pension_and_ss_or_ssd.yaml:
  Test '70k income, childless couple, evenly split income, both with SS and SSD':
    mo_adjusted_gross_income@2021: [31000. 31000.] differs from [30000. 31000.] with an absolute margin [1000.    0.] > 0.01
_________________________________ test session _________________________________
/Users/nick/policyengine/openfisca-us/policyengine_us/tests/policy/baseline/gov/states/mo/tax/income/deductions/mo_pension_and_ss_or_ssd_deduction/integration_tests/mo_pension_and_ss_or_ssd.yaml:
  Test '70k income, childless couple, evenly split income, one with SS, one with private pension':
    mo_adjusted_gross_income@2021: [35000. 25000.] differs from [35000. 35000.] with an absolute margin [    0. 10000.] > 0.01
_________________________________ test session _________________________________
/Users/nick/policyengine/openfisca-us/policyengine_us/tests/policy/baseline/gov/states/mo/tax/income/deductions/mo_pension_and_ss_or_ssd_deduction/integration_tests/mo_pension_and_ss_or_ssd.yaml:
  Test '90k income, childless couple, evenly split income, both with public + private pensions, and SS':
    mo_adjusted_gross_income@2021: [40000. 40000.] differs from [45000. 45000.] with an absolute margin [5000. 5000.] > 0.01
_________________________________ test session _________________________________
/Users/nick/policyengine/openfisca-us/policyengine_us/tests/policy/baseline/gov/states/mo/tax/income/deductions/mo_pension_and_ss_or_ssd_deduction/integration_tests/mo_pension_and_ss_or_ssd.yaml:
  Test '90k income, childless couple, evenly split income, both with public + private pensions, one with SS and the other with SSD':
    mo_adjusted_gross_income@2021: [40000. 40000.] differs from [45000. 35000.] with an absolute margin [5000. 5000.] > 0.01
_________________________________ test session _________________________________
/Users/nick/policyengine/openfisca-us/policyengine_us/tests/policy/baseline/gov/states/mo/tax/income/deductions/mo_pension_and_ss_or_ssd_deduction/integration_tests/mo_pension_and_ss_or_ssd.yaml:
  Test '100k income, childless couple, evenly split income, both with public + private pensions, both with SS and SSD':
    mo_adjusted_gross_income@2021: [41000. 40000.] differs from [46000. 45000.] with an absolute margin [5000. 5000.] > 0.01
_________________________________ test session _________________________________
../../opt/anaconda3/envs/policyengine/lib/python3.9/site-packages/_pytest/runner.py:244: in from_call
    result = func()
../../opt/anaconda3/envs/policyengine/lib/python3.9/site-packages/_pytest/runner.py:217: in <lambda>
    lambda: ihook(item=item, **kwds), when=when, reraise=reraise
../../opt/anaconda3/envs/policyengine/lib/python3.9/site-packages/pluggy/hooks.py:286: in __call__
    return self._hookexec(self, self.get_hookimpls(), kwargs)
../../opt/anaconda3/envs/policyengine/lib/python3.9/site-packages/pluggy/manager.py:93: in _hookexec
    return self._inner_hookexec(hook, methods, kwargs)
../../opt/anaconda3/envs/policyengine/lib/python3.9/site-packages/pluggy/manager.py:84: in <lambda>
    self._inner_hookexec = lambda hook, methods, kwargs: hook.multicall(
../../opt/anaconda3/envs/policyengine/lib/python3.9/site-packages/pluggy/callers.py:208: in _multicall
    return outcome.get_result()
../../opt/anaconda3/envs/policyengine/lib/python3.9/site-packages/pluggy/callers.py:80: in get_result
    raise ex[1].with_traceback(ex[2])
../../opt/anaconda3/envs/policyengine/lib/python3.9/site-packages/pluggy/callers.py:187: in _multicall
    res = hook_impl.function(*args)
../../opt/anaconda3/envs/policyengine/lib/python3.9/site-packages/_pytest/runner.py:143: in pytest_runtest_call
    raise e
../../opt/anaconda3/envs/policyengine/lib/python3.9/site-packages/_pytest/runner.py:135: in pytest_runtest_call
    item.runtest()
../../opt/anaconda3/envs/policyengine/lib/python3.9/site-packages/policyengine_core/tools/test_runner.py:260: in runtest
    self.check_output()
../../opt/anaconda3/envs/policyengine/lib/python3.9/site-packages/policyengine_core/tools/test_runner.py:289: in check_output
    self.check_variable(
../../opt/anaconda3/envs/policyengine/lib/python3.9/site-packages/policyengine_core/tools/test_runner.py:332: in check_variable
    actual_value = self.simulation.calculate(variable_name, period)
../../opt/anaconda3/envs/policyengine/lib/python3.9/site-packages/policyengine_core/simulations/simulation.py:316: in calculate
    result = self._calculate(variable_name, period)
../../opt/anaconda3/envs/policyengine/lib/python3.9/site-packages/policyengine_core/simulations/simulation.py:460: in _calculate
    array = self._run_formula(variable, population, period)
../../opt/anaconda3/envs/policyengine/lib/python3.9/site-packages/policyengine_core/simulations/simulation.py:622: in _run_formula
    array = formula(population, period, parameters_at)
policyengine_us/variables/gov/states/mo/tax/income/deductions/mo_pension_and_ss_or_ssd_deduction_section_a.py:47: in formula
    p.mo_max_social_security_benefit
../../opt/anaconda3/envs/policyengine/lib/python3.9/site-packages/policyengine_core/parameters/parameter_node_at_instant.py:49: in __getattr__
    raise ParameterNotFoundError(param_name, self._instant_str)
E   policyengine_core.errors.parameter_not_found_error.ParameterNotFoundError: The parameter 'gov.states.mo.tax.income.deductions[mo_max_social_security_benefit]' was not found in the 2021-01-01 tax and benefit system.
_________________________________ test session _________________________________
/Users/nick/policyengine/openfisca-us/policyengine_us/tests/policy/baseline/gov/states/mo/tax/income/deductions/mo_pension_and_ss_or_ssd_deduction/integration_tests/mo_pension_and_ss_or_ssd.yaml:
  Test '70k income, childless couple, evenly split income, both with private pensions':
    mo_adjusted_gross_income@2021: [25000. 25000.] differs from [35000. 35000.] with an absolute margin [10000. 10000.] > 0.01
_________________________________ test session _________________________________
/Users/nick/policyengine/openfisca-us/policyengine_us/tests/policy/baseline/gov/states/mo/tax/income/deductions/mo_pension_and_ss_or_ssd_deduction/integration_tests/mo_pension_and_ss_or_ssd.yaml:
  Test '70k income, childless couple, evenly split income, both with public and private pensions':
    mo_adjusted_gross_income@2021: [10000. 10000.] differs from [15000. 15000.] with an absolute margin [5000. 5000.] > 0.01
_________________________________ test session _________________________________
../../opt/anaconda3/envs/policyengine/lib/python3.9/site-packages/_pytest/runner.py:244: in from_call
    result = func()
../../opt/anaconda3/envs/policyengine/lib/python3.9/site-packages/_pytest/runner.py:217: in <lambda>
    lambda: ihook(item=item, **kwds), when=when, reraise=reraise
../../opt/anaconda3/envs/policyengine/lib/python3.9/site-packages/pluggy/hooks.py:286: in __call__
    return self._hookexec(self, self.get_hookimpls(), kwargs)
../../opt/anaconda3/envs/policyengine/lib/python3.9/site-packages/pluggy/manager.py:93: in _hookexec
    return self._inner_hookexec(hook, methods, kwargs)
../../opt/anaconda3/envs/policyengine/lib/python3.9/site-packages/pluggy/manager.py:84: in <lambda>
    self._inner_hookexec = lambda hook, methods, kwargs: hook.multicall(
../../opt/anaconda3/envs/policyengine/lib/python3.9/site-packages/pluggy/callers.py:208: in _multicall
    return outcome.get_result()
../../opt/anaconda3/envs/policyengine/lib/python3.9/site-packages/pluggy/callers.py:80: in get_result
    raise ex[1].with_traceback(ex[2])
../../opt/anaconda3/envs/policyengine/lib/python3.9/site-packages/pluggy/callers.py:187: in _multicall
    res = hook_impl.function(*args)
../../opt/anaconda3/envs/policyengine/lib/python3.9/site-packages/_pytest/runner.py:143: in pytest_runtest_call
    raise e
../../opt/anaconda3/envs/policyengine/lib/python3.9/site-packages/_pytest/runner.py:135: in pytest_runtest_call
    item.runtest()
../../opt/anaconda3/envs/policyengine/lib/python3.9/site-packages/policyengine_core/tools/test_runner.py:260: in runtest
    self.check_output()
../../opt/anaconda3/envs/policyengine/lib/python3.9/site-packages/policyengine_core/tools/test_runner.py:289: in check_output
    self.check_variable(
../../opt/anaconda3/envs/policyengine/lib/python3.9/site-packages/policyengine_core/tools/test_runner.py:332: in check_variable
    actual_value = self.simulation.calculate(variable_name, period)
../../opt/anaconda3/envs/policyengine/lib/python3.9/site-packages/policyengine_core/simulations/simulation.py:316: in calculate
    result = self._calculate(variable_name, period)
../../opt/anaconda3/envs/policyengine/lib/python3.9/site-packages/policyengine_core/simulations/simulation.py:460: in _calculate
    array = self._run_formula(variable, population, period)
../../opt/anaconda3/envs/policyengine/lib/python3.9/site-packages/policyengine_core/simulations/simulation.py:622: in _run_formula
    array = formula(population, period, parameters_at)
policyengine_us/variables/gov/states/mo/tax/income/taxable_income/mo_taxable_income.py:32: in formula
    mo_pension_and_ss_or_ssd_deduction = tax_unit(
../../opt/anaconda3/envs/policyengine/lib/python3.9/site-packages/policyengine_core/projectors/projector.py:33: in __call__
    result = self.reference_entity(*args, **kwargs)
../../opt/anaconda3/envs/policyengine/lib/python3.9/site-packages/policyengine_core/populations/population.py:130: in __call__
    return self.simulation.calculate(
../../opt/anaconda3/envs/policyengine/lib/python3.9/site-packages/policyengine_core/simulations/simulation.py:316: in calculate
    result = self._calculate(variable_name, period)
../../opt/anaconda3/envs/policyengine/lib/python3.9/site-packages/policyengine_core/simulations/simulation.py:460: in _calculate
    array = self._run_formula(variable, population, period)
../../opt/anaconda3/envs/policyengine/lib/python3.9/site-packages/policyengine_core/simulations/simulation.py:622: in _run_formula
    array = formula(population, period, parameters_at)
policyengine_us/variables/gov/states/mo/tax/income/deductions/mo_pension_and_ss_or_ssd_deduction.py:22: in formula
    eligible_ss_or_ssd = person(
../../opt/anaconda3/envs/policyengine/lib/python3.9/site-packages/policyengine_core/populations/population.py:130: in __call__
    return self.simulation.calculate(
../../opt/anaconda3/envs/policyengine/lib/python3.9/site-packages/policyengine_core/simulations/simulation.py:316: in calculate
    result = self._calculate(variable_name, period)
../../opt/anaconda3/envs/policyengine/lib/python3.9/site-packages/policyengine_core/simulations/simulation.py:460: in _calculate
    array = self._run_formula(variable, population, period)
../../opt/anaconda3/envs/policyengine/lib/python3.9/site-packages/policyengine_core/simulations/simulation.py:622: in _run_formula
    array = formula(population, period, parameters_at)
policyengine_us/variables/gov/states/mo/tax/income/deductions/mo_pension_and_ss_or_ssd_deduction_section_c.py:24: in formula
    ss_or_ssd_agi_allowance = p.mo_ss_or_ssd_deduction_allowance[
../../opt/anaconda3/envs/policyengine/lib/python3.9/site-packages/policyengine_core/parameters/parameter_node_at_instant.py:49: in __getattr__
    raise ParameterNotFoundError(param_name, self._instant_str)
E   policyengine_core.errors.parameter_not_found_error.ParameterNotFoundError: The parameter 'gov.states.mo.tax.income.deductions[mo_ss_or_ssd_deduction_allowance]' was not found in the 2021-01-01 tax and benefit system.
_________________________________ test session _________________________________
../../opt/anaconda3/envs/policyengine/lib/python3.9/site-packages/_pytest/runner.py:244: in from_call
    result = func()
../../opt/anaconda3/envs/policyengine/lib/python3.9/site-packages/_pytest/runner.py:217: in <lambda>
    lambda: ihook(item=item, **kwds), when=when, reraise=reraise
../../opt/anaconda3/envs/policyengine/lib/python3.9/site-packages/pluggy/hooks.py:286: in __call__
    return self._hookexec(self, self.get_hookimpls(), kwargs)
../../opt/anaconda3/envs/policyengine/lib/python3.9/site-packages/pluggy/manager.py:93: in _hookexec
    return self._inner_hookexec(hook, methods, kwargs)
../../opt/anaconda3/envs/policyengine/lib/python3.9/site-packages/pluggy/manager.py:84: in <lambda>
    self._inner_hookexec = lambda hook, methods, kwargs: hook.multicall(
../../opt/anaconda3/envs/policyengine/lib/python3.9/site-packages/pluggy/callers.py:208: in _multicall
    return outcome.get_result()
../../opt/anaconda3/envs/policyengine/lib/python3.9/site-packages/pluggy/callers.py:80: in get_result
    raise ex[1].with_traceback(ex[2])
../../opt/anaconda3/envs/policyengine/lib/python3.9/site-packages/pluggy/callers.py:187: in _multicall
    res = hook_impl.function(*args)
../../opt/anaconda3/envs/policyengine/lib/python3.9/site-packages/_pytest/runner.py:143: in pytest_runtest_call
    raise e
../../opt/anaconda3/envs/policyengine/lib/python3.9/site-packages/_pytest/runner.py:135: in pytest_runtest_call
    item.runtest()
../../opt/anaconda3/envs/policyengine/lib/python3.9/site-packages/policyengine_core/tools/test_runner.py:260: in runtest
    self.check_output()
../../opt/anaconda3/envs/policyengine/lib/python3.9/site-packages/policyengine_core/tools/test_runner.py:289: in check_output
    self.check_variable(
../../opt/anaconda3/envs/policyengine/lib/python3.9/site-packages/policyengine_core/tools/test_runner.py:332: in check_variable
    actual_value = self.simulation.calculate(variable_name, period)
../../opt/anaconda3/envs/policyengine/lib/python3.9/site-packages/policyengine_core/simulations/simulation.py:316: in calculate
    result = self._calculate(variable_name, period)
../../opt/anaconda3/envs/policyengine/lib/python3.9/site-packages/policyengine_core/simulations/simulation.py:460: in _calculate
    array = self._run_formula(variable, population, period)
../../opt/anaconda3/envs/policyengine/lib/python3.9/site-packages/policyengine_core/simulations/simulation.py:622: in _run_formula
    array = formula(population, period, parameters_at)
policyengine_us/variables/gov/states/mo/tax/income/taxable_income/mo_taxable_income.py:32: in formula
    mo_pension_and_ss_or_ssd_deduction = tax_unit(
../../opt/anaconda3/envs/policyengine/lib/python3.9/site-packages/policyengine_core/projectors/projector.py:33: in __call__
    result = self.reference_entity(*args, **kwargs)
../../opt/anaconda3/envs/policyengine/lib/python3.9/site-packages/policyengine_core/populations/population.py:130: in __call__
    return self.simulation.calculate(
../../opt/anaconda3/envs/policyengine/lib/python3.9/site-packages/policyengine_core/simulations/simulation.py:316: in calculate
    result = self._calculate(variable_name, period)
../../opt/anaconda3/envs/policyengine/lib/python3.9/site-packages/policyengine_core/simulations/simulation.py:460: in _calculate
    array = self._run_formula(variable, population, period)
../../opt/anaconda3/envs/policyengine/lib/python3.9/site-packages/policyengine_core/simulations/simulation.py:622: in _run_formula
    array = formula(population, period, parameters_at)
policyengine_us/variables/gov/states/mo/tax/income/deductions/mo_pension_and_ss_or_ssd_deduction.py:22: in formula
    eligible_ss_or_ssd = person(
../../opt/anaconda3/envs/policyengine/lib/python3.9/site-packages/policyengine_core/populations/population.py:130: in __call__
    return self.simulation.calculate(
../../opt/anaconda3/envs/policyengine/lib/python3.9/site-packages/policyengine_core/simulations/simulation.py:316: in calculate
    result = self._calculate(variable_name, period)
../../opt/anaconda3/envs/policyengine/lib/python3.9/site-packages/policyengine_core/simulations/simulation.py:460: in _calculate
    array = self._run_formula(variable, population, period)
../../opt/anaconda3/envs/policyengine/lib/python3.9/site-packages/policyengine_core/simulations/simulation.py:622: in _run_formula
    array = formula(population, period, parameters_at)
policyengine_us/variables/gov/states/mo/tax/income/deductions/mo_pension_and_ss_or_ssd_deduction_section_c.py:24: in formula
    ss_or_ssd_agi_allowance = p.mo_ss_or_ssd_deduction_allowance[
../../opt/anaconda3/envs/policyengine/lib/python3.9/site-packages/policyengine_core/parameters/parameter_node_at_instant.py:49: in __getattr__
    raise ParameterNotFoundError(param_name, self._instant_str)
E   policyengine_core.errors.parameter_not_found_error.ParameterNotFoundError: The parameter 'gov.states.mo.tax.income.deductions[mo_ss_or_ssd_deduction_allowance]' was not found in the 2021-01-01 tax and benefit system.
_________________________________ test session _________________________________
../../opt/anaconda3/envs/policyengine/lib/python3.9/site-packages/_pytest/runner.py:244: in from_call
    result = func()
../../opt/anaconda3/envs/policyengine/lib/python3.9/site-packages/_pytest/runner.py:217: in <lambda>
    lambda: ihook(item=item, **kwds), when=when, reraise=reraise
../../opt/anaconda3/envs/policyengine/lib/python3.9/site-packages/pluggy/hooks.py:286: in __call__
    return self._hookexec(self, self.get_hookimpls(), kwargs)
../../opt/anaconda3/envs/policyengine/lib/python3.9/site-packages/pluggy/manager.py:93: in _hookexec
    return self._inner_hookexec(hook, methods, kwargs)
../../opt/anaconda3/envs/policyengine/lib/python3.9/site-packages/pluggy/manager.py:84: in <lambda>
    self._inner_hookexec = lambda hook, methods, kwargs: hook.multicall(
../../opt/anaconda3/envs/policyengine/lib/python3.9/site-packages/pluggy/callers.py:208: in _multicall
    return outcome.get_result()
../../opt/anaconda3/envs/policyengine/lib/python3.9/site-packages/pluggy/callers.py:80: in get_result
    raise ex[1].with_traceback(ex[2])
../../opt/anaconda3/envs/policyengine/lib/python3.9/site-packages/pluggy/callers.py:187: in _multicall
    res = hook_impl.function(*args)
../../opt/anaconda3/envs/policyengine/lib/python3.9/site-packages/_pytest/runner.py:143: in pytest_runtest_call
    raise e
../../opt/anaconda3/envs/policyengine/lib/python3.9/site-packages/_pytest/runner.py:135: in pytest_runtest_call
    item.runtest()
../../opt/anaconda3/envs/policyengine/lib/python3.9/site-packages/policyengine_core/tools/test_runner.py:260: in runtest
    self.check_output()
../../opt/anaconda3/envs/policyengine/lib/python3.9/site-packages/policyengine_core/tools/test_runner.py:289: in check_output
    self.check_variable(
../../opt/anaconda3/envs/policyengine/lib/python3.9/site-packages/policyengine_core/tools/test_runner.py:332: in check_variable
    actual_value = self.simulation.calculate(variable_name, period)
../../opt/anaconda3/envs/policyengine/lib/python3.9/site-packages/policyengine_core/simulations/simulation.py:316: in calculate
    result = self._calculate(variable_name, period)
../../opt/anaconda3/envs/policyengine/lib/python3.9/site-packages/policyengine_core/simulations/simulation.py:460: in _calculate
    array = self._run_formula(variable, population, period)
../../opt/anaconda3/envs/policyengine/lib/python3.9/site-packages/policyengine_core/simulations/simulation.py:622: in _run_formula
    array = formula(population, period, parameters_at)
policyengine_us/variables/gov/states/mo/tax/income/income_tax/mo_income_tax.py:19: in formula
    mo_income_tax_before_credits = add(
../../opt/anaconda3/envs/policyengine/lib/python3.9/site-packages/policyengine_core/commons/formulas.py:225: in add
    return for_each_variable(
../../opt/anaconda3/envs/policyengine/lib/python3.9/site-packages/policyengine_core/commons/formulas.py:184: in for_each_variable
    entity.members(variable, period, options=options)
../../opt/anaconda3/envs/policyengine/lib/python3.9/site-packages/policyengine_core/populations/population.py:130: in __call__
    return self.simulation.calculate(
../../opt/anaconda3/envs/policyengine/lib/python3.9/site-packages/policyengine_core/simulations/simulation.py:316: in calculate
    result = self._calculate(variable_name, period)
../../opt/anaconda3/envs/policyengine/lib/python3.9/site-packages/policyengine_core/simulations/simulation.py:460: in _calculate
    array = self._run_formula(variable, population, period)
../../opt/anaconda3/envs/policyengine/lib/python3.9/site-packages/policyengine_core/simulations/simulation.py:622: in _run_formula
    array = formula(population, period, parameters_at)
policyengine_us/variables/gov/states/mo/tax/income/income_tax/mo_income_tax_before_credits.py:17: in formula
    taxable_income = person("mo_taxable_income", period)
../../opt/anaconda3/envs/policyengine/lib/python3.9/site-packages/policyengine_core/populations/population.py:130: in __call__
    return self.simulation.calculate(
../../opt/anaconda3/envs/policyengine/lib/python3.9/site-packages/policyengine_core/simulations/simulation.py:316: in calculate
    result = self._calculate(variable_name, period)
../../opt/anaconda3/envs/policyengine/lib/python3.9/site-packages/policyengine_core/simulations/simulation.py:460: in _calculate
    array = self._run_formula(variable, population, period)
../../opt/anaconda3/envs/policyengine/lib/python3.9/site-packages/policyengine_core/simulations/simulation.py:622: in _run_formula
    array = formula(population, period, parameters_at)
policyengine_us/variables/gov/states/mo/tax/income/taxable_income/mo_taxable_income.py:32: in formula
    mo_pension_and_ss_or_ssd_deduction = tax_unit(
../../opt/anaconda3/envs/policyengine/lib/python3.9/site-packages/policyengine_core/projectors/projector.py:33: in __call__
    result = self.reference_entity(*args, **kwargs)
../../opt/anaconda3/envs/policyengine/lib/python3.9/site-packages/policyengine_core/populations/population.py:130: in __call__
    return self.simulation.calculate(
../../opt/anaconda3/envs/policyengine/lib/python3.9/site-packages/policyengine_core/simulations/simulation.py:316: in calculate
    result = self._calculate(variable_name, period)
../../opt/anaconda3/envs/policyengine/lib/python3.9/site-packages/policyengine_core/simulations/simulation.py:460: in _calculate
    array = self._run_formula(variable, population, period)
../../opt/anaconda3/envs/policyengine/lib/python3.9/site-packages/policyengine_core/simulations/simulation.py:622: in _run_formula
    array = formula(population, period, parameters_at)
policyengine_us/variables/gov/states/mo/tax/income/deductions/mo_pension_and_ss_or_ssd_deduction.py:22: in formula
    eligible_ss_or_ssd = person(
../../opt/anaconda3/envs/policyengine/lib/python3.9/site-packages/policyengine_core/populations/population.py:130: in __call__
    return self.simulation.calculate(
../../opt/anaconda3/envs/policyengine/lib/python3.9/site-packages/policyengine_core/simulations/simulation.py:316: in calculate
    result = self._calculate(variable_name, period)
../../opt/anaconda3/envs/policyengine/lib/python3.9/site-packages/policyengine_core/simulations/simulation.py:460: in _calculate
    array = self._run_formula(variable, population, period)
../../opt/anaconda3/envs/policyengine/lib/python3.9/site-packages/policyengine_core/simulations/simulation.py:622: in _run_formula
    array = formula(population, period, parameters_at)
policyengine_us/variables/gov/states/mo/tax/income/deductions/mo_pension_and_ss_or_ssd_deduction_section_c.py:24: in formula
    ss_or_ssd_agi_allowance = p.mo_ss_or_ssd_deduction_allowance[
../../opt/anaconda3/envs/policyengine/lib/python3.9/site-packages/policyengine_core/parameters/parameter_node_at_instant.py:49: in __getattr__
    raise ParameterNotFoundError(param_name, self._instant_str)
E   policyengine_core.errors.parameter_not_found_error.ParameterNotFoundError: The parameter 'gov.states.mo.tax.income.deductions[mo_ss_or_ssd_deduction_allowance]' was not found in the 2021-01-01 tax and benefit system.
_________________________________ test session _________________________________
../../opt/anaconda3/envs/policyengine/lib/python3.9/site-packages/_pytest/runner.py:244: in from_call
    result = func()
../../opt/anaconda3/envs/policyengine/lib/python3.9/site-packages/_pytest/runner.py:217: in <lambda>
    lambda: ihook(item=item, **kwds), when=when, reraise=reraise
../../opt/anaconda3/envs/policyengine/lib/python3.9/site-packages/pluggy/hooks.py:286: in __call__
    return self._hookexec(self, self.get_hookimpls(), kwargs)
../../opt/anaconda3/envs/policyengine/lib/python3.9/site-packages/pluggy/manager.py:93: in _hookexec
    return self._inner_hookexec(hook, methods, kwargs)
../../opt/anaconda3/envs/policyengine/lib/python3.9/site-packages/pluggy/manager.py:84: in <lambda>
    self._inner_hookexec = lambda hook, methods, kwargs: hook.multicall(
../../opt/anaconda3/envs/policyengine/lib/python3.9/site-packages/pluggy/callers.py:208: in _multicall
    return outcome.get_result()
../../opt/anaconda3/envs/policyengine/lib/python3.9/site-packages/pluggy/callers.py:80: in get_result
    raise ex[1].with_traceback(ex[2])
../../opt/anaconda3/envs/policyengine/lib/python3.9/site-packages/pluggy/callers.py:187: in _multicall
    res = hook_impl.function(*args)
../../opt/anaconda3/envs/policyengine/lib/python3.9/site-packages/_pytest/runner.py:143: in pytest_runtest_call
    raise e
../../opt/anaconda3/envs/policyengine/lib/python3.9/site-packages/_pytest/runner.py:135: in pytest_runtest_call
    item.runtest()
../../opt/anaconda3/envs/policyengine/lib/python3.9/site-packages/policyengine_core/tools/test_runner.py:260: in runtest
    self.check_output()
../../opt/anaconda3/envs/policyengine/lib/python3.9/site-packages/policyengine_core/tools/test_runner.py:289: in check_output
    self.check_variable(
../../opt/anaconda3/envs/policyengine/lib/python3.9/site-packages/policyengine_core/tools/test_runner.py:332: in check_variable
    actual_value = self.simulation.calculate(variable_name, period)
../../opt/anaconda3/envs/policyengine/lib/python3.9/site-packages/policyengine_core/simulations/simulation.py:316: in calculate
    result = self._calculate(variable_name, period)
../../opt/anaconda3/envs/policyengine/lib/python3.9/site-packages/policyengine_core/simulations/simulation.py:460: in _calculate
    array = self._run_formula(variable, population, period)
../../opt/anaconda3/envs/policyengine/lib/python3.9/site-packages/policyengine_core/simulations/simulation.py:622: in _run_formula
    array = formula(population, period, parameters_at)
policyengine_us/variables/gov/states/mo/tax/income/income_tax/mo_income_tax.py:19: in formula
    mo_income_tax_before_credits = add(
../../opt/anaconda3/envs/policyengine/lib/python3.9/site-packages/policyengine_core/commons/formulas.py:225: in add
    return for_each_variable(
../../opt/anaconda3/envs/policyengine/lib/python3.9/site-packages/policyengine_core/commons/formulas.py:184: in for_each_variable
    entity.members(variable, period, options=options)
../../opt/anaconda3/envs/policyengine/lib/python3.9/site-packages/policyengine_core/populations/population.py:130: in __call__
    return self.simulation.calculate(
../../opt/anaconda3/envs/policyengine/lib/python3.9/site-packages/policyengine_core/simulations/simulation.py:316: in calculate
    result = self._calculate(variable_name, period)
../../opt/anaconda3/envs/policyengine/lib/python3.9/site-packages/policyengine_core/simulations/simulation.py:460: in _calculate
    array = self._run_formula(variable, population, period)
../../opt/anaconda3/envs/policyengine/lib/python3.9/site-packages/policyengine_core/simulations/simulation.py:622: in _run_formula
    array = formula(population, period, parameters_at)
policyengine_us/variables/gov/states/mo/tax/income/income_tax/mo_income_tax_before_credits.py:17: in formula
    taxable_income = person("mo_taxable_income", period)
../../opt/anaconda3/envs/policyengine/lib/python3.9/site-packages/policyengine_core/populations/population.py:130: in __call__
    return self.simulation.calculate(
../../opt/anaconda3/envs/policyengine/lib/python3.9/site-packages/policyengine_core/simulations/simulation.py:316: in calculate
    result = self._calculate(variable_name, period)
../../opt/anaconda3/envs/policyengine/lib/python3.9/site-packages/policyengine_core/simulations/simulation.py:460: in _calculate
    array = self._run_formula(variable, population, period)
../../opt/anaconda3/envs/policyengine/lib/python3.9/site-packages/policyengine_core/simulations/simulation.py:622: in _run_formula
    array = formula(population, period, parameters_at)
policyengine_us/variables/gov/states/mo/tax/income/taxable_income/mo_taxable_income.py:32: in formula
    mo_pension_and_ss_or_ssd_deduction = tax_unit(
../../opt/anaconda3/envs/policyengine/lib/python3.9/site-packages/policyengine_core/projectors/projector.py:33: in __call__
    result = self.reference_entity(*args, **kwargs)
../../opt/anaconda3/envs/policyengine/lib/python3.9/site-packages/policyengine_core/populations/population.py:130: in __call__
    return self.simulation.calculate(
../../opt/anaconda3/envs/policyengine/lib/python3.9/site-packages/policyengine_core/simulations/simulation.py:316: in calculate
    result = self._calculate(variable_name, period)
../../opt/anaconda3/envs/policyengine/lib/python3.9/site-packages/policyengine_core/simulations/simulation.py:460: in _calculate
    array = self._run_formula(variable, population, period)
../../opt/anaconda3/envs/policyengine/lib/python3.9/site-packages/policyengine_core/simulations/simulation.py:622: in _run_formula
    array = formula(population, period, parameters_at)
policyengine_us/variables/gov/states/mo/tax/income/deductions/mo_pension_and_ss_or_ssd_deduction.py:22: in formula
    eligible_ss_or_ssd = person(
../../opt/anaconda3/envs/policyengine/lib/python3.9/site-packages/policyengine_core/populations/population.py:130: in __call__
    return self.simulation.calculate(
../../opt/anaconda3/envs/policyengine/lib/python3.9/site-packages/policyengine_core/simulations/simulation.py:316: in calculate
    result = self._calculate(variable_name, period)
../../opt/anaconda3/envs/policyengine/lib/python3.9/site-packages/policyengine_core/simulations/simulation.py:460: in _calculate
    array = self._run_formula(variable, population, period)
../../opt/anaconda3/envs/policyengine/lib/python3.9/site-packages/policyengine_core/simulations/simulation.py:622: in _run_formula
    array = formula(population, period, parameters_at)
policyengine_us/variables/gov/states/mo/tax/income/deductions/mo_pension_and_ss_or_ssd_deduction_section_c.py:24: in formula
    ss_or_ssd_agi_allowance = p.mo_ss_or_ssd_deduction_allowance[
../../opt/anaconda3/envs/policyengine/lib/python3.9/site-packages/policyengine_core/parameters/parameter_node_at_instant.py:49: in __getattr__
    raise ParameterNotFoundError(param_name, self._instant_str)
E   policyengine_core.errors.parameter_not_found_error.ParameterNotFoundError: The parameter 'gov.states.mo.tax.income.deductions[mo_ss_or_ssd_deduction_allowance]' was not found in the 2021-01-01 tax and benefit system.
_________________________________ test session _________________________________
../../opt/anaconda3/envs/policyengine/lib/python3.9/site-packages/_pytest/runner.py:244: in from_call
    result = func()
../../opt/anaconda3/envs/policyengine/lib/python3.9/site-packages/_pytest/runner.py:217: in <lambda>
    lambda: ihook(item=item, **kwds), when=when, reraise=reraise
../../opt/anaconda3/envs/policyengine/lib/python3.9/site-packages/pluggy/hooks.py:286: in __call__
    return self._hookexec(self, self.get_hookimpls(), kwargs)
../../opt/anaconda3/envs/policyengine/lib/python3.9/site-packages/pluggy/manager.py:93: in _hookexec
    return self._inner_hookexec(hook, methods, kwargs)
../../opt/anaconda3/envs/policyengine/lib/python3.9/site-packages/pluggy/manager.py:84: in <lambda>
    self._inner_hookexec = lambda hook, methods, kwargs: hook.multicall(
../../opt/anaconda3/envs/policyengine/lib/python3.9/site-packages/pluggy/callers.py:208: in _multicall
    return outcome.get_result()
../../opt/anaconda3/envs/policyengine/lib/python3.9/site-packages/pluggy/callers.py:80: in get_result
    raise ex[1].with_traceback(ex[2])
../../opt/anaconda3/envs/policyengine/lib/python3.9/site-packages/pluggy/callers.py:187: in _multicall
    res = hook_impl.function(*args)
../../opt/anaconda3/envs/policyengine/lib/python3.9/site-packages/_pytest/runner.py:143: in pytest_runtest_call
    raise e
../../opt/anaconda3/envs/policyengine/lib/python3.9/site-packages/_pytest/runner.py:135: in pytest_runtest_call
    item.runtest()
../../opt/anaconda3/envs/policyengine/lib/python3.9/site-packages/policyengine_core/tools/test_runner.py:260: in runtest
    self.check_output()
../../opt/anaconda3/envs/policyengine/lib/python3.9/site-packages/policyengine_core/tools/test_runner.py:289: in check_output
    self.check_variable(
../../opt/anaconda3/envs/policyengine/lib/python3.9/site-packages/policyengine_core/tools/test_runner.py:332: in check_variable
    actual_value = self.simulation.calculate(variable_name, period)
../../opt/anaconda3/envs/policyengine/lib/python3.9/site-packages/policyengine_core/simulations/simulation.py:316: in calculate
    result = self._calculate(variable_name, period)
../../opt/anaconda3/envs/policyengine/lib/python3.9/site-packages/policyengine_core/simulations/simulation.py:460: in _calculate
    array = self._run_formula(variable, population, period)
../../opt/anaconda3/envs/policyengine/lib/python3.9/site-packages/policyengine_core/simulations/simulation.py:622: in _run_formula
    array = formula(population, period, parameters_at)
policyengine_us/variables/gov/states/mo/tax/income/income_tax/mo_income_tax.py:19: in formula
    mo_income_tax_before_credits = add(
../../opt/anaconda3/envs/policyengine/lib/python3.9/site-packages/policyengine_core/commons/formulas.py:225: in add
    return for_each_variable(
../../opt/anaconda3/envs/policyengine/lib/python3.9/site-packages/policyengine_core/commons/formulas.py:184: in for_each_variable
    entity.members(variable, period, options=options)
../../opt/anaconda3/envs/policyengine/lib/python3.9/site-packages/policyengine_core/populations/population.py:130: in __call__
    return self.simulation.calculate(
../../opt/anaconda3/envs/policyengine/lib/python3.9/site-packages/policyengine_core/simulations/simulation.py:316: in calculate
    result = self._calculate(variable_name, period)
../../opt/anaconda3/envs/policyengine/lib/python3.9/site-packages/policyengine_core/simulations/simulation.py:460: in _calculate
    array = self._run_formula(variable, population, period)
../../opt/anaconda3/envs/policyengine/lib/python3.9/site-packages/policyengine_core/simulations/simulation.py:622: in _run_formula
    array = formula(population, period, parameters_at)
policyengine_us/variables/gov/states/mo/tax/income/income_tax/mo_income_tax_before_credits.py:17: in formula
    taxable_income = person("mo_taxable_income", period)
../../opt/anaconda3/envs/policyengine/lib/python3.9/site-packages/policyengine_core/populations/population.py:130: in __call__
    return self.simulation.calculate(
../../opt/anaconda3/envs/policyengine/lib/python3.9/site-packages/policyengine_core/simulations/simulation.py:316: in calculate
    result = self._calculate(variable_name, period)
../../opt/anaconda3/envs/policyengine/lib/python3.9/site-packages/policyengine_core/simulations/simulation.py:460: in _calculate
    array = self._run_formula(variable, population, period)
../../opt/anaconda3/envs/policyengine/lib/python3.9/site-packages/policyengine_core/simulations/simulation.py:622: in _run_formula
    array = formula(population, period, parameters_at)
policyengine_us/variables/gov/states/mo/tax/income/taxable_income/mo_taxable_income.py:32: in formula
    mo_pension_and_ss_or_ssd_deduction = tax_unit(
../../opt/anaconda3/envs/policyengine/lib/python3.9/site-packages/policyengine_core/projectors/projector.py:33: in __call__
    result = self.reference_entity(*args, **kwargs)
../../opt/anaconda3/envs/policyengine/lib/python3.9/site-packages/policyengine_core/populations/population.py:130: in __call__
    return self.simulation.calculate(
../../opt/anaconda3/envs/policyengine/lib/python3.9/site-packages/policyengine_core/simulations/simulation.py:316: in calculate
    result = self._calculate(variable_name, period)
../../opt/anaconda3/envs/policyengine/lib/python3.9/site-packages/policyengine_core/simulations/simulation.py:460: in _calculate
    array = self._run_formula(variable, population, period)
../../opt/anaconda3/envs/policyengine/lib/python3.9/site-packages/policyengine_core/simulations/simulation.py:622: in _run_formula
    array = formula(population, period, parameters_at)
policyengine_us/variables/gov/states/mo/tax/income/deductions/mo_pension_and_ss_or_ssd_deduction.py:22: in formula
    eligible_ss_or_ssd = person(
../../opt/anaconda3/envs/policyengine/lib/python3.9/site-packages/policyengine_core/populations/population.py:130: in __call__
    return self.simulation.calculate(
../../opt/anaconda3/envs/policyengine/lib/python3.9/site-packages/policyengine_core/simulations/simulation.py:316: in calculate
    result = self._calculate(variable_name, period)
../../opt/anaconda3/envs/policyengine/lib/python3.9/site-packages/policyengine_core/simulations/simulation.py:460: in _calculate
    array = self._run_formula(variable, population, period)
../../opt/anaconda3/envs/policyengine/lib/python3.9/site-packages/policyengine_core/simulations/simulation.py:622: in _run_formula
    array = formula(population, period, parameters_at)
policyengine_us/variables/gov/states/mo/tax/income/deductions/mo_pension_and_ss_or_ssd_deduction_section_c.py:24: in formula
    ss_or_ssd_agi_allowance = p.mo_ss_or_ssd_deduction_allowance[
../../opt/anaconda3/envs/policyengine/lib/python3.9/site-packages/policyengine_core/parameters/parameter_node_at_instant.py:49: in __getattr__
    raise ParameterNotFoundError(param_name, self._instant_str)
E   policyengine_core.errors.parameter_not_found_error.ParameterNotFoundError: The parameter 'gov.states.mo.tax.income.deductions[mo_ss_or_ssd_deduction_allowance]' was not found in the 2021-01-01 tax and benefit system.
_________________________________ test session _________________________________
../../opt/anaconda3/envs/policyengine/lib/python3.9/site-packages/_pytest/runner.py:244: in from_call
    result = func()
../../opt/anaconda3/envs/policyengine/lib/python3.9/site-packages/_pytest/runner.py:217: in <lambda>
    lambda: ihook(item=item, **kwds), when=when, reraise=reraise
../../opt/anaconda3/envs/policyengine/lib/python3.9/site-packages/pluggy/hooks.py:286: in __call__
    return self._hookexec(self, self.get_hookimpls(), kwargs)
../../opt/anaconda3/envs/policyengine/lib/python3.9/site-packages/pluggy/manager.py:93: in _hookexec
    return self._inner_hookexec(hook, methods, kwargs)
../../opt/anaconda3/envs/policyengine/lib/python3.9/site-packages/pluggy/manager.py:84: in <lambda>
    self._inner_hookexec = lambda hook, methods, kwargs: hook.multicall(
../../opt/anaconda3/envs/policyengine/lib/python3.9/site-packages/pluggy/callers.py:208: in _multicall
    return outcome.get_result()
../../opt/anaconda3/envs/policyengine/lib/python3.9/site-packages/pluggy/callers.py:80: in get_result
    raise ex[1].with_traceback(ex[2])
../../opt/anaconda3/envs/policyengine/lib/python3.9/site-packages/pluggy/callers.py:187: in _multicall
    res = hook_impl.function(*args)
../../opt/anaconda3/envs/policyengine/lib/python3.9/site-packages/_pytest/runner.py:143: in pytest_runtest_call
    raise e
../../opt/anaconda3/envs/policyengine/lib/python3.9/site-packages/_pytest/runner.py:135: in pytest_runtest_call
    item.runtest()
../../opt/anaconda3/envs/policyengine/lib/python3.9/site-packages/policyengine_core/tools/test_runner.py:260: in runtest
    self.check_output()
../../opt/anaconda3/envs/policyengine/lib/python3.9/site-packages/policyengine_core/tools/test_runner.py:289: in check_output
    self.check_variable(
../../opt/anaconda3/envs/policyengine/lib/python3.9/site-packages/policyengine_core/tools/test_runner.py:332: in check_variable
    actual_value = self.simulation.calculate(variable_name, period)
../../opt/anaconda3/envs/policyengine/lib/python3.9/site-packages/policyengine_core/simulations/simulation.py:316: in calculate
    result = self._calculate(variable_name, period)
../../opt/anaconda3/envs/policyengine/lib/python3.9/site-packages/policyengine_core/simulations/simulation.py:460: in _calculate
    array = self._run_formula(variable, population, period)
../../opt/anaconda3/envs/policyengine/lib/python3.9/site-packages/policyengine_core/simulations/simulation.py:622: in _run_formula
    array = formula(population, period, parameters_at)
policyengine_us/variables/gov/states/mo/tax/income/income_tax/mo_income_tax.py:19: in formula
    mo_income_tax_before_credits = add(
../../opt/anaconda3/envs/policyengine/lib/python3.9/site-packages/policyengine_core/commons/formulas.py:225: in add
    return for_each_variable(
../../opt/anaconda3/envs/policyengine/lib/python3.9/site-packages/policyengine_core/commons/formulas.py:184: in for_each_variable
    entity.members(variable, period, options=options)
../../opt/anaconda3/envs/policyengine/lib/python3.9/site-packages/policyengine_core/populations/population.py:130: in __call__
    return self.simulation.calculate(
../../opt/anaconda3/envs/policyengine/lib/python3.9/site-packages/policyengine_core/simulations/simulation.py:316: in calculate
    result = self._calculate(variable_name, period)
../../opt/anaconda3/envs/policyengine/lib/python3.9/site-packages/policyengine_core/simulations/simulation.py:460: in _calculate
    array = self._run_formula(variable, population, period)
../../opt/anaconda3/envs/policyengine/lib/python3.9/site-packages/policyengine_core/simulations/simulation.py:622: in _run_formula
    array = formula(population, period, parameters_at)
policyengine_us/variables/gov/states/mo/tax/income/income_tax/mo_income_tax_before_credits.py:17: in formula
    taxable_income = person("mo_taxable_income", period)
../../opt/anaconda3/envs/policyengine/lib/python3.9/site-packages/policyengine_core/populations/population.py:130: in __call__
    return self.simulation.calculate(
../../opt/anaconda3/envs/policyengine/lib/python3.9/site-packages/policyengine_core/simulations/simulation.py:316: in calculate
    result = self._calculate(variable_name, period)
../../opt/anaconda3/envs/policyengine/lib/python3.9/site-packages/policyengine_core/simulations/simulation.py:460: in _calculate
    array = self._run_formula(variable, population, period)
../../opt/anaconda3/envs/policyengine/lib/python3.9/site-packages/policyengine_core/simulations/simulation.py:622: in _run_formula
    array = formula(population, period, parameters_at)
policyengine_us/variables/gov/states/mo/tax/income/taxable_income/mo_taxable_income.py:32: in formula
    mo_pension_and_ss_or_ssd_deduction = tax_unit(
../../opt/anaconda3/envs/policyengine/lib/python3.9/site-packages/policyengine_core/projectors/projector.py:33: in __call__
    result = self.reference_entity(*args, **kwargs)
../../opt/anaconda3/envs/policyengine/lib/python3.9/site-packages/policyengine_core/populations/population.py:130: in __call__
    return self.simulation.calculate(
../../opt/anaconda3/envs/policyengine/lib/python3.9/site-packages/policyengine_core/simulations/simulation.py:316: in calculate
    result = self._calculate(variable_name, period)
../../opt/anaconda3/envs/policyengine/lib/python3.9/site-packages/policyengine_core/simulations/simulation.py:460: in _calculate
    array = self._run_formula(variable, population, period)
../../opt/anaconda3/envs/policyengine/lib/python3.9/site-packages/policyengine_core/simulations/simulation.py:622: in _run_formula
    array = formula(population, period, parameters_at)
policyengine_us/variables/gov/states/mo/tax/income/deductions/mo_pension_and_ss_or_ssd_deduction.py:22: in formula
    eligible_ss_or_ssd = person(
../../opt/anaconda3/envs/policyengine/lib/python3.9/site-packages/policyengine_core/populations/population.py:130: in __call__
    return self.simulation.calculate(
../../opt/anaconda3/envs/policyengine/lib/python3.9/site-packages/policyengine_core/simulations/simulation.py:316: in calculate
    result = self._calculate(variable_name, period)
../../opt/anaconda3/envs/policyengine/lib/python3.9/site-packages/policyengine_core/simulations/simulation.py:460: in _calculate
    array = self._run_formula(variable, population, period)
../../opt/anaconda3/envs/policyengine/lib/python3.9/site-packages/policyengine_core/simulations/simulation.py:622: in _run_formula
    array = formula(population, period, parameters_at)
policyengine_us/variables/gov/states/mo/tax/income/deductions/mo_pension_and_ss_or_ssd_deduction_section_c.py:24: in formula
    ss_or_ssd_agi_allowance = p.mo_ss_or_ssd_deduction_allowance[
../../opt/anaconda3/envs/policyengine/lib/python3.9/site-packages/policyengine_core/parameters/parameter_node_at_instant.py:49: in __getattr__
    raise ParameterNotFoundError(param_name, self._instant_str)
E   policyengine_core.errors.parameter_not_found_error.ParameterNotFoundError: The parameter 'gov.states.mo.tax.income.deductions[mo_ss_or_ssd_deduction_allowance]' was not found in the 2021-01-01 tax and benefit system.
_________________________________ test session _________________________________
../../opt/anaconda3/envs/policyengine/lib/python3.9/site-packages/_pytest/runner.py:244: in from_call
    result = func()
../../opt/anaconda3/envs/policyengine/lib/python3.9/site-packages/_pytest/runner.py:217: in <lambda>
    lambda: ihook(item=item, **kwds), when=when, reraise=reraise
../../opt/anaconda3/envs/policyengine/lib/python3.9/site-packages/pluggy/hooks.py:286: in __call__
    return self._hookexec(self, self.get_hookimpls(), kwargs)
../../opt/anaconda3/envs/policyengine/lib/python3.9/site-packages/pluggy/manager.py:93: in _hookexec
    return self._inner_hookexec(hook, methods, kwargs)
../../opt/anaconda3/envs/policyengine/lib/python3.9/site-packages/pluggy/manager.py:84: in <lambda>
    self._inner_hookexec = lambda hook, methods, kwargs: hook.multicall(
../../opt/anaconda3/envs/policyengine/lib/python3.9/site-packages/pluggy/callers.py:208: in _multicall
    return outcome.get_result()
../../opt/anaconda3/envs/policyengine/lib/python3.9/site-packages/pluggy/callers.py:80: in get_result
    raise ex[1].with_traceback(ex[2])
../../opt/anaconda3/envs/policyengine/lib/python3.9/site-packages/pluggy/callers.py:187: in _multicall
    res = hook_impl.function(*args)
../../opt/anaconda3/envs/policyengine/lib/python3.9/site-packages/_pytest/runner.py:143: in pytest_runtest_call
    raise e
../../opt/anaconda3/envs/policyengine/lib/python3.9/site-packages/_pytest/runner.py:135: in pytest_runtest_call
    item.runtest()
../../opt/anaconda3/envs/policyengine/lib/python3.9/site-packages/policyengine_core/tools/test_runner.py:260: in runtest
    self.check_output()
../../opt/anaconda3/envs/policyengine/lib/python3.9/site-packages/policyengine_core/tools/test_runner.py:289: in check_output
    self.check_variable(
../../opt/anaconda3/envs/policyengine/lib/python3.9/site-packages/policyengine_core/tools/test_runner.py:332: in check_variable
    actual_value = self.simulation.calculate(variable_name, period)
../../opt/anaconda3/envs/policyengine/lib/python3.9/site-packages/policyengine_core/simulations/simulation.py:316: in calculate
    result = self._calculate(variable_name, period)
../../opt/anaconda3/envs/policyengine/lib/python3.9/site-packages/policyengine_core/simulations/simulation.py:460: in _calculate
    array = self._run_formula(variable, population, period)
../../opt/anaconda3/envs/policyengine/lib/python3.9/site-packages/policyengine_core/simulations/simulation.py:622: in _run_formula
    array = formula(population, period, parameters_at)
policyengine_us/variables/gov/states/mo/tax/income/income_tax/mo_income_tax.py:19: in formula
    mo_income_tax_before_credits = add(
../../opt/anaconda3/envs/policyengine/lib/python3.9/site-packages/policyengine_core/commons/formulas.py:225: in add
    return for_each_variable(
../../opt/anaconda3/envs/policyengine/lib/python3.9/site-packages/policyengine_core/commons/formulas.py:184: in for_each_variable
    entity.members(variable, period, options=options)
../../opt/anaconda3/envs/policyengine/lib/python3.9/site-packages/policyengine_core/populations/population.py:130: in __call__
    return self.simulation.calculate(
../../opt/anaconda3/envs/policyengine/lib/python3.9/site-packages/policyengine_core/simulations/simulation.py:316: in calculate
    result = self._calculate(variable_name, period)
../../opt/anaconda3/envs/policyengine/lib/python3.9/site-packages/policyengine_core/simulations/simulation.py:460: in _calculate
    array = self._run_formula(variable, population, period)
../../opt/anaconda3/envs/policyengine/lib/python3.9/site-packages/policyengine_core/simulations/simulation.py:622: in _run_formula
    array = formula(population, period, parameters_at)
policyengine_us/variables/gov/states/mo/tax/income/income_tax/mo_income_tax_before_credits.py:17: in formula
    taxable_income = person("mo_taxable_income", period)
../../opt/anaconda3/envs/policyengine/lib/python3.9/site-packages/policyengine_core/populations/population.py:130: in __call__
    return self.simulation.calculate(
../../opt/anaconda3/envs/policyengine/lib/python3.9/site-packages/policyengine_core/simulations/simulation.py:316: in calculate
    result = self._calculate(variable_name, period)
../../opt/anaconda3/envs/policyengine/lib/python3.9/site-packages/policyengine_core/simulations/simulation.py:460: in _calculate
    array = self._run_formula(variable, population, period)
../../opt/anaconda3/envs/policyengine/lib/python3.9/site-packages/policyengine_core/simulations/simulation.py:622: in _run_formula
    array = formula(population, period, parameters_at)
policyengine_us/variables/gov/states/mo/tax/income/taxable_income/mo_taxable_income.py:32: in formula
    mo_pension_and_ss_or_ssd_deduction = tax_unit(
../../opt/anaconda3/envs/policyengine/lib/python3.9/site-packages/policyengine_core/projectors/projector.py:33: in __call__
    result = self.reference_entity(*args, **kwargs)
../../opt/anaconda3/envs/policyengine/lib/python3.9/site-packages/policyengine_core/populations/population.py:130: in __call__
    return self.simulation.calculate(
../../opt/anaconda3/envs/policyengine/lib/python3.9/site-packages/policyengine_core/simulations/simulation.py:316: in calculate
    result = self._calculate(variable_name, period)
../../opt/anaconda3/envs/policyengine/lib/python3.9/site-packages/policyengine_core/simulations/simulation.py:460: in _calculate
    array = self._run_formula(variable, population, period)
../../opt/anaconda3/envs/policyengine/lib/python3.9/site-packages/policyengine_core/simulations/simulation.py:622: in _run_formula
    array = formula(population, period, parameters_at)
policyengine_us/variables/gov/states/mo/tax/income/deductions/mo_pension_and_ss_or_ssd_deduction.py:22: in formula
    eligible_ss_or_ssd = person(
../../opt/anaconda3/envs/policyengine/lib/python3.9/site-packages/policyengine_core/populations/population.py:130: in __call__
    return self.simulation.calculate(
../../opt/anaconda3/envs/policyengine/lib/python3.9/site-packages/policyengine_core/simulations/simulation.py:316: in calculate
    result = self._calculate(variable_name, period)
../../opt/anaconda3/envs/policyengine/lib/python3.9/site-packages/policyengine_core/simulations/simulation.py:460: in _calculate
    array = self._run_formula(variable, population, period)
../../opt/anaconda3/envs/policyengine/lib/python3.9/site-packages/policyengine_core/simulations/simulation.py:622: in _run_formula
    array = formula(population, period, parameters_at)
policyengine_us/variables/gov/states/mo/tax/income/deductions/mo_pension_and_ss_or_ssd_deduction_section_c.py:24: in formula
    ss_or_ssd_agi_allowance = p.mo_ss_or_ssd_deduction_allowance[
../../opt/anaconda3/envs/policyengine/lib/python3.9/site-packages/policyengine_core/parameters/parameter_node_at_instant.py:49: in __getattr__
    raise ParameterNotFoundError(param_name, self._instant_str)
E   policyengine_core.errors.parameter_not_found_error.ParameterNotFoundError: The parameter 'gov.states.mo.tax.income.deductions[mo_ss_or_ssd_deduction_allowance]' was not found in the 2021-01-01 tax and benefit system.
_________________________________ test session _________________________________
../../opt/anaconda3/envs/policyengine/lib/python3.9/site-packages/_pytest/runner.py:244: in from_call
    result = func()
../../opt/anaconda3/envs/policyengine/lib/python3.9/site-packages/_pytest/runner.py:217: in <lambda>
    lambda: ihook(item=item, **kwds), when=when, reraise=reraise
../../opt/anaconda3/envs/policyengine/lib/python3.9/site-packages/pluggy/hooks.py:286: in __call__
    return self._hookexec(self, self.get_hookimpls(), kwargs)
../../opt/anaconda3/envs/policyengine/lib/python3.9/site-packages/pluggy/manager.py:93: in _hookexec
    return self._inner_hookexec(hook, methods, kwargs)
../../opt/anaconda3/envs/policyengine/lib/python3.9/site-packages/pluggy/manager.py:84: in <lambda>
    self._inner_hookexec = lambda hook, methods, kwargs: hook.multicall(
../../opt/anaconda3/envs/policyengine/lib/python3.9/site-packages/pluggy/callers.py:208: in _multicall
    return outcome.get_result()
../../opt/anaconda3/envs/policyengine/lib/python3.9/site-packages/pluggy/callers.py:80: in get_result
    raise ex[1].with_traceback(ex[2])
../../opt/anaconda3/envs/policyengine/lib/python3.9/site-packages/pluggy/callers.py:187: in _multicall
    res = hook_impl.function(*args)
../../opt/anaconda3/envs/policyengine/lib/python3.9/site-packages/_pytest/runner.py:143: in pytest_runtest_call
    raise e
../../opt/anaconda3/envs/policyengine/lib/python3.9/site-packages/_pytest/runner.py:135: in pytest_runtest_call
    item.runtest()
../../opt/anaconda3/envs/policyengine/lib/python3.9/site-packages/policyengine_core/tools/test_runner.py:260: in runtest
    self.check_output()
../../opt/anaconda3/envs/policyengine/lib/python3.9/site-packages/policyengine_core/tools/test_runner.py:289: in check_output
    self.check_variable(
../../opt/anaconda3/envs/policyengine/lib/python3.9/site-packages/policyengine_core/tools/test_runner.py:332: in check_variable
    actual_value = self.simulation.calculate(variable_name, period)
../../opt/anaconda3/envs/policyengine/lib/python3.9/site-packages/policyengine_core/simulations/simulation.py:316: in calculate
    result = self._calculate(variable_name, period)
../../opt/anaconda3/envs/policyengine/lib/python3.9/site-packages/policyengine_core/simulations/simulation.py:460: in _calculate
    array = self._run_formula(variable, population, period)
../../opt/anaconda3/envs/policyengine/lib/python3.9/site-packages/policyengine_core/simulations/simulation.py:622: in _run_formula
    array = formula(population, period, parameters_at)
policyengine_us/variables/gov/states/mo/tax/income/income_tax/mo_income_tax.py:19: in formula
    mo_income_tax_before_credits = add(
../../opt/anaconda3/envs/policyengine/lib/python3.9/site-packages/policyengine_core/commons/formulas.py:225: in add
    return for_each_variable(
../../opt/anaconda3/envs/policyengine/lib/python3.9/site-packages/policyengine_core/commons/formulas.py:184: in for_each_variable
    entity.members(variable, period, options=options)
../../opt/anaconda3/envs/policyengine/lib/python3.9/site-packages/policyengine_core/populations/population.py:130: in __call__
    return self.simulation.calculate(
../../opt/anaconda3/envs/policyengine/lib/python3.9/site-packages/policyengine_core/simulations/simulation.py:316: in calculate
    result = self._calculate(variable_name, period)
../../opt/anaconda3/envs/policyengine/lib/python3.9/site-packages/policyengine_core/simulations/simulation.py:460: in _calculate
    array = self._run_formula(variable, population, period)
../../opt/anaconda3/envs/policyengine/lib/python3.9/site-packages/policyengine_core/simulations/simulation.py:622: in _run_formula
    array = formula(population, period, parameters_at)
policyengine_us/variables/gov/states/mo/tax/income/income_tax/mo_income_tax_before_credits.py:17: in formula
    taxable_income = person("mo_taxable_income", period)
../../opt/anaconda3/envs/policyengine/lib/python3.9/site-packages/policyengine_core/populations/population.py:130: in __call__
    return self.simulation.calculate(
../../opt/anaconda3/envs/policyengine/lib/python3.9/site-packages/policyengine_core/simulations/simulation.py:316: in calculate
    result = self._calculate(variable_name, period)
../../opt/anaconda3/envs/policyengine/lib/python3.9/site-packages/policyengine_core/simulations/simulation.py:460: in _calculate
    array = self._run_formula(variable, population, period)
../../opt/anaconda3/envs/policyengine/lib/python3.9/site-packages/policyengine_core/simulations/simulation.py:622: in _run_formula
    array = formula(population, period, parameters_at)
policyengine_us/variables/gov/states/mo/tax/income/taxable_income/mo_taxable_income.py:32: in formula
    mo_pension_and_ss_or_ssd_deduction = tax_unit(
../../opt/anaconda3/envs/policyengine/lib/python3.9/site-packages/policyengine_core/projectors/projector.py:33: in __call__
    result = self.reference_entity(*args, **kwargs)
../../opt/anaconda3/envs/policyengine/lib/python3.9/site-packages/policyengine_core/populations/population.py:130: in __call__
    return self.simulation.calculate(
../../opt/anaconda3/envs/policyengine/lib/python3.9/site-packages/policyengine_core/simulations/simulation.py:316: in calculate
    result = self._calculate(variable_name, period)
../../opt/anaconda3/envs/policyengine/lib/python3.9/site-packages/policyengine_core/simulations/simulation.py:460: in _calculate
    array = self._run_formula(variable, population, period)
../../opt/anaconda3/envs/policyengine/lib/python3.9/site-packages/policyengine_core/simulations/simulation.py:622: in _run_formula
    array = formula(population, period, parameters_at)
policyengine_us/variables/gov/states/mo/tax/income/deductions/mo_pension_and_ss_or_ssd_deduction.py:22: in formula
    eligible_ss_or_ssd = person(
../../opt/anaconda3/envs/policyengine/lib/python3.9/site-packages/policyengine_core/populations/population.py:130: in __call__
    return self.simulation.calculate(
../../opt/anaconda3/envs/policyengine/lib/python3.9/site-packages/policyengine_core/simulations/simulation.py:316: in calculate
    result = self._calculate(variable_name, period)
../../opt/anaconda3/envs/policyengine/lib/python3.9/site-packages/policyengine_core/simulations/simulation.py:460: in _calculate
    array = self._run_formula(variable, population, period)
../../opt/anaconda3/envs/policyengine/lib/python3.9/site-packages/policyengine_core/simulations/simulation.py:622: in _run_formula
    array = formula(population, period, parameters_at)
policyengine_us/variables/gov/states/mo/tax/income/deductions/mo_pension_and_ss_or_ssd_deduction_section_c.py:24: in formula
    ss_or_ssd_agi_allowance = p.mo_ss_or_ssd_deduction_allowance[
../../opt/anaconda3/envs/policyengine/lib/python3.9/site-packages/policyengine_core/parameters/parameter_node_at_instant.py:49: in __getattr__
    raise ParameterNotFoundError(param_name, self._instant_str)
E   policyengine_core.errors.parameter_not_found_error.ParameterNotFoundError: The parameter 'gov.states.mo.tax.income.deductions[mo_ss_or_ssd_deduction_allowance]' was not found in the 2021-01-01 tax and benefit system.
_________________________________ test session _________________________________
../../opt/anaconda3/envs/policyengine/lib/python3.9/site-packages/_pytest/runner.py:244: in from_call
    result = func()
../../opt/anaconda3/envs/policyengine/lib/python3.9/site-packages/_pytest/runner.py:217: in <lambda>
    lambda: ihook(item=item, **kwds), when=when, reraise=reraise
../../opt/anaconda3/envs/policyengine/lib/python3.9/site-packages/pluggy/hooks.py:286: in __call__
    return self._hookexec(self, self.get_hookimpls(), kwargs)
../../opt/anaconda3/envs/policyengine/lib/python3.9/site-packages/pluggy/manager.py:93: in _hookexec
    return self._inner_hookexec(hook, methods, kwargs)
../../opt/anaconda3/envs/policyengine/lib/python3.9/site-packages/pluggy/manager.py:84: in <lambda>
    self._inner_hookexec = lambda hook, methods, kwargs: hook.multicall(
../../opt/anaconda3/envs/policyengine/lib/python3.9/site-packages/pluggy/callers.py:208: in _multicall
    return outcome.get_result()
../../opt/anaconda3/envs/policyengine/lib/python3.9/site-packages/pluggy/callers.py:80: in get_result
    raise ex[1].with_traceback(ex[2])
../../opt/anaconda3/envs/policyengine/lib/python3.9/site-packages/pluggy/callers.py:187: in _multicall
    res = hook_impl.function(*args)
../../opt/anaconda3/envs/policyengine/lib/python3.9/site-packages/_pytest/runner.py:143: in pytest_runtest_call
    raise e
../../opt/anaconda3/envs/policyengine/lib/python3.9/site-packages/_pytest/runner.py:135: in pytest_runtest_call
    item.runtest()
../../opt/anaconda3/envs/policyengine/lib/python3.9/site-packages/policyengine_core/tools/test_runner.py:260: in runtest
    self.check_output()
../../opt/anaconda3/envs/policyengine/lib/python3.9/site-packages/policyengine_core/tools/test_runner.py:289: in check_output
    self.check_variable(
../../opt/anaconda3/envs/policyengine/lib/python3.9/site-packages/policyengine_core/tools/test_runner.py:332: in check_variable
    actual_value = self.simulation.calculate(variable_name, period)
../../opt/anaconda3/envs/policyengine/lib/python3.9/site-packages/policyengine_core/simulations/simulation.py:316: in calculate
    result = self._calculate(variable_name, period)
../../opt/anaconda3/envs/policyengine/lib/python3.9/site-packages/policyengine_core/simulations/simulation.py:460: in _calculate
    array = self._run_formula(variable, population, period)
../../opt/anaconda3/envs/policyengine/lib/python3.9/site-packages/policyengine_core/simulations/simulation.py:622: in _run_formula
    array = formula(population, period, parameters_at)
policyengine_us/variables/gov/states/mo/tax/income/income_tax/mo_income_tax.py:19: in formula
    mo_income_tax_before_credits = add(
../../opt/anaconda3/envs/policyengine/lib/python3.9/site-packages/policyengine_core/commons/formulas.py:225: in add
    return for_each_variable(
../../opt/anaconda3/envs/policyengine/lib/python3.9/site-packages/policyengine_core/commons/formulas.py:184: in for_each_variable
    entity.members(variable, period, options=options)
../../opt/anaconda3/envs/policyengine/lib/python3.9/site-packages/policyengine_core/populations/population.py:130: in __call__
    return self.simulation.calculate(
../../opt/anaconda3/envs/policyengine/lib/python3.9/site-packages/policyengine_core/simulations/simulation.py:316: in calculate
    result = self._calculate(variable_name, period)
../../opt/anaconda3/envs/policyengine/lib/python3.9/site-packages/policyengine_core/simulations/simulation.py:460: in _calculate
    array = self._run_formula(variable, population, period)
../../opt/anaconda3/envs/policyengine/lib/python3.9/site-packages/policyengine_core/simulations/simulation.py:622: in _run_formula
    array = formula(population, period, parameters_at)
policyengine_us/variables/gov/states/mo/tax/income/income_tax/mo_income_tax_before_credits.py:17: in formula
    taxable_income = person("mo_taxable_income", period)
../../opt/anaconda3/envs/policyengine/lib/python3.9/site-packages/policyengine_core/populations/population.py:130: in __call__
    return self.simulation.calculate(
../../opt/anaconda3/envs/policyengine/lib/python3.9/site-packages/policyengine_core/simulations/simulation.py:316: in calculate
    result = self._calculate(variable_name, period)
../../opt/anaconda3/envs/policyengine/lib/python3.9/site-packages/policyengine_core/simulations/simulation.py:460: in _calculate
    array = self._run_formula(variable, population, period)
../../opt/anaconda3/envs/policyengine/lib/python3.9/site-packages/policyengine_core/simulations/simulation.py:622: in _run_formula
    array = formula(population, period, parameters_at)
policyengine_us/variables/gov/states/mo/tax/income/taxable_income/mo_taxable_income.py:32: in formula
    mo_pension_and_ss_or_ssd_deduction = tax_unit(
../../opt/anaconda3/envs/policyengine/lib/python3.9/site-packages/policyengine_core/projectors/projector.py:33: in __call__
    result = self.reference_entity(*args, **kwargs)
../../opt/anaconda3/envs/policyengine/lib/python3.9/site-packages/policyengine_core/populations/population.py:130: in __call__
    return self.simulation.calculate(
../../opt/anaconda3/envs/policyengine/lib/python3.9/site-packages/policyengine_core/simulations/simulation.py:316: in calculate
    result = self._calculate(variable_name, period)
../../opt/anaconda3/envs/policyengine/lib/python3.9/site-packages/policyengine_core/simulations/simulation.py:460: in _calculate
    array = self._run_formula(variable, population, period)
../../opt/anaconda3/envs/policyengine/lib/python3.9/site-packages/policyengine_core/simulations/simulation.py:622: in _run_formula
    array = formula(population, period, parameters_at)
policyengine_us/variables/gov/states/mo/tax/income/deductions/mo_pension_and_ss_or_ssd_deduction.py:22: in formula
    eligible_ss_or_ssd = person(
../../opt/anaconda3/envs/policyengine/lib/python3.9/site-packages/policyengine_core/populations/population.py:130: in __call__
    return self.simulation.calculate(
../../opt/anaconda3/envs/policyengine/lib/python3.9/site-packages/policyengine_core/simulations/simulation.py:316: in calculate
    result = self._calculate(variable_name, period)
../../opt/anaconda3/envs/policyengine/lib/python3.9/site-packages/policyengine_core/simulations/simulation.py:460: in _calculate
    array = self._run_formula(variable, population, period)
../../opt/anaconda3/envs/policyengine/lib/python3.9/site-packages/policyengine_core/simulations/simulation.py:622: in _run_formula
    array = formula(population, period, parameters_at)
policyengine_us/variables/gov/states/mo/tax/income/deductions/mo_pension_and_ss_or_ssd_deduction_section_c.py:24: in formula
    ss_or_ssd_agi_allowance = p.mo_ss_or_ssd_deduction_allowance[
../../opt/anaconda3/envs/policyengine/lib/python3.9/site-packages/policyengine_core/parameters/parameter_node_at_instant.py:49: in __getattr__
    raise ParameterNotFoundError(param_name, self._instant_str)
E   policyengine_core.errors.parameter_not_found_error.ParameterNotFoundError: The parameter 'gov.states.mo.tax.income.deductions[mo_ss_or_ssd_deduction_allowance]' was not found in the 2021-01-01 tax and benefit system.
_________________________________ test session _________________________________
../../opt/anaconda3/envs/policyengine/lib/python3.9/site-packages/_pytest/runner.py:244: in from_call
    result = func()
../../opt/anaconda3/envs/policyengine/lib/python3.9/site-packages/_pytest/runner.py:217: in <lambda>
    lambda: ihook(item=item, **kwds), when=when, reraise=reraise
../../opt/anaconda3/envs/policyengine/lib/python3.9/site-packages/pluggy/hooks.py:286: in __call__
    return self._hookexec(self, self.get_hookimpls(), kwargs)
../../opt/anaconda3/envs/policyengine/lib/python3.9/site-packages/pluggy/manager.py:93: in _hookexec
    return self._inner_hookexec(hook, methods, kwargs)
../../opt/anaconda3/envs/policyengine/lib/python3.9/site-packages/pluggy/manager.py:84: in <lambda>
    self._inner_hookexec = lambda hook, methods, kwargs: hook.multicall(
../../opt/anaconda3/envs/policyengine/lib/python3.9/site-packages/pluggy/callers.py:208: in _multicall
    return outcome.get_result()
../../opt/anaconda3/envs/policyengine/lib/python3.9/site-packages/pluggy/callers.py:80: in get_result
    raise ex[1].with_traceback(ex[2])
../../opt/anaconda3/envs/policyengine/lib/python3.9/site-packages/pluggy/callers.py:187: in _multicall
    res = hook_impl.function(*args)
../../opt/anaconda3/envs/policyengine/lib/python3.9/site-packages/_pytest/runner.py:143: in pytest_runtest_call
    raise e
../../opt/anaconda3/envs/policyengine/lib/python3.9/site-packages/_pytest/runner.py:135: in pytest_runtest_call
    item.runtest()
../../opt/anaconda3/envs/policyengine/lib/python3.9/site-packages/policyengine_core/tools/test_runner.py:260: in runtest
    self.check_output()
../../opt/anaconda3/envs/policyengine/lib/python3.9/site-packages/policyengine_core/tools/test_runner.py:289: in check_output
    self.check_variable(
../../opt/anaconda3/envs/policyengine/lib/python3.9/site-packages/policyengine_core/tools/test_runner.py:332: in check_variable
    actual_value = self.simulation.calculate(variable_name, period)
../../opt/anaconda3/envs/policyengine/lib/python3.9/site-packages/policyengine_core/simulations/simulation.py:316: in calculate
    result = self._calculate(variable_name, period)
../../opt/anaconda3/envs/policyengine/lib/python3.9/site-packages/policyengine_core/simulations/simulation.py:460: in _calculate
    array = self._run_formula(variable, population, period)
../../opt/anaconda3/envs/policyengine/lib/python3.9/site-packages/policyengine_core/simulations/simulation.py:622: in _run_formula
    array = formula(population, period, parameters_at)
policyengine_us/variables/gov/states/mo/tax/income/taxable_income/mo_taxable_income.py:32: in formula
    mo_pension_and_ss_or_ssd_deduction = tax_unit(
../../opt/anaconda3/envs/policyengine/lib/python3.9/site-packages/policyengine_core/projectors/projector.py:33: in __call__
    result = self.reference_entity(*args, **kwargs)
../../opt/anaconda3/envs/policyengine/lib/python3.9/site-packages/policyengine_core/populations/population.py:130: in __call__
    return self.simulation.calculate(
../../opt/anaconda3/envs/policyengine/lib/python3.9/site-packages/policyengine_core/simulations/simulation.py:316: in calculate
    result = self._calculate(variable_name, period)
../../opt/anaconda3/envs/policyengine/lib/python3.9/site-packages/policyengine_core/simulations/simulation.py:460: in _calculate
    array = self._run_formula(variable, population, period)
../../opt/anaconda3/envs/policyengine/lib/python3.9/site-packages/policyengine_core/simulations/simulation.py:622: in _run_formula
    array = formula(population, period, parameters_at)
policyengine_us/variables/gov/states/mo/tax/income/deductions/mo_pension_and_ss_or_ssd_deduction.py:22: in formula
    eligible_ss_or_ssd = person(
../../opt/anaconda3/envs/policyengine/lib/python3.9/site-packages/policyengine_core/populations/population.py:130: in __call__
    return self.simulation.calculate(
../../opt/anaconda3/envs/policyengine/lib/python3.9/site-packages/policyengine_core/simulations/simulation.py:316: in calculate
    result = self._calculate(variable_name, period)
../../opt/anaconda3/envs/policyengine/lib/python3.9/site-packages/policyengine_core/simulations/simulation.py:460: in _calculate
    array = self._run_formula(variable, population, period)
../../opt/anaconda3/envs/policyengine/lib/python3.9/site-packages/policyengine_core/simulations/simulation.py:622: in _run_formula
    array = formula(population, period, parameters_at)
policyengine_us/variables/gov/states/mo/tax/income/deductions/mo_pension_and_ss_or_ssd_deduction_section_c.py:24: in formula
    ss_or_ssd_agi_allowance = p.mo_ss_or_ssd_deduction_allowance[
../../opt/anaconda3/envs/policyengine/lib/python3.9/site-packages/policyengine_core/parameters/parameter_node_at_instant.py:49: in __getattr__
    raise ParameterNotFoundError(param_name, self._instant_str)
E   policyengine_core.errors.parameter_not_found_error.ParameterNotFoundError: The parameter 'gov.states.mo.tax.income.deductions[mo_ss_or_ssd_deduction_allowance]' was not found in the 2021-01-01 tax and benefit system.
_________________________________ test session _________________________________
../../opt/anaconda3/envs/policyengine/lib/python3.9/site-packages/_pytest/runner.py:244: in from_call
    result = func()
../../opt/anaconda3/envs/policyengine/lib/python3.9/site-packages/_pytest/runner.py:217: in <lambda>
    lambda: ihook(item=item, **kwds), when=when, reraise=reraise
../../opt/anaconda3/envs/policyengine/lib/python3.9/site-packages/pluggy/hooks.py:286: in __call__
    return self._hookexec(self, self.get_hookimpls(), kwargs)
../../opt/anaconda3/envs/policyengine/lib/python3.9/site-packages/pluggy/manager.py:93: in _hookexec
    return self._inner_hookexec(hook, methods, kwargs)
../../opt/anaconda3/envs/policyengine/lib/python3.9/site-packages/pluggy/manager.py:84: in <lambda>
    self._inner_hookexec = lambda hook, methods, kwargs: hook.multicall(
../../opt/anaconda3/envs/policyengine/lib/python3.9/site-packages/pluggy/callers.py:208: in _multicall
    return outcome.get_result()
../../opt/anaconda3/envs/policyengine/lib/python3.9/site-packages/pluggy/callers.py:80: in get_result
    raise ex[1].with_traceback(ex[2])
../../opt/anaconda3/envs/policyengine/lib/python3.9/site-packages/pluggy/callers.py:187: in _multicall
    res = hook_impl.function(*args)
../../opt/anaconda3/envs/policyengine/lib/python3.9/site-packages/_pytest/runner.py:143: in pytest_runtest_call
    raise e
../../opt/anaconda3/envs/policyengine/lib/python3.9/site-packages/_pytest/runner.py:135: in pytest_runtest_call
    item.runtest()
../../opt/anaconda3/envs/policyengine/lib/python3.9/site-packages/policyengine_core/tools/test_runner.py:260: in runtest
    self.check_output()
../../opt/anaconda3/envs/policyengine/lib/python3.9/site-packages/policyengine_core/tools/test_runner.py:289: in check_output
    self.check_variable(
../../opt/anaconda3/envs/policyengine/lib/python3.9/site-packages/policyengine_core/tools/test_runner.py:332: in check_variable
    actual_value = self.simulation.calculate(variable_name, period)
../../opt/anaconda3/envs/policyengine/lib/python3.9/site-packages/policyengine_core/simulations/simulation.py:316: in calculate
    result = self._calculate(variable_name, period)
../../opt/anaconda3/envs/policyengine/lib/python3.9/site-packages/policyengine_core/simulations/simulation.py:460: in _calculate
    array = self._run_formula(variable, population, period)
../../opt/anaconda3/envs/policyengine/lib/python3.9/site-packages/policyengine_core/simulations/simulation.py:622: in _run_formula
    array = formula(population, period, parameters_at)
policyengine_us/variables/gov/states/mo/tax/income/taxable_income/mo_taxable_income.py:32: in formula
    mo_pension_and_ss_or_ssd_deduction = tax_unit(
../../opt/anaconda3/envs/policyengine/lib/python3.9/site-packages/policyengine_core/projectors/projector.py:33: in __call__
    result = self.reference_entity(*args, **kwargs)
../../opt/anaconda3/envs/policyengine/lib/python3.9/site-packages/policyengine_core/populations/population.py:130: in __call__
    return self.simulation.calculate(
../../opt/anaconda3/envs/policyengine/lib/python3.9/site-packages/policyengine_core/simulations/simulation.py:316: in calculate
    result = self._calculate(variable_name, period)
../../opt/anaconda3/envs/policyengine/lib/python3.9/site-packages/policyengine_core/simulations/simulation.py:460: in _calculate
    array = self._run_formula(variable, population, period)
../../opt/anaconda3/envs/policyengine/lib/python3.9/site-packages/policyengine_core/simulations/simulation.py:622: in _run_formula
    array = formula(population, period, parameters_at)
policyengine_us/variables/gov/states/mo/tax/income/deductions/mo_pension_and_ss_or_ssd_deduction.py:22: in formula
    eligible_ss_or_ssd = person(
../../opt/anaconda3/envs/policyengine/lib/python3.9/site-packages/policyengine_core/populations/population.py:130: in __call__
    return self.simulation.calculate(
../../opt/anaconda3/envs/policyengine/lib/python3.9/site-packages/policyengine_core/simulations/simulation.py:316: in calculate
    result = self._calculate(variable_name, period)
../../opt/anaconda3/envs/policyengine/lib/python3.9/site-packages/policyengine_core/simulations/simulation.py:460: in _calculate
    array = self._run_formula(variable, population, period)
../../opt/anaconda3/envs/policyengine/lib/python3.9/site-packages/policyengine_core/simulations/simulation.py:622: in _run_formula
    array = formula(population, period, parameters_at)
policyengine_us/variables/gov/states/mo/tax/income/deductions/mo_pension_and_ss_or_ssd_deduction_section_c.py:24: in formula
    ss_or_ssd_agi_allowance = p.mo_ss_or_ssd_deduction_allowance[
../../opt/anaconda3/envs/policyengine/lib/python3.9/site-packages/policyengine_core/parameters/parameter_node_at_instant.py:49: in __getattr__
    raise ParameterNotFoundError(param_name, self._instant_str)
E   policyengine_core.errors.parameter_not_found_error.ParameterNotFoundError: The parameter 'gov.states.mo.tax.income.deductions[mo_ss_or_ssd_deduction_allowance]' was not found in the 2021-01-01 tax and benefit system.
_________________________________ test session _________________________________
../../opt/anaconda3/envs/policyengine/lib/python3.9/site-packages/_pytest/runner.py:244: in from_call
    result = func()
../../opt/anaconda3/envs/policyengine/lib/python3.9/site-packages/_pytest/runner.py:217: in <lambda>
    lambda: ihook(item=item, **kwds), when=when, reraise=reraise
../../opt/anaconda3/envs/policyengine/lib/python3.9/site-packages/pluggy/hooks.py:286: in __call__
    return self._hookexec(self, self.get_hookimpls(), kwargs)
../../opt/anaconda3/envs/policyengine/lib/python3.9/site-packages/pluggy/manager.py:93: in _hookexec
    return self._inner_hookexec(hook, methods, kwargs)
../../opt/anaconda3/envs/policyengine/lib/python3.9/site-packages/pluggy/manager.py:84: in <lambda>
    self._inner_hookexec = lambda hook, methods, kwargs: hook.multicall(
../../opt/anaconda3/envs/policyengine/lib/python3.9/site-packages/pluggy/callers.py:208: in _multicall
    return outcome.get_result()
../../opt/anaconda3/envs/policyengine/lib/python3.9/site-packages/pluggy/callers.py:80: in get_result
    raise ex[1].with_traceback(ex[2])
../../opt/anaconda3/envs/policyengine/lib/python3.9/site-packages/pluggy/callers.py:187: in _multicall
    res = hook_impl.function(*args)
../../opt/anaconda3/envs/policyengine/lib/python3.9/site-packages/_pytest/runner.py:143: in pytest_runtest_call
    raise e
../../opt/anaconda3/envs/policyengine/lib/python3.9/site-packages/_pytest/runner.py:135: in pytest_runtest_call
    item.runtest()
../../opt/anaconda3/envs/policyengine/lib/python3.9/site-packages/policyengine_core/tools/test_runner.py:260: in runtest
    self.check_output()
../../opt/anaconda3/envs/policyengine/lib/python3.9/site-packages/policyengine_core/tools/test_runner.py:289: in check_output
    self.check_variable(
../../opt/anaconda3/envs/policyengine/lib/python3.9/site-packages/policyengine_core/tools/test_runner.py:332: in check_variable
    actual_value = self.simulation.calculate(variable_name, period)
../../opt/anaconda3/envs/policyengine/lib/python3.9/site-packages/policyengine_core/simulations/simulation.py:316: in calculate
    result = self._calculate(variable_name, period)
../../opt/anaconda3/envs/policyengine/lib/python3.9/site-packages/policyengine_core/simulations/simulation.py:460: in _calculate
    array = self._run_formula(variable, population, period)
../../opt/anaconda3/envs/policyengine/lib/python3.9/site-packages/policyengine_core/simulations/simulation.py:622: in _run_formula
    array = formula(population, period, parameters_at)
policyengine_us/variables/gov/states/mo/tax/income/taxable_income/mo_taxable_income.py:32: in formula
    mo_pension_and_ss_or_ssd_deduction = tax_unit(
../../opt/anaconda3/envs/policyengine/lib/python3.9/site-packages/policyengine_core/projectors/projector.py:33: in __call__
    result = self.reference_entity(*args, **kwargs)
../../opt/anaconda3/envs/policyengine/lib/python3.9/site-packages/policyengine_core/populations/population.py:130: in __call__
    return self.simulation.calculate(
../../opt/anaconda3/envs/policyengine/lib/python3.9/site-packages/policyengine_core/simulations/simulation.py:316: in calculate
    result = self._calculate(variable_name, period)
../../opt/anaconda3/envs/policyengine/lib/python3.9/site-packages/policyengine_core/simulations/simulation.py:460: in _calculate
    array = self._run_formula(variable, population, period)
../../opt/anaconda3/envs/policyengine/lib/python3.9/site-packages/policyengine_core/simulations/simulation.py:622: in _run_formula
    array = formula(population, period, parameters_at)
policyengine_us/variables/gov/states/mo/tax/income/deductions/mo_pension_and_ss_or_ssd_deduction.py:22: in formula
    eligible_ss_or_ssd = person(
../../opt/anaconda3/envs/policyengine/lib/python3.9/site-packages/policyengine_core/populations/population.py:130: in __call__
    return self.simulation.calculate(
../../opt/anaconda3/envs/policyengine/lib/python3.9/site-packages/policyengine_core/simulations/simulation.py:316: in calculate
    result = self._calculate(variable_name, period)
../../opt/anaconda3/envs/policyengine/lib/python3.9/site-packages/policyengine_core/simulations/simulation.py:460: in _calculate
    array = self._run_formula(variable, population, period)
../../opt/anaconda3/envs/policyengine/lib/python3.9/site-packages/policyengine_core/simulations/simulation.py:622: in _run_formula
    array = formula(population, period, parameters_at)
policyengine_us/variables/gov/states/mo/tax/income/deductions/mo_pension_and_ss_or_ssd_deduction_section_c.py:24: in formula
    ss_or_ssd_agi_allowance = p.mo_ss_or_ssd_deduction_allowance[
../../opt/anaconda3/envs/policyengine/lib/python3.9/site-packages/policyengine_core/parameters/parameter_node_at_instant.py:49: in __getattr__
    raise ParameterNotFoundError(param_name, self._instant_str)
E   policyengine_core.errors.parameter_not_found_error.ParameterNotFoundError: The parameter 'gov.states.mo.tax.income.deductions[mo_ss_or_ssd_deduction_allowance]' was not found in the 2021-01-01 tax and benefit system.
_________________________________ test session _________________________________
../../opt/anaconda3/envs/policyengine/lib/python3.9/site-packages/_pytest/runner.py:244: in from_call
    result = func()
../../opt/anaconda3/envs/policyengine/lib/python3.9/site-packages/_pytest/runner.py:217: in <lambda>
    lambda: ihook(item=item, **kwds), when=when, reraise=reraise
../../opt/anaconda3/envs/policyengine/lib/python3.9/site-packages/pluggy/hooks.py:286: in __call__
    return self._hookexec(self, self.get_hookimpls(), kwargs)
../../opt/anaconda3/envs/policyengine/lib/python3.9/site-packages/pluggy/manager.py:93: in _hookexec
    return self._inner_hookexec(hook, methods, kwargs)
../../opt/anaconda3/envs/policyengine/lib/python3.9/site-packages/pluggy/manager.py:84: in <lambda>
    self._inner_hookexec = lambda hook, methods, kwargs: hook.multicall(
../../opt/anaconda3/envs/policyengine/lib/python3.9/site-packages/pluggy/callers.py:208: in _multicall
    return outcome.get_result()
../../opt/anaconda3/envs/policyengine/lib/python3.9/site-packages/pluggy/callers.py:80: in get_result
    raise ex[1].with_traceback(ex[2])
../../opt/anaconda3/envs/policyengine/lib/python3.9/site-packages/pluggy/callers.py:187: in _multicall
    res = hook_impl.function(*args)
../../opt/anaconda3/envs/policyengine/lib/python3.9/site-packages/_pytest/runner.py:143: in pytest_runtest_call
    raise e
../../opt/anaconda3/envs/policyengine/lib/python3.9/site-packages/_pytest/runner.py:135: in pytest_runtest_call
    item.runtest()
../../opt/anaconda3/envs/policyengine/lib/python3.9/site-packages/policyengine_core/tools/test_runner.py:260: in runtest
    self.check_output()
../../opt/anaconda3/envs/policyengine/lib/python3.9/site-packages/policyengine_core/tools/test_runner.py:289: in check_output
    self.check_variable(
../../opt/anaconda3/envs/policyengine/lib/python3.9/site-packages/policyengine_core/tools/test_runner.py:332: in check_variable
    actual_value = self.simulation.calculate(variable_name, period)
../../opt/anaconda3/envs/policyengine/lib/python3.9/site-packages/policyengine_core/simulations/simulation.py:316: in calculate
    result = self._calculate(variable_name, period)
../../opt/anaconda3/envs/policyengine/lib/python3.9/site-packages/policyengine_core/simulations/simulation.py:460: in _calculate
    array = self._run_formula(variable, population, period)
../../opt/anaconda3/envs/policyengine/lib/python3.9/site-packages/policyengine_core/simulations/simulation.py:622: in _run_formula
    array = formula(population, period, parameters_at)
policyengine_us/variables/gov/states/mo/tax/income/taxable_income/mo_taxable_income.py:32: in formula
    mo_pension_and_ss_or_ssd_deduction = tax_unit(
../../opt/anaconda3/envs/policyengine/lib/python3.9/site-packages/policyengine_core/projectors/projector.py:33: in __call__
    result = self.reference_entity(*args, **kwargs)
../../opt/anaconda3/envs/policyengine/lib/python3.9/site-packages/policyengine_core/populations/population.py:130: in __call__
    return self.simulation.calculate(
../../opt/anaconda3/envs/policyengine/lib/python3.9/site-packages/policyengine_core/simulations/simulation.py:316: in calculate
    result = self._calculate(variable_name, period)
../../opt/anaconda3/envs/policyengine/lib/python3.9/site-packages/policyengine_core/simulations/simulation.py:460: in _calculate
    array = self._run_formula(variable, population, period)
../../opt/anaconda3/envs/policyengine/lib/python3.9/site-packages/policyengine_core/simulations/simulation.py:622: in _run_formula
    array = formula(population, period, parameters_at)
policyengine_us/variables/gov/states/mo/tax/income/deductions/mo_pension_and_ss_or_ssd_deduction.py:22: in formula
    eligible_ss_or_ssd = person(
../../opt/anaconda3/envs/policyengine/lib/python3.9/site-packages/policyengine_core/populations/population.py:130: in __call__
    return self.simulation.calculate(
../../opt/anaconda3/envs/policyengine/lib/python3.9/site-packages/policyengine_core/simulations/simulation.py:316: in calculate
    result = self._calculate(variable_name, period)
../../opt/anaconda3/envs/policyengine/lib/python3.9/site-packages/policyengine_core/simulations/simulation.py:460: in _calculate
    array = self._run_formula(variable, population, period)
../../opt/anaconda3/envs/policyengine/lib/python3.9/site-packages/policyengine_core/simulations/simulation.py:622: in _run_formula
    array = formula(population, period, parameters_at)
policyengine_us/variables/gov/states/mo/tax/income/deductions/mo_pension_and_ss_or_ssd_deduction_section_c.py:24: in formula
    ss_or_ssd_agi_allowance = p.mo_ss_or_ssd_deduction_allowance[
../../opt/anaconda3/envs/policyengine/lib/python3.9/site-packages/policyengine_core/parameters/parameter_node_at_instant.py:49: in __getattr__
    raise ParameterNotFoundError(param_name, self._instant_str)
E   policyengine_core.errors.parameter_not_found_error.ParameterNotFoundError: The parameter 'gov.states.mo.tax.income.deductions[mo_ss_or_ssd_deduction_allowance]' was not found in the 2021-01-01 tax and benefit system.
_________________________________ test session _________________________________
../../opt/anaconda3/envs/policyengine/lib/python3.9/site-packages/_pytest/runner.py:244: in from_call
    result = func()
../../opt/anaconda3/envs/policyengine/lib/python3.9/site-packages/_pytest/runner.py:217: in <lambda>
    lambda: ihook(item=item, **kwds), when=when, reraise=reraise
../../opt/anaconda3/envs/policyengine/lib/python3.9/site-packages/pluggy/hooks.py:286: in __call__
    return self._hookexec(self, self.get_hookimpls(), kwargs)
../../opt/anaconda3/envs/policyengine/lib/python3.9/site-packages/pluggy/manager.py:93: in _hookexec
    return self._inner_hookexec(hook, methods, kwargs)
../../opt/anaconda3/envs/policyengine/lib/python3.9/site-packages/pluggy/manager.py:84: in <lambda>
    self._inner_hookexec = lambda hook, methods, kwargs: hook.multicall(
../../opt/anaconda3/envs/policyengine/lib/python3.9/site-packages/pluggy/callers.py:208: in _multicall
    return outcome.get_result()
../../opt/anaconda3/envs/policyengine/lib/python3.9/site-packages/pluggy/callers.py:80: in get_result
    raise ex[1].with_traceback(ex[2])
../../opt/anaconda3/envs/policyengine/lib/python3.9/site-packages/pluggy/callers.py:187: in _multicall
    res = hook_impl.function(*args)
../../opt/anaconda3/envs/policyengine/lib/python3.9/site-packages/_pytest/runner.py:143: in pytest_runtest_call
    raise e
../../opt/anaconda3/envs/policyengine/lib/python3.9/site-packages/_pytest/runner.py:135: in pytest_runtest_call
    item.runtest()
../../opt/anaconda3/envs/policyengine/lib/python3.9/site-packages/policyengine_core/tools/test_runner.py:260: in runtest
    self.check_output()
../../opt/anaconda3/envs/policyengine/lib/python3.9/site-packages/policyengine_core/tools/test_runner.py:289: in check_output
    self.check_variable(
../../opt/anaconda3/envs/policyengine/lib/python3.9/site-packages/policyengine_core/tools/test_runner.py:332: in check_variable
    actual_value = self.simulation.calculate(variable_name, period)
../../opt/anaconda3/envs/policyengine/lib/python3.9/site-packages/policyengine_core/simulations/simulation.py:316: in calculate
    result = self._calculate(variable_name, period)
../../opt/anaconda3/envs/policyengine/lib/python3.9/site-packages/policyengine_core/simulations/simulation.py:460: in _calculate
    array = self._run_formula(variable, population, period)
../../opt/anaconda3/envs/policyengine/lib/python3.9/site-packages/policyengine_core/simulations/simulation.py:622: in _run_formula
    array = formula(population, period, parameters_at)
policyengine_us/variables/gov/states/mo/tax/income/taxable_income/mo_taxable_income.py:32: in formula
    mo_pension_and_ss_or_ssd_deduction = tax_unit(
../../opt/anaconda3/envs/policyengine/lib/python3.9/site-packages/policyengine_core/projectors/projector.py:33: in __call__
    result = self.reference_entity(*args, **kwargs)
../../opt/anaconda3/envs/policyengine/lib/python3.9/site-packages/policyengine_core/populations/population.py:130: in __call__
    return self.simulation.calculate(
../../opt/anaconda3/envs/policyengine/lib/python3.9/site-packages/policyengine_core/simulations/simulation.py:316: in calculate
    result = self._calculate(variable_name, period)
../../opt/anaconda3/envs/policyengine/lib/python3.9/site-packages/policyengine_core/simulations/simulation.py:460: in _calculate
    array = self._run_formula(variable, population, period)
../../opt/anaconda3/envs/policyengine/lib/python3.9/site-packages/policyengine_core/simulations/simulation.py:622: in _run_formula
    array = formula(population, period, parameters_at)
policyengine_us/variables/gov/states/mo/tax/income/deductions/mo_pension_and_ss_or_ssd_deduction.py:22: in formula
    eligible_ss_or_ssd = person(
../../opt/anaconda3/envs/policyengine/lib/python3.9/site-packages/policyengine_core/populations/population.py:130: in __call__
    return self.simulation.calculate(
../../opt/anaconda3/envs/policyengine/lib/python3.9/site-packages/policyengine_core/simulations/simulation.py:316: in calculate
    result = self._calculate(variable_name, period)
../../opt/anaconda3/envs/policyengine/lib/python3.9/site-packages/policyengine_core/simulations/simulation.py:460: in _calculate
    array = self._run_formula(variable, population, period)
../../opt/anaconda3/envs/policyengine/lib/python3.9/site-packages/policyengine_core/simulations/simulation.py:622: in _run_formula
    array = formula(population, period, parameters_at)
policyengine_us/variables/gov/states/mo/tax/income/deductions/mo_pension_and_ss_or_ssd_deduction_section_c.py:24: in formula
    ss_or_ssd_agi_allowance = p.mo_ss_or_ssd_deduction_allowance[
../../opt/anaconda3/envs/policyengine/lib/python3.9/site-packages/policyengine_core/parameters/parameter_node_at_instant.py:49: in __getattr__
    raise ParameterNotFoundError(param_name, self._instant_str)
E   policyengine_core.errors.parameter_not_found_error.ParameterNotFoundError: The parameter 'gov.states.mo.tax.income.deductions[mo_ss_or_ssd_deduction_allowance]' was not found in the 2021-01-01 tax and benefit system.
_________________________________ test session _________________________________
../../opt/anaconda3/envs/policyengine/lib/python3.9/site-packages/_pytest/runner.py:244: in from_call
    result = func()
../../opt/anaconda3/envs/policyengine/lib/python3.9/site-packages/_pytest/runner.py:217: in <lambda>
    lambda: ihook(item=item, **kwds), when=when, reraise=reraise
../../opt/anaconda3/envs/policyengine/lib/python3.9/site-packages/pluggy/hooks.py:286: in __call__
    return self._hookexec(self, self.get_hookimpls(), kwargs)
../../opt/anaconda3/envs/policyengine/lib/python3.9/site-packages/pluggy/manager.py:93: in _hookexec
    return self._inner_hookexec(hook, methods, kwargs)
../../opt/anaconda3/envs/policyengine/lib/python3.9/site-packages/pluggy/manager.py:84: in <lambda>
    self._inner_hookexec = lambda hook, methods, kwargs: hook.multicall(
../../opt/anaconda3/envs/policyengine/lib/python3.9/site-packages/pluggy/callers.py:208: in _multicall
    return outcome.get_result()
../../opt/anaconda3/envs/policyengine/lib/python3.9/site-packages/pluggy/callers.py:80: in get_result
    raise ex[1].with_traceback(ex[2])
../../opt/anaconda3/envs/policyengine/lib/python3.9/site-packages/pluggy/callers.py:187: in _multicall
    res = hook_impl.function(*args)
../../opt/anaconda3/envs/policyengine/lib/python3.9/site-packages/_pytest/runner.py:143: in pytest_runtest_call
    raise e
../../opt/anaconda3/envs/policyengine/lib/python3.9/site-packages/_pytest/runner.py:135: in pytest_runtest_call
    item.runtest()
../../opt/anaconda3/envs/policyengine/lib/python3.9/site-packages/policyengine_core/tools/test_runner.py:260: in runtest
    self.check_output()
../../opt/anaconda3/envs/policyengine/lib/python3.9/site-packages/policyengine_core/tools/test_runner.py:289: in check_output
    self.check_variable(
../../opt/anaconda3/envs/policyengine/lib/python3.9/site-packages/policyengine_core/tools/test_runner.py:332: in check_variable
    actual_value = self.simulation.calculate(variable_name, period)
../../opt/anaconda3/envs/policyengine/lib/python3.9/site-packages/policyengine_core/simulations/simulation.py:316: in calculate
    result = self._calculate(variable_name, period)
../../opt/anaconda3/envs/policyengine/lib/python3.9/site-packages/policyengine_core/simulations/simulation.py:460: in _calculate
    array = self._run_formula(variable, population, period)
../../opt/anaconda3/envs/policyengine/lib/python3.9/site-packages/policyengine_core/simulations/simulation.py:622: in _run_formula
    array = formula(population, period, parameters_at)
policyengine_us/variables/gov/states/mo/tax/income/taxable_income/mo_taxable_income.py:32: in formula
    mo_pension_and_ss_or_ssd_deduction = tax_unit(
../../opt/anaconda3/envs/policyengine/lib/python3.9/site-packages/policyengine_core/projectors/projector.py:33: in __call__
    result = self.reference_entity(*args, **kwargs)
../../opt/anaconda3/envs/policyengine/lib/python3.9/site-packages/policyengine_core/populations/population.py:130: in __call__
    return self.simulation.calculate(
../../opt/anaconda3/envs/policyengine/lib/python3.9/site-packages/policyengine_core/simulations/simulation.py:316: in calculate
    result = self._calculate(variable_name, period)
../../opt/anaconda3/envs/policyengine/lib/python3.9/site-packages/policyengine_core/simulations/simulation.py:460: in _calculate
    array = self._run_formula(variable, population, period)
../../opt/anaconda3/envs/policyengine/lib/python3.9/site-packages/policyengine_core/simulations/simulation.py:622: in _run_formula
    array = formula(population, period, parameters_at)
policyengine_us/variables/gov/states/mo/tax/income/deductions/mo_pension_and_ss_or_ssd_deduction.py:22: in formula
    eligible_ss_or_ssd = person(
../../opt/anaconda3/envs/policyengine/lib/python3.9/site-packages/policyengine_core/populations/population.py:130: in __call__
    return self.simulation.calculate(
../../opt/anaconda3/envs/policyengine/lib/python3.9/site-packages/policyengine_core/simulations/simulation.py:316: in calculate
    result = self._calculate(variable_name, period)
../../opt/anaconda3/envs/policyengine/lib/python3.9/site-packages/policyengine_core/simulations/simulation.py:460: in _calculate
    array = self._run_formula(variable, population, period)
../../opt/anaconda3/envs/policyengine/lib/python3.9/site-packages/policyengine_core/simulations/simulation.py:622: in _run_formula
    array = formula(population, period, parameters_at)
policyengine_us/variables/gov/states/mo/tax/income/deductions/mo_pension_and_ss_or_ssd_deduction_section_c.py:24: in formula
    ss_or_ssd_agi_allowance = p.mo_ss_or_ssd_deduction_allowance[
../../opt/anaconda3/envs/policyengine/lib/python3.9/site-packages/policyengine_core/parameters/parameter_node_at_instant.py:49: in __getattr__
    raise ParameterNotFoundError(param_name, self._instant_str)
E   policyengine_core.errors.parameter_not_found_error.ParameterNotFoundError: The parameter 'gov.states.mo.tax.income.deductions[mo_ss_or_ssd_deduction_allowance]' was not found in the 2021-01-01 tax and benefit system.
_________________________________ test session _________________________________
../../opt/anaconda3/envs/policyengine/lib/python3.9/site-packages/_pytest/runner.py:244: in from_call
    result = func()
../../opt/anaconda3/envs/policyengine/lib/python3.9/site-packages/_pytest/runner.py:217: in <lambda>
    lambda: ihook(item=item, **kwds), when=when, reraise=reraise
../../opt/anaconda3/envs/policyengine/lib/python3.9/site-packages/pluggy/hooks.py:286: in __call__
    return self._hookexec(self, self.get_hookimpls(), kwargs)
../../opt/anaconda3/envs/policyengine/lib/python3.9/site-packages/pluggy/manager.py:93: in _hookexec
    return self._inner_hookexec(hook, methods, kwargs)
../../opt/anaconda3/envs/policyengine/lib/python3.9/site-packages/pluggy/manager.py:84: in <lambda>
    self._inner_hookexec = lambda hook, methods, kwargs: hook.multicall(
../../opt/anaconda3/envs/policyengine/lib/python3.9/site-packages/pluggy/callers.py:208: in _multicall
    return outcome.get_result()
../../opt/anaconda3/envs/policyengine/lib/python3.9/site-packages/pluggy/callers.py:80: in get_result
    raise ex[1].with_traceback(ex[2])
../../opt/anaconda3/envs/policyengine/lib/python3.9/site-packages/pluggy/callers.py:187: in _multicall
    res = hook_impl.function(*args)
../../opt/anaconda3/envs/policyengine/lib/python3.9/site-packages/_pytest/runner.py:143: in pytest_runtest_call
    raise e
../../opt/anaconda3/envs/policyengine/lib/python3.9/site-packages/_pytest/runner.py:135: in pytest_runtest_call
    item.runtest()
../../opt/anaconda3/envs/policyengine/lib/python3.9/site-packages/policyengine_core/tools/test_runner.py:260: in runtest
    self.check_output()
../../opt/anaconda3/envs/policyengine/lib/python3.9/site-packages/policyengine_core/tools/test_runner.py:289: in check_output
    self.check_variable(
../../opt/anaconda3/envs/policyengine/lib/python3.9/site-packages/policyengine_core/tools/test_runner.py:332: in check_variable
    actual_value = self.simulation.calculate(variable_name, period)
../../opt/anaconda3/envs/policyengine/lib/python3.9/site-packages/policyengine_core/simulations/simulation.py:316: in calculate
    result = self._calculate(variable_name, period)
../../opt/anaconda3/envs/policyengine/lib/python3.9/site-packages/policyengine_core/simulations/simulation.py:460: in _calculate
    array = self._run_formula(variable, population, period)
../../opt/anaconda3/envs/policyengine/lib/python3.9/site-packages/policyengine_core/simulations/simulation.py:622: in _run_formula
    array = formula(population, period, parameters_at)
policyengine_us/variables/gov/states/mo/tax/income/taxable_income/mo_taxable_income.py:32: in formula
    mo_pension_and_ss_or_ssd_deduction = tax_unit(
../../opt/anaconda3/envs/policyengine/lib/python3.9/site-packages/policyengine_core/projectors/projector.py:33: in __call__
    result = self.reference_entity(*args, **kwargs)
../../opt/anaconda3/envs/policyengine/lib/python3.9/site-packages/policyengine_core/populations/population.py:130: in __call__
    return self.simulation.calculate(
../../opt/anaconda3/envs/policyengine/lib/python3.9/site-packages/policyengine_core/simulations/simulation.py:316: in calculate
    result = self._calculate(variable_name, period)
../../opt/anaconda3/envs/policyengine/lib/python3.9/site-packages/policyengine_core/simulations/simulation.py:460: in _calculate
    array = self._run_formula(variable, population, period)
../../opt/anaconda3/envs/policyengine/lib/python3.9/site-packages/policyengine_core/simulations/simulation.py:622: in _run_formula
    array = formula(population, period, parameters_at)
policyengine_us/variables/gov/states/mo/tax/income/deductions/mo_pension_and_ss_or_ssd_deduction.py:22: in formula
    eligible_ss_or_ssd = person(
../../opt/anaconda3/envs/policyengine/lib/python3.9/site-packages/policyengine_core/populations/population.py:130: in __call__
    return self.simulation.calculate(
../../opt/anaconda3/envs/policyengine/lib/python3.9/site-packages/policyengine_core/simulations/simulation.py:316: in calculate
    result = self._calculate(variable_name, period)
../../opt/anaconda3/envs/policyengine/lib/python3.9/site-packages/policyengine_core/simulations/simulation.py:460: in _calculate
    array = self._run_formula(variable, population, period)
../../opt/anaconda3/envs/policyengine/lib/python3.9/site-packages/policyengine_core/simulations/simulation.py:622: in _run_formula
    array = formula(population, period, parameters_at)
policyengine_us/variables/gov/states/mo/tax/income/deductions/mo_pension_and_ss_or_ssd_deduction_section_c.py:24: in formula
    ss_or_ssd_agi_allowance = p.mo_ss_or_ssd_deduction_allowance[
../../opt/anaconda3/envs/policyengine/lib/python3.9/site-packages/policyengine_core/parameters/parameter_node_at_instant.py:49: in __getattr__
    raise ParameterNotFoundError(param_name, self._instant_str)
E   policyengine_core.errors.parameter_not_found_error.ParameterNotFoundError: The parameter 'gov.states.mo.tax.income.deductions[mo_ss_or_ssd_deduction_allowance]' was not found in the 2021-01-01 tax and benefit system.
_________________________________ test session _________________________________
../../opt/anaconda3/envs/policyengine/lib/python3.9/site-packages/_pytest/runner.py:244: in from_call
    result = func()
../../opt/anaconda3/envs/policyengine/lib/python3.9/site-packages/_pytest/runner.py:217: in <lambda>
    lambda: ihook(item=item, **kwds), when=when, reraise=reraise
../../opt/anaconda3/envs/policyengine/lib/python3.9/site-packages/pluggy/hooks.py:286: in __call__
    return self._hookexec(self, self.get_hookimpls(), kwargs)
../../opt/anaconda3/envs/policyengine/lib/python3.9/site-packages/pluggy/manager.py:93: in _hookexec
    return self._inner_hookexec(hook, methods, kwargs)
../../opt/anaconda3/envs/policyengine/lib/python3.9/site-packages/pluggy/manager.py:84: in <lambda>
    self._inner_hookexec = lambda hook, methods, kwargs: hook.multicall(
../../opt/anaconda3/envs/policyengine/lib/python3.9/site-packages/pluggy/callers.py:208: in _multicall
    return outcome.get_result()
../../opt/anaconda3/envs/policyengine/lib/python3.9/site-packages/pluggy/callers.py:80: in get_result
    raise ex[1].with_traceback(ex[2])
../../opt/anaconda3/envs/policyengine/lib/python3.9/site-packages/pluggy/callers.py:187: in _multicall
    res = hook_impl.function(*args)
../../opt/anaconda3/envs/policyengine/lib/python3.9/site-packages/_pytest/runner.py:143: in pytest_runtest_call
    raise e
../../opt/anaconda3/envs/policyengine/lib/python3.9/site-packages/_pytest/runner.py:135: in pytest_runtest_call
    item.runtest()
../../opt/anaconda3/envs/policyengine/lib/python3.9/site-packages/policyengine_core/tools/test_runner.py:260: in runtest
    self.check_output()
../../opt/anaconda3/envs/policyengine/lib/python3.9/site-packages/policyengine_core/tools/test_runner.py:289: in check_output
    self.check_variable(
../../opt/anaconda3/envs/policyengine/lib/python3.9/site-packages/policyengine_core/tools/test_runner.py:332: in check_variable
    actual_value = self.simulation.calculate(variable_name, period)
../../opt/anaconda3/envs/policyengine/lib/python3.9/site-packages/policyengine_core/simulations/simulation.py:316: in calculate
    result = self._calculate(variable_name, period)
../../opt/anaconda3/envs/policyengine/lib/python3.9/site-packages/policyengine_core/simulations/simulation.py:460: in _calculate
    array = self._run_formula(variable, population, period)
../../opt/anaconda3/envs/policyengine/lib/python3.9/site-packages/policyengine_core/simulations/simulation.py:622: in _run_formula
    array = formula(population, period, parameters_at)
policyengine_us/variables/gov/states/mo/tax/income/taxable_income/mo_taxable_income.py:32: in formula
    mo_pension_and_ss_or_ssd_deduction = tax_unit(
../../opt/anaconda3/envs/policyengine/lib/python3.9/site-packages/policyengine_core/projectors/projector.py:33: in __call__
    result = self.reference_entity(*args, **kwargs)
../../opt/anaconda3/envs/policyengine/lib/python3.9/site-packages/policyengine_core/populations/population.py:130: in __call__
    return self.simulation.calculate(
../../opt/anaconda3/envs/policyengine/lib/python3.9/site-packages/policyengine_core/simulations/simulation.py:316: in calculate
    result = self._calculate(variable_name, period)
../../opt/anaconda3/envs/policyengine/lib/python3.9/site-packages/policyengine_core/simulations/simulation.py:460: in _calculate
    array = self._run_formula(variable, population, period)
../../opt/anaconda3/envs/policyengine/lib/python3.9/site-packages/policyengine_core/simulations/simulation.py:622: in _run_formula
    array = formula(population, period, parameters_at)
policyengine_us/variables/gov/states/mo/tax/income/deductions/mo_pension_and_ss_or_ssd_deduction.py:22: in formula
    eligible_ss_or_ssd = person(
../../opt/anaconda3/envs/policyengine/lib/python3.9/site-packages/policyengine_core/populations/population.py:130: in __call__
    return self.simulation.calculate(
../../opt/anaconda3/envs/policyengine/lib/python3.9/site-packages/policyengine_core/simulations/simulation.py:316: in calculate
    result = self._calculate(variable_name, period)
../../opt/anaconda3/envs/policyengine/lib/python3.9/site-packages/policyengine_core/simulations/simulation.py:460: in _calculate
    array = self._run_formula(variable, population, period)
../../opt/anaconda3/envs/policyengine/lib/python3.9/site-packages/policyengine_core/simulations/simulation.py:622: in _run_formula
    array = formula(population, period, parameters_at)
policyengine_us/variables/gov/states/mo/tax/income/deductions/mo_pension_and_ss_or_ssd_deduction_section_c.py:24: in formula
    ss_or_ssd_agi_allowance = p.mo_ss_or_ssd_deduction_allowance[
../../opt/anaconda3/envs/policyengine/lib/python3.9/site-packages/policyengine_core/parameters/parameter_node_at_instant.py:49: in __getattr__
    raise ParameterNotFoundError(param_name, self._instant_str)
E   policyengine_core.errors.parameter_not_found_error.ParameterNotFoundError: The parameter 'gov.states.mo.tax.income.deductions[mo_ss_or_ssd_deduction_allowance]' was not found in the 2021-01-01 tax and benefit system.
_________________________________ test session _________________________________
../../opt/anaconda3/envs/policyengine/lib/python3.9/site-packages/_pytest/runner.py:244: in from_call
    result = func()
../../opt/anaconda3/envs/policyengine/lib/python3.9/site-packages/_pytest/runner.py:217: in <lambda>
    lambda: ihook(item=item, **kwds), when=when, reraise=reraise
../../opt/anaconda3/envs/policyengine/lib/python3.9/site-packages/pluggy/hooks.py:286: in __call__
    return self._hookexec(self, self.get_hookimpls(), kwargs)
../../opt/anaconda3/envs/policyengine/lib/python3.9/site-packages/pluggy/manager.py:93: in _hookexec
    return self._inner_hookexec(hook, methods, kwargs)
../../opt/anaconda3/envs/policyengine/lib/python3.9/site-packages/pluggy/manager.py:84: in <lambda>
    self._inner_hookexec = lambda hook, methods, kwargs: hook.multicall(
../../opt/anaconda3/envs/policyengine/lib/python3.9/site-packages/pluggy/callers.py:208: in _multicall
    return outcome.get_result()
../../opt/anaconda3/envs/policyengine/lib/python3.9/site-packages/pluggy/callers.py:80: in get_result
    raise ex[1].with_traceback(ex[2])
../../opt/anaconda3/envs/policyengine/lib/python3.9/site-packages/pluggy/callers.py:187: in _multicall
    res = hook_impl.function(*args)
../../opt/anaconda3/envs/policyengine/lib/python3.9/site-packages/_pytest/runner.py:143: in pytest_runtest_call
    raise e
../../opt/anaconda3/envs/policyengine/lib/python3.9/site-packages/_pytest/runner.py:135: in pytest_runtest_call
    item.runtest()
../../opt/anaconda3/envs/policyengine/lib/python3.9/site-packages/policyengine_core/tools/test_runner.py:260: in runtest
    self.check_output()
../../opt/anaconda3/envs/policyengine/lib/python3.9/site-packages/policyengine_core/tools/test_runner.py:289: in check_output
    self.check_variable(
../../opt/anaconda3/envs/policyengine/lib/python3.9/site-packages/policyengine_core/tools/test_runner.py:332: in check_variable
    actual_value = self.simulation.calculate(variable_name, period)
../../opt/anaconda3/envs/policyengine/lib/python3.9/site-packages/policyengine_core/simulations/simulation.py:316: in calculate
    result = self._calculate(variable_name, period)
../../opt/anaconda3/envs/policyengine/lib/python3.9/site-packages/policyengine_core/simulations/simulation.py:460: in _calculate
    array = self._run_formula(variable, population, period)
../../opt/anaconda3/envs/policyengine/lib/python3.9/site-packages/policyengine_core/simulations/simulation.py:622: in _run_formula
    array = formula(population, period, parameters_at)
policyengine_us/variables/gov/states/mo/tax/income/taxable_income/mo_taxable_income.py:32: in formula
    mo_pension_and_ss_or_ssd_deduction = tax_unit(
../../opt/anaconda3/envs/policyengine/lib/python3.9/site-packages/policyengine_core/projectors/projector.py:33: in __call__
    result = self.reference_entity(*args, **kwargs)
../../opt/anaconda3/envs/policyengine/lib/python3.9/site-packages/policyengine_core/populations/population.py:130: in __call__
    return self.simulation.calculate(
../../opt/anaconda3/envs/policyengine/lib/python3.9/site-packages/policyengine_core/simulations/simulation.py:316: in calculate
    result = self._calculate(variable_name, period)
../../opt/anaconda3/envs/policyengine/lib/python3.9/site-packages/policyengine_core/simulations/simulation.py:460: in _calculate
    array = self._run_formula(variable, population, period)
../../opt/anaconda3/envs/policyengine/lib/python3.9/site-packages/policyengine_core/simulations/simulation.py:622: in _run_formula
    array = formula(population, period, parameters_at)
policyengine_us/variables/gov/states/mo/tax/income/deductions/mo_pension_and_ss_or_ssd_deduction.py:22: in formula
    eligible_ss_or_ssd = person(
../../opt/anaconda3/envs/policyengine/lib/python3.9/site-packages/policyengine_core/populations/population.py:130: in __call__
    return self.simulation.calculate(
../../opt/anaconda3/envs/policyengine/lib/python3.9/site-packages/policyengine_core/simulations/simulation.py:316: in calculate
    result = self._calculate(variable_name, period)
../../opt/anaconda3/envs/policyengine/lib/python3.9/site-packages/policyengine_core/simulations/simulation.py:460: in _calculate
    array = self._run_formula(variable, population, period)
../../opt/anaconda3/envs/policyengine/lib/python3.9/site-packages/policyengine_core/simulations/simulation.py:622: in _run_formula
    array = formula(population, period, parameters_at)
policyengine_us/variables/gov/states/mo/tax/income/deductions/mo_pension_and_ss_or_ssd_deduction_section_c.py:24: in formula
    ss_or_ssd_agi_allowance = p.mo_ss_or_ssd_deduction_allowance[
../../opt/anaconda3/envs/policyengine/lib/python3.9/site-packages/policyengine_core/parameters/parameter_node_at_instant.py:49: in __getattr__
    raise ParameterNotFoundError(param_name, self._instant_str)
E   policyengine_core.errors.parameter_not_found_error.ParameterNotFoundError: The parameter 'gov.states.mo.tax.income.deductions[mo_ss_or_ssd_deduction_allowance]' was not found in the 2021-01-01 tax and benefit system.
=========================== short test summary info ============================
FAILED policyengine_us/tests/policy/baseline/gov/states/mo/tax/income/deductions/mo_pension_and_ss_or_ssd_deduction/mo_pension_and_ss_or_ssd_deduction_section_a.yaml::
FAILED policyengine_us/tests/policy/baseline/gov/states/mo/tax/income/deductions/mo_pension_and_ss_or_ssd_deduction/mo_pension_and_ss_or_ssd_deduction_section_a.yaml::
FAILED policyengine_us/tests/policy/baseline/gov/states/mo/tax/income/deductions/mo_pension_and_ss_or_ssd_deduction/mo_pension_and_ss_or_ssd_deduction_section_a.yaml::
FAILED policyengine_us/tests/policy/baseline/gov/states/mo/tax/income/deductions/mo_pension_and_ss_or_ssd_deduction/mo_pension_and_ss_or_ssd_deduction_section_a.yaml::
FAILED policyengine_us/tests/policy/baseline/gov/states/mo/tax/income/deductions/mo_pension_and_ss_or_ssd_deduction/mo_pension_and_ss_or_ssd_deduction_section_a.yaml::
FAILED policyengine_us/tests/policy/baseline/gov/states/mo/tax/income/deductions/mo_pension_and_ss_or_ssd_deduction/mo_pension_and_ss_or_ssd_deduction_section_a.yaml::
FAILED policyengine_us/tests/policy/baseline/gov/states/mo/tax/income/deductions/mo_pension_and_ss_or_ssd_deduction/mo_pension_and_ss_or_ssd_deduction_section_a.yaml::
FAILED policyengine_us/tests/policy/baseline/gov/states/mo/tax/income/deductions/mo_pension_and_ss_or_ssd_deduction/mo_pension_and_ss_or_ssd_deduction_section_a.yaml::
FAILED policyengine_us/tests/policy/baseline/gov/states/mo/tax/income/deductions/mo_pension_and_ss_or_ssd_deduction/mo_pension_and_ss_or_ssd_deduction_section_a.yaml::
FAILED policyengine_us/tests/policy/baseline/gov/states/mo/tax/income/deductions/mo_pension_and_ss_or_ssd_deduction/mo_pension_and_ss_or_ssd_deduction_section_b.yaml::
FAILED policyengine_us/tests/policy/baseline/gov/states/mo/tax/income/deductions/mo_pension_and_ss_or_ssd_deduction/mo_pension_and_ss_or_ssd_deduction_section_b.yaml::
FAILED policyengine_us/tests/policy/baseline/gov/states/mo/tax/income/deductions/mo_pension_and_ss_or_ssd_deduction/mo_pension_and_ss_or_ssd_deduction_section_b.yaml::
FAILED policyengine_us/tests/policy/baseline/gov/states/mo/tax/income/deductions/mo_pension_and_ss_or_ssd_deduction/mo_pension_and_ss_or_ssd_deduction_section_b.yaml::
FAILED policyengine_us/tests/policy/baseline/gov/states/mo/tax/income/deductions/mo_pension_and_ss_or_ssd_deduction/mo_pension_and_ss_or_ssd_deduction_section_b.yaml::
FAILED policyengine_us/tests/policy/baseline/gov/states/mo/tax/income/deductions/mo_pension_and_ss_or_ssd_deduction/mo_pension_and_ss_or_ssd_deduction_section_b.yaml::
FAILED policyengine_us/tests/policy/baseline/gov/states/mo/tax/income/deductions/mo_pension_and_ss_or_ssd_deduction/mo_pension_and_ss_or_ssd_deduction_section_b.yaml::
FAILED policyengine_us/tests/policy/baseline/gov/states/mo/tax/income/deductions/mo_pension_and_ss_or_ssd_deduction/mo_pension_and_ss_or_ssd_deduction_section_b.yaml::
FAILED policyengine_us/tests/policy/baseline/gov/states/mo/tax/income/deductions/mo_pension_and_ss_or_ssd_deduction/mo_pension_and_ss_or_ssd_deduction_section_b.yaml::
FAILED policyengine_us/tests/policy/baseline/gov/states/mo/tax/income/deductions/mo_pension_and_ss_or_ssd_deduction/mo_pension_and_ss_or_ssd_deduction_section_c.yaml::
FAILED policyengine_us/tests/policy/baseline/gov/states/mo/tax/income/deductions/mo_pension_and_ss_or_ssd_deduction/mo_pension_and_ss_or_ssd_deduction_section_c.yaml::
FAILED policyengine_us/tests/policy/baseline/gov/states/mo/tax/income/deductions/mo_pension_and_ss_or_ssd_deduction/mo_pension_and_ss_or_ssd_deduction_section_c.yaml::
FAILED policyengine_us/tests/policy/baseline/gov/states/mo/tax/income/deductions/mo_pension_and_ss_or_ssd_deduction/mo_pension_and_ss_or_ssd_deduction_section_c.yaml::
FAILED policyengine_us/tests/policy/baseline/gov/states/mo/tax/income/deductions/mo_pension_and_ss_or_ssd_deduction/mo_pension_and_ss_or_ssd_deduction_section_c.yaml::
FAILED policyengine_us/tests/policy/baseline/gov/states/mo/tax/income/deductions/mo_pension_and_ss_or_ssd_deduction/mo_pension_and_ss_or_ssd_deduction_section_c.yaml::
FAILED policyengine_us/tests/policy/baseline/gov/states/mo/tax/income/deductions/mo_pension_and_ss_or_ssd_deduction/mo_pension_and_ss_or_ssd_deduction_section_c.yaml::
FAILED policyengine_us/tests/policy/baseline/gov/states/mo/tax/income/deductions/mo_pension_and_ss_or_ssd_deduction/mo_pension_and_ss_or_ssd_deduction_section_c.yaml::
FAILED policyengine_us/tests/policy/baseline/gov/states/mo/tax/income/deductions/mo_pension_and_ss_or_ssd_deduction/mo_pension_and_ss_or_ssd_deduction_section_c.yaml::
FAILED policyengine_us/tests/policy/baseline/gov/states/mo/tax/income/deductions/mo_pension_and_ss_or_ssd_deduction/mo_pension_and_ss_or_ssd_deduction_section_c.yaml::
FAILED policyengine_us/tests/policy/baseline/gov/states/mo/tax/income/deductions/mo_pension_and_ss_or_ssd_deduction/mo_pension_and_ss_or_ssd_deduction_section_c.yaml::
FAILED policyengine_us/tests/policy/baseline/gov/states/mo/tax/income/deductions/mo_pension_and_ss_or_ssd_deduction/mo_pension_and_ss_or_ssd_deduction_section_c.yaml::
FAILED policyengine_us/tests/policy/baseline/gov/states/mo/tax/income/deductions/mo_pension_and_ss_or_ssd_deduction/mo_pension_and_ss_or_ssd_deduction_section_c.yaml::
FAILED policyengine_us/tests/policy/baseline/gov/states/mo/tax/income/deductions/mo_pension_and_ss_or_ssd_deduction/integration_tests/mo_pension_and_ss_or_ssd.yaml::
FAILED policyengine_us/tests/policy/baseline/gov/states/mo/tax/income/deductions/mo_pension_and_ss_or_ssd_deduction/integration_tests/mo_pension_and_ss_or_ssd.yaml::
FAILED policyengine_us/tests/policy/baseline/gov/states/mo/tax/income/deductions/mo_pension_and_ss_or_ssd_deduction/integration_tests/mo_pension_and_ss_or_ssd.yaml::
FAILED policyengine_us/tests/policy/baseline/gov/states/mo/tax/income/deductions/mo_pension_and_ss_or_ssd_deduction/integration_tests/mo_pension_and_ss_or_ssd.yaml::
FAILED policyengine_us/tests/policy/baseline/gov/states/mo/tax/income/deductions/mo_pension_and_ss_or_ssd_deduction/integration_tests/mo_pension_and_ss_or_ssd.yaml::
FAILED policyengine_us/tests/policy/baseline/gov/states/mo/tax/income/deductions/mo_pension_and_ss_or_ssd_deduction/integration_tests/mo_pension_and_ss_or_ssd.yaml::
FAILED policyengine_us/tests/policy/baseline/gov/states/mo/tax/income/deductions/mo_pension_and_ss_or_ssd_deduction/integration_tests/mo_pension_and_ss_or_ssd.yaml::
FAILED policyengine_us/tests/policy/baseline/gov/states/mo/tax/income/deductions/mo_pension_and_ss_or_ssd_deduction/integration_tests/mo_pension_and_ss_or_ssd.yaml::
FAILED policyengine_us/tests/policy/baseline/gov/states/mo/tax/income/deductions/mo_pension_and_ss_or_ssd_deduction/integration_tests/mo_pension_and_ss_or_ssd.yaml::
FAILED policyengine_us/tests/policy/baseline/gov/states/mo/tax/income/deductions/mo_pension_and_ss_or_ssd_deduction/integration_tests/mo_pension_and_ss_or_ssd.yaml::
FAILED policyengine_us/tests/policy/baseline/gov/states/mo/tax/income/taxable_income/mo_taxable_income.yaml::
FAILED policyengine_us/tests/policy/baseline/gov/states/mo/tax/income/taxable_income/mo_taxable_income.yaml::
FAILED policyengine_us/tests/policy/baseline/gov/states/mo/tax/tax_sim/mo_income_tax.yaml::
FAILED policyengine_us/tests/policy/baseline/gov/states/mo/tax/tax_sim/mo_income_tax.yaml::
FAILED policyengine_us/tests/policy/baseline/gov/states/mo/tax/tax_sim/mo_income_tax.yaml::
FAILED policyengine_us/tests/policy/baseline/gov/states/mo/tax/tax_sim/mo_income_tax.yaml::
FAILED policyengine_us/tests/policy/baseline/gov/states/mo/tax/tax_sim/mo_income_tax.yaml::
FAILED policyengine_us/tests/policy/baseline/gov/states/mo/tax/tax_sim/mo_income_tax.yaml::
FAILED policyengine_us/tests/policy/baseline/gov/states/mo/tax/tax_sim/mo_income_tax.yaml::
FAILED policyengine_us/tests/policy/baseline/gov/states/mo/tax/tax_sim/mo_taxable_income.yaml::
FAILED policyengine_us/tests/policy/baseline/gov/states/mo/tax/tax_sim/mo_taxable_income.yaml::
FAILED policyengine_us/tests/policy/baseline/gov/states/mo/tax/tax_sim/mo_taxable_income.yaml::
FAILED policyengine_us/tests/policy/baseline/gov/states/mo/tax/tax_sim/scenarios/mo_income_tax_by_family_structure.yaml::
FAILED policyengine_us/tests/policy/baseline/gov/states/mo/tax/tax_sim/scenarios/mo_income_tax_by_family_structure.yaml::
FAILED policyengine_us/tests/policy/baseline/gov/states/mo/tax/tax_sim/scenarios/mo_income_tax_by_family_structure.yaml::
FAILED policyengine_us/tests/policy/baseline/gov/states/mo/tax/tax_sim/scenarios/mo_income_tax_by_family_structure.yaml::
FAILED policyengine_us/tests/policy/baseline/gov/states/mo/tax/tax_sim/scenarios/mo_income_tax_by_family_structure.yaml::
FAILED policyengine_us/tests/policy/baseline/gov/states/mo/tax/tax_sim/scenarios/mo_income_tax_by_family_structure.yaml::
======================== 59 failed, 58 passed in 9.21s =========================
