============================= test session starts ==============================
platform linux -- Python 3.7.11, pytest-5.4.3, py-1.11.0, pluggy-0.13.1
rootdir: /home/nikhil/policyengine/openfisca-us, inifile: setup.cfg
plugins: anyio-3.4.0, dependency-0.5.1
collected 1 item

test.yaml Computation log:
  taxsim_tfica<2021> >> [0.]
    self_employment_tax<2021> >> [0. 0. 0.]
      self_employment_social_security_tax<2021> >> [0. 0. 0.]
        social_security_taxable_self_employment_income<2021> >> [0. 0. 0.]
          taxable_self_employment_income<2021> >> [0. 0. 0.]
            sey<2021> >> [0. 0. 0.]
              self_employment_income<2021> >> [0. 0. 0.]
              farm_income<2021> >> [0. 0. 0.]
              k1bx14<2021> >> [0. 0. 0.]
          taxable_earnings_for_social_security<2021> >> [0. 0. 0.]
            payroll_tax_gross_wages<2021> >> [0. 0. 0.]
              employment_income<2021> >> [0. 0. 0.]
      self_employment_medicare_tax<2021> >> [0. 0. 0.]
        taxable_self_employment_income<2021> >> [0. 0. 0.]
    employee_payroll_tax<2021> >> [0.]
      employee_social_security_tax<2021> >> [0. 0. 0.]
        taxable_earnings_for_social_security<2021> >> [0. 0. 0.]
      employee_medicare_tax<2021> >> [0. 0. 0.]
        payroll_tax_gross_wages<2021> >> [0. 0. 0.]
      additional_medicare_tax<2021> >> [0.]
        employment_income<2021> >> [0. 0. 0.]
        taxable_self_employment_income<2021> >> [0. 0. 0.]
        filing_status<2021> >> ['HEAD_OF_HOUSEHOLD']
          is_tax_unit_spouse<2021> >> [False False False]
          tax_unit_dependents<2021> >> [2]
            is_tax_unit_dependent<2021> >> [False  True  True]
  ma_income_tax<2021> >> [7524.]
    state_code_str<2021> >> ['MA']
      state_code<2021> >> ['MA']
    ma_income_tax_before_credits<2021> >> [7704.]
      ma_part_a_taxable_interest_dividend_income<2021> >> [0.]
        ma_part_a_taxable_income<2021> >> [64200.]
          ma_part_a_agi<2021> >> [73000.]
            ma_part_a_gross_income<2021> >> [73000.]
              dividend_income<2021> >> [0. 0. 0.]
              short_term_capital_gains<2021> >> [73000.     0.     0.]
            short_term_capital_gains<2021> >> [73000.     0.     0.]
            long_term_capital_gains<2021> >> [0. 0. 0.]
          ma_part_b_agi<2021> >> [0.]
            ma_part_b_gross_income<2021> >> [0.]
              ma_gross_income<2021> >> [73000.]
                irs_gross_income<2021> >> [73000.     0.     0.]
                  is_tax_unit_dependent<2021> >> [False  True  True]
                  employment_income<2021> >> [0. 0. 0.]
                  self_employment_income<2021> >> [0. 0. 0.]
                  capital_gains<2021> >> [73000.     0.     0.]
                    short_term_capital_gains<2021> >> [73000.     0.     0.]
                    long_term_capital_gains<2021> >> [0. 0. 0.]
                  taxable_interest_income<2021> >> [0. 0. 0.]
                  rental_income<2021> >> [0. 0. 0.]
                  dividend_income<2021> >> [0. 0. 0.]
                  pension_income<2021> >> [0. 0. 0.]
                    ira_income<2021> >> [0. 0. 0.]
                      tax_exempt_ira_income<2021> >> [0. 0. 0.]
                      taxable_ira_income<2021> >> [0. 0. 0.]
                  debt_relief<2021> >> [0. 0. 0.]
                  taxable_unemployment_compensation<2021> >> [0. 0. 0.]
                    is_tax_unit_head<2021> >> [ True False False]
                    tax_unit_taxable_unemployment_compensation<2021> >> [0.]
                      tax_unit_unemployment_compensation<2021> >> [0.]
                        unemployment_compensation<2021> >> [0. 0. 0.]
                      taxable_uc_agi<2021> >> [73000.]
                        is_tax_unit_dependent<2021> >> [False  True  True]
                        employment_income<2021> >> [0. 0. 0.]
                        self_employment_income<2021> >> [0. 0. 0.]
                        capital_gains<2021> >> [73000.     0.     0.]
                        taxable_interest_income<2021> >> [0. 0. 0.]
                        rental_income<2021> >> [0. 0. 0.]
                        dividend_income<2021> >> [0. 0. 0.]
                        pension_income<2021> >> [0. 0. 0.]
                        debt_relief<2021> >> [0. 0. 0.]
                        taxable_social_security<2021> >> [0. 0. 0.]
                          is_tax_unit_head<2021> >> [ True False False]
                          tax_unit_taxable_social_security<2021> >> [0.]
                            tax_unit_social_security<2021> >> [0.]
                              social_security<2021> >> [0. 0. 0.]
                                social_security_dependents<2021> >> [0. 0. 0.]
                                social_security_disability<2021> >> [0. 0. 0.]
                                social_security_retirement<2021> >> [0. 0. 0.]
                                social_security_survivors<2021> >> [0. 0. 0.]
                            taxable_ss_magi<2021> >> [73000.]
                              is_tax_unit_dependent<2021> >> [False  True  True]
                              employment_income<2021> >> [0. 0. 0.]
                              self_employment_income<2021> >> [0. 0. 0.]
                              capital_gains<2021> >> [73000.     0.     0.]
                              taxable_interest_income<2021> >> [0. 0. 0.]
                              rental_income<2021> >> [0. 0. 0.]
                              dividend_income<2021> >> [0. 0. 0.]
                              pension_income<2021> >> [0. 0. 0.]
                              debt_relief<2021> >> [0. 0. 0.]
                              illicit_income<2021> >> [0. 0. 0.]
                              unemployment_compensation<2021> >> [0. 0. 0.]
                              loss_ald<2021> >> [0.]
                                filing_status<2021> >> ['HEAD_OF_HOUSEHOLD']
                                self_employment_income<2021> >> [0. 0. 0.]
                                maximum_capital_loss<2021> >> [0.]
                                  tax_unit_capital_loss<2021> >> [0.]
                                    capital_loss<2021> >> [ 0. -0. -0.]
                                      capital_gains<2021> >> [73000.     0.     0.]
                                  filing_status<2021> >> ['HEAD_OF_HOUSEHOLD']
                              self_employment_tax_ald<2021> >> [0.]
                                self_employment_tax<2021> >> [0. 0. 0.]
                                is_tax_unit_dependent<2021> >> [False  True  True]
                              early_withdrawal_penalty<2021> >> [0. 0. 0.]
                              alimony_income<2021> >> [0. 0. 0.]
                              educator_expense<2021> >> [0. 0. 0.]
                              health_savings_account_ald<2021> >> [0.]
                              self_employed_health_insurance_ald<2021> >> [0.]
                                self_employment_income<2021> >> [0. 0. 0.]
                                self_employed_health_insurance_premiums<2021> >> [0. 0. 0.]
                                  is_self_employed<2021> >> [False False False]
                                  health_insurance_premiums<2021> >> [0. 0. 0.]
                              ira_contributions<2021> >> [0. 0. 0.]
                              sep_simple_qualified_plan_contributions<2021> >> [0. 0. 0.]
                            filing_status<2021> >> ['HEAD_OF_HOUSEHOLD']
                        illicit_income<2021> >> [0. 0. 0.]
                        loss_ald<2021> >> [0.]
                        self_employment_tax_ald<2021> >> [0.]
                        student_loan_interest<2021> >> [0. 0. 0.]
                        early_withdrawal_penalty<2021> >> [0. 0. 0.]
                        alimony_income<2021> >> [0. 0. 0.]
                        educator_expense<2021> >> [0. 0. 0.]
                        health_savings_account_ald<2021> >> [0.]
                        self_employed_health_insurance_ald<2021> >> [0.]
                        ira_contributions<2021> >> [0. 0. 0.]
                        sep_simple_qualified_plan_contributions<2021> >> [0. 0. 0.]
                        qualified_adoption_assistance_expense<2021> >> [0. 0. 0.]
                        us_bonds_for_higher_ed<2021> >> [0. 0. 0.]
                        specified_possession_income<2021> >> [0.]
                        puerto_rico_income<2021> >> [0.]
                      filing_status<2021> >> ['HEAD_OF_HOUSEHOLD']
                  taxable_social_security<2021> >> [0. 0. 0.]
                  illicit_income<2021> >> [0. 0. 0.]
                foreign_earned_income_exclusion<2021> >> [0.]
                taxable_social_security<2021> >> [0. 0. 0.]
              ma_part_a_gross_income<2021> >> [73000.]
              ma_part_c_gross_income<2021> >> [0.]
                long_term_capital_gains<2021> >> [0. 0. 0.]
            self_employment_tax_ald<2021> >> [0.]
            student_loan_interest<2021> >> [0. 0. 0.]
            alimony_income<2021> >> [0. 0. 0.]
            educator_expense<2021> >> [0. 0. 0.]
            health_savings_account_ald<2021> >> [0.]
            self_employed_health_insurance_ald<2021> >> [0.]
            qualified_adoption_assistance_expense<2021> >> [0. 0. 0.]
            us_bonds_for_higher_ed<2021> >> [0. 0. 0.]
            specified_possession_income<2021> >> [0.]
            puerto_rico_income<2021> >> [0.]
          ma_part_b_taxable_income_deductions<2021> >> [3000.]
            employee_social_security_tax<2021> >> [0. 0. 0.]
            employee_medicare_tax<2021> >> [0. 0. 0.]
            self_employment_social_security_tax<2021> >> [0. 0. 0.]
            self_employment_medicare_tax<2021> >> [0. 0. 0.]
            is_tax_unit_head<2021> >> [ True False False]
            is_tax_unit_spouse<2021> >> [False False False]
            interest_income<2021> >> [0. 0. 0.]
              taxable_interest_income<2021> >> [0. 0. 0.]
              tax_exempt_interest_income<2021> >> [0. 0. 0.]
            dividend_income<2021> >> [0. 0. 0.]
            filing_status<2021> >> ['HEAD_OF_HOUSEHOLD']
            rent<2021> >> [8000.    0.    0.]
          ma_part_b_taxable_income_exemptions<2021> >> [8800.]
            filing_status<2021> >> ['HEAD_OF_HOUSEHOLD']
            is_blind<2021> >> [False False False]
            is_tax_unit_dependent<2021> >> [False  True  True]
            age<2021> >> [38. 11. 17.]
            tax_unit_dependents<2021> >> [2]
            tax_unit_itemizes<2021> >> [False]
              tax_liability_if_itemizing<2021> >> [10224.72]
                federal_state_income_tax<2021> >> [10224.72]
                  income_tax<2021> >> [2700.7197]
                    iitax<2021> >> [2700.7197]
                      income_tax_before_refundable_credits<2021> >> [8700.72]
                        c09200<2021> >> [8700.72]
                          income_tax_before_credits<2021> >> [8700.72]
                            c05800<2021> >> [8700.72]
                              regular_tax_before_credits<2021> >> [8700.72]
                                taxbc<2021> >> [8700.72]
                                  filing_status<2021> >> ['HEAD_OF_HOUSEHOLD']
                                  taxable_income<2021> >> [65476.]
                                    adjusted_gross_income<2021> >> [73000.]
                                      irs_gross_income<2021> >> [73000.     0.     0.]
                                      above_the_line_deductions<2021> >> [0.]
                                        loss_ald<2021> >> [0.]
                                        self_employment_tax_ald<2021> >> [0.]
                                        student_loan_interest<2021> >> [0. 0. 0.]
                                        early_withdrawal_penalty<2021> >> [0. 0. 0.]
                                        alimony_income<2021> >> [0. 0. 0.]
                                        educator_expense<2021> >> [0. 0. 0.]
                                        health_savings_account_ald<2021> >> [0.]
                                        self_employed_health_insurance_ald<2021> >> [0.]
                                        ira_contributions<2021> >> [0. 0. 0.]
                                        sep_simple_qualified_plan_contributions<2021> >> [0. 0. 0.]
                                        qualified_adoption_assistance_expense<2021> >> [0. 0. 0.]
                                        us_bonds_for_higher_ed<2021> >> [0. 0. 0.]
                                        specified_possession_income<2021> >> [0.]
                                        puerto_rico_income<2021> >> [0.]
                                    taxable_income_deductions<2021> >> [7524.]
                                      tax_unit_itemizes<2021> >> [ True]
                                      taxable_income_deductions_if_itemizing<2021> >> [7524.]
                                        charitable_deduction<2021> >> [0.]
                                          charitable_cash_donations<2021> >> [0. 0. 0.]
                                          charitable_non_cash_donations<2021> >> [0. 0. 0.]
                                          positive_agi<2021> >> [73000.]
                                            adjusted_gross_income<2021> >> [73000.]
                                        interest_deduction<2021> >> [0.]
                                          interest_expense<2021> >> [0. 0. 0.]
                                        salt_deduction<2021> >> [7524.]
                                          state_and_local_sales_or_income_tax<2021> >> [7524.]
                                            state_income_tax<2021> >> [7524.]
                                              ma_income_tax<2021> >> [7524.]
                                                state_code_str<2021> >> ['MA']
                                                ma_income_tax_before_credits<2021> >> [7704.]
                                                  ma_part_a_taxable_interest_dividend_income<2021> >> [0.]
                                                    ma_part_a_taxable_income<2021> >> [64200.]
                                                      ma_part_a_agi<2021> >> [73000.]
                                                      ma_part_b_agi<2021> >> [0.]
                                                      ma_part_b_taxable_income_deductions<2021> >> [3000.]
                                                      ma_part_b_taxable_income_exemptions<2021> >> [8800.]
                                                        filing_status<2021> >> ['HEAD_OF_HOUSEHOLD']
                                                        is_blind<2021> >> [False False False]
                                                        is_tax_unit_dependent<2021> >> [False  True  True]
                                                        age<2021> >> [38. 11. 17.]
                                                        tax_unit_dependents<2021> >> [2]
                                                        tax_unit_itemizes<2021> >> [ True]
                                                        medical_expense_deduction<2021> >> [0.]
                                                          medical_expense<2021> >> [0. 0. 0.]
                                                            health_insurance_premiums<2021> >> [0. 0. 0.]
                                                            medical_out_of_pocket_expenses<2021> >> [0. 0. 0.]
                                                          positive_agi<2021> >> [73000.]
                                                    interest_income<2021> >> [0. 0. 0.]
                                                    dividend_income<2021> >> [0. 0. 0.]
                                                  ma_part_a_taxable_capital_gains_income<2021> >> [64200.]
                                                    ma_part_a_taxable_income<2021> >> [64200.]
                                                    ma_part_a_taxable_interest_dividend_income<2021> >> [0.]
                                                  ma_part_b_taxable_income<2021> >> [0.]
                                                    ma_part_b_agi<2021> >> [0.]
                                                    ma_part_b_taxable_income_deductions<2021> >> [3000.]
                                                    ma_part_b_taxable_income_exemptions<2021> >> [8800.]
                                                  ma_part_c_taxable_income<2021> >> [0.]
                                                    ma_part_a_agi<2021> >> [73000.]
                                                    ma_part_b_agi<2021> >> [0.]
                                                    ma_part_c_agi<2021> >> [0.]
                                                      ma_part_c_gross_income<2021> >> [0.]
                                                    ma_part_b_taxable_income_deductions<2021> >> [3000.]
                                                  is_ma_income_tax_exempt<2021> >> [False]
                                                    ma_agi<2021> >> [73000.]
                                                      ma_part_a_gross_income<2021> >> [73000.]
                                                      ma_part_b_gross_income<2021> >> [0.]
                                                      ma_part_c_gross_income<2021> >> [0.]
                                                    ma_income_tax_exemption_threshold<2021> >> [16400.]
                                                      filing_status<2021> >> ['HEAD_OF_HOUSEHOLD']
                                                      tax_unit_dependents<2021> >> [2]
                                                ma_limited_income_tax_credit<2021> >> [0.]
                                                  ma_agi<2021> >> [73000.]
                                                  ma_income_tax_exemption_threshold<2021> >> [16400.]
                                                  ma_income_tax_before_credits<2021> >> [7704.]
                                                ma_eitc<2021> >> [0.]
                                                  earned_income_tax_credit<2021> >> [0.]
                                                    eitc_eligible<2021> >> [False]
                                                      is_child<2021> >> [False  True  True]
                                                        age<2021> >> [38. 11. 17.]
                                                      age<2021> >> [38. 11. 17.]
                                                      tax_exempt_interest_income<2021> >> [0. 0. 0.]
                                                      taxable_interest_income<2021> >> [0. 0. 0.]
                                                      dividend_income<2021> >> [0. 0. 0.]
                                                      c01000<2021> >> [73000.]
                                                        sep<2021> >> [1]
                                                        c23650<2021> >> [73000.]
                                                          long_term_capital_gains<2021> >> [0. 0. 0.]
                                                          short_term_capital_gains<2021> >> [73000.     0.     0.]
                                                      tax_unit_rental_income<2021> >> [0.]
                                                        rental_income<2021> >> [0. 0. 0.]
                                                      tax_unit_partnership_s_corp_income<2021> >> [0.]
                                                        partnership_s_corp_income<2021> >> [0. 0. 0.]
                                                    eitc_maximum<2021> >> [5980.]
                                                      eitc_child_count<2021> >> [2]
                                                        is_eitc_qualifying_child<2021> >> [False  True  True]
                                                          is_tax_unit_dependent<2021> >> [False  True  True]
                                                          is_permanently_and_totally_disabled<2021> >> [False False False]
                                                          age<2021> >> [38. 11. 17.]
                                                          is_full_time_student<2021> >> [False False False]
                                                            is_full_time_college_student<2021> >> [False False False]
                                                            is_in_k12_school<2021> >> [False False False]
                                                    eitc_phased_in<2021> >> [0.]
                                                      eitc_maximum<2021> >> [5980.]
                                                      eitc_phase_in_rate<2021> >> [0.4]
                                                        eitc_child_count<2021> >> [2]
                                                      filer_earned<2021> >> [0.]
                                                        earned<2021> >> [0. 0. 0.]
                                                          self_employment_tax<2021> >> [0. 0. 0.]
                                                          employment_income<2021> >> [0. 0. 0.]
                                                          self_employment_income<2021> >> [0. 0. 0.]
                                                        is_tax_unit_dependent<2021> >> [False  True  True]
                                                    eitc_reduction<2021> >> [11262.889]
                                                      filer_earned<2021> >> [0.]
                                                      adjusted_gross_income<2021> >> [73000.]
                                                      eitc_phase_out_start<2021> >> [19520.]
                                                        eitc_child_count<2021> >> [2]
                                                        tax_unit_is_joint<2021> >> [False]
                                                          filing_status<2021> >> ['HEAD_OF_HOUSEHOLD']
                                                      eitc_phase_out_rate<2021> >> [0.2106]
                                                        eitc_child_count<2021> >> [2]
                                                ma_dependent_credit<2021> >> [180.]
                                                  is_tax_unit_dependent<2021> >> [False  True  True]
                                                  age<2021> >> [38. 11. 17.]
                                                  is_disabled<2021> >> [False False False]
                                            local_income_tax<2021> >> [0.]
                                            state_sales_tax<2021> >> [0.]
                                            local_sales_tax<2021> >> [0.]
                                          real_estate_taxes<2021> >> [0. 0. 0.]
                                          filing_status<2021> >> ['HEAD_OF_HOUSEHOLD']
                                        medical_expense_deduction<2021> >> [0.]
                                        casualty_loss_deduction<2021> >> [0.]
                                          casualty_loss<2021> >> [0. 0. 0.]
                                          positive_agi<2021> >> [73000.]
                                        qualified_business_income_deduction<2021> >> [0.]
                                          maximum_qbid<2021> >> [0.]
                                            qualified_business_income<2021> >> [0. 0. 0.]
                                              self_employment_income<2021> >> [0. 0. 0.]
                                              partnership_s_corp_income<2021> >> [0. 0. 0.]
                                              farm_income<2021> >> [0. 0. 0.]
                                              farm_rent_income<2021> >> [0. 0. 0.]
                                              business_is_qualified<2021> >> [False False False]
                                          qbid_limit<2021> >> [0.]
                                            qualified_business_income<2021> >> [0. 0. 0.]
                                            w2_wages_from_qualified_business<2021> >> [0. 0. 0.]
                                            unadjusted_basis_qualified_property<2021> >> [0. 0. 0.]
                                            taxable_income_less_qbid<2021> >> [54200.]
                                              adjusted_gross_income<2021> >> [73000.]
                                              charitable_deduction<2021> >> [0.]
                                              interest_deduction<2021> >> [0.]
                                              salt_deduction<2021> >> [7524.]
                                              medical_expense_deduction<2021> >> [0.]
                                              casualty_loss_deduction<2021> >> [0.]
                                              standard_deduction<2021> >> [18800.]
                                                basic_standard_deduction<2021> >> [18800.]
                                                  filing_status<2021> >> ['HEAD_OF_HOUSEHOLD']
                                                  separate_filer_itemizes<2021> >> [False]
                                                  tax_unit_dependent_elsewhere<2021> >> [False]
                                                  tax_unit_earned_income<2021> >> [0.]
                                                    earned_income<2021> >> [0. 0. 0.]
                                                      employment_income<2021> >> [0. 0. 0.]
                                                      self_employment_income<2021> >> [0. 0. 0.]
                                                    is_tax_unit_dependent<2021> >> [False  True  True]
                                                additional_standard_deduction<2021> >> [0.]
                                                  filing_status<2021> >> ['HEAD_OF_HOUSEHOLD']
                                                  blind_head<2021> >> [False]
                                                    is_blind<2021> >> [False False False]
                                                    is_tax_unit_head<2021> >> [ True False False]
                                                  blind_spouse<2021> >> [False]
                                                    is_blind<2021> >> [False False False]
                                                    is_tax_unit_spouse<2021> >> [False False False]
                                                  age_head<2021> >> [38]
                                                    age<2021> >> [38. 11. 17.]
                                                    is_tax_unit_head<2021> >> [ True False False]
                                                  age_spouse<2021> >> [0]
                                                    age<2021> >> [38. 11. 17.]
                                                    is_tax_unit_spouse<2021> >> [False False False]
                                            filing_status<2021> >> ['HEAD_OF_HOUSEHOLD']
                                            maximum_qbid<2021> >> [0.]
                                      taxable_income_deductions_if_not_itemizing<2021> >> [18800.]
                                        standard_deduction<2021> >> [18800.]
                                        qualified_business_income_deduction<2021> >> [0.]
                                  dwks14<2021> >> [65476.]
                                    taxable_income<2021> >> [65476.]
                                    dwks13<2021> >> [0.]
                                      unrecaptured_section_1250_gain<2021> >> [0.]
                                      capital_gain_28_percent<2021> >> [0.]
                                      dwks9<2021> >> [0.]
                                        long_term_capital_gains<2021> >> [0. 0. 0.]
                                        c23650<2021> >> [73000.]
                                        non_sch_d_capital_gains<2021> >> [0. 0. 0.]
                                        investment_income_form_4952<2021> >> [0.]
                                      dwks10<2021> >> [0.]
                                        dwks6<2021> >> [0.]
                                          qualified_dividend_income<2021> >> [0. 0. 0.]
                                          investment_income_form_4952<2021> >> [0.]
                                        dwks9<2021> >> [0.]
                                        long_term_capital_gains<2021> >> [0. 0. 0.]
                                        c23650<2021> >> [73000.]
                                        non_sch_d_capital_gains<2021> >> [0. 0. 0.]
                                        hasqdivltcg<2021> >> [ True]
                                          c01000<2021> >> [73000.]
                                          c23650<2021> >> [73000.]
                                          long_term_capital_gains<2021> >> [0. 0. 0.]
                                          non_sch_d_capital_gains<2021> >> [0. 0. 0.]
                                          qualified_dividend_income<2021> >> [0. 0. 0.]
                                      hasqdivltcg<2021> >> [ True]
                                    hasqdivltcg<2021> >> [ True]
                                  dwks13<2021> >> [0.]
                                  dwks19<2021> >> [65476.]
                                    dwks14<2021> >> [65476.]
                                    filing_status<2021> >> ['HEAD_OF_HOUSEHOLD']
                                    taxable_income<2021> >> [65476.]
                                    dwks10<2021> >> [0.]
                                    hasqdivltcg<2021> >> [ True]
                                  dwks9<2021> >> [0.]
                                  unrecaptured_section_1250_gain<2021> >> [0.]
                                  dwks10<2021> >> [0.]
                                  partnership_s_corp_income<2021> >> [0. 0. 0.]
                                  self_employment_income<2021> >> [0. 0. 0.]
                                  filing_status<2021> >> ['HEAD_OF_HOUSEHOLD']
                                  income_tax_main_rates<2021> >> [8700.72]
                                    c05200<2021> >> [8700.72]
                                      partnership_s_corp_income<2021> >> [0. 0. 0.]
                                      self_employment_income<2021> >> [0. 0. 0.]
                                      taxable_income<2021> >> [65476.]
                                      filing_status<2021> >> ['HEAD_OF_HOUSEHOLD']
                                  hasqdivltcg<2021> >> [ True]
                              alternative_minimum_tax<2021> >> [0.]
                                c09600<2021> >> [0.]
                                  c62100<2021> >> [73000.]
                                    adjusted_gross_income<2021> >> [73000.]
                                    salt_refund_income<2021> >> [0. 0. 0.]
                                    taxable_income_deductions_if_itemizing<2021> >> [7524.]
                                    medical_expense_deduction<2021> >> [0.]
                                    salt_deduction<2021> >> [7524.]
                                    standard_deduction<2021> >> [18800.]
                                    amt_non_agi_income<2021> >> [0.]
                                    filing_status<2021> >> ['HEAD_OF_HOUSEHOLD']
                                  filing_status<2021> >> ['HEAD_OF_HOUSEHOLD']
                                  age_head<2021> >> [38]
                                  age_spouse<2021> >> [0]
                                  filer_earned<2021> >> [0.]
                                  sep<2021> >> [1]
                                  dwks10<2021> >> [0.]
                                  dwks13<2021> >> [0.]
                                  dwks14<2021> >> [65476.]
                                  dwks19<2021> >> [65476.]
                                  unrecaptured_section_1250_gain<2021> >> [0.]
                                  sep<2021> >> [1]
                                  foreign_tax_credit<2021> >> [0.]
                                  amt_form_completed<2021> >> [False]
                                  foreign_tax_credit<2021> >> [0.]
                                  taxbc<2021> >> [8700.72]
                                  c05700<2021> >> [0.]
                          income_tax_capped_non_refundable_credits<2021> >> [0.]
                            income_tax_before_credits<2021> >> [8700.72]
                            income_tax_non_refundable_credits<2021> >> [0.]
                              c07100<2021> >> [0.]
                                cdcc<2021> >> [0.]
                                  cdcc_relevant_expenses<2021> >> [0.]
                                    tax_unit_childcare_expenses<2021> >> [0.]
                                      childcare_expenses<2021> >> [0. 0. 0.]
                                      is_child<2021> >> [False  True  True]
                                      is_child<2021> >> [False  True  True]
                                    count_cdcc_eligible<2021> >> [1]
                                      is_cdcc_eligible<2021> >> [False  True False]
                                        age<2021> >> [38. 11. 17.]
                                        is_tax_unit_head<2021> >> [ True False False]
                                        incapable_of_self_care<2021> >> [False False False]
                                    earned<2021> >> [0. 0. 0.]
                                    tax_unit_is_joint<2021> >> [False]
                                    is_tax_unit_spouse<2021> >> [False False False]
                                    is_tax_unit_head<2021> >> [ True False False]
                                  cdcc_rate<2021> >> [0.5]
                                    adjusted_gross_income<2021> >> [73000.]
                                elderly_disabled_credit<2021> >> [0.]
                                  section_22_income<2021> >> [0.]
                                    filing_status<2021> >> ['HEAD_OF_HOUSEHOLD']
                                    qualifies_for_elderly_or_disabled_credit<2021> >> [False False False]
                                      age<2021> >> [38. 11. 17.]
                                      retired_on_total_disability<2021> >> [False False False]
                                    age<2021> >> [38. 11. 17.]
                                    is_tax_unit_dependent<2021> >> [False  True  True]
                                    total_disability_payments<2021> >> [0. 0. 0.]
                                    pension_income<2021> >> [0. 0. 0.]
                                    taxable_pension_income<2021> >> [0. 0. 0.]
                                      taxable_ira_income<2021> >> [0. 0. 0.]
                                    tax_unit_social_security<2021> >> [0.]
                                    tax_unit_taxable_social_security<2021> >> [0.]
                                    adjusted_gross_income<2021> >> [73000.]
                                non_refundable_ctc<2021> >> [0.]
                                  ctc<2021> >> [6000.]
                                    ctc_maximum<2021> >> [6000.]
                                      ctc_individual_maximum<2021> >> [   0. 3000. 3000.]
                                        ctc_child_individual_maximum<2021> >> [   0. 3000. 3000.]
                                          is_ctc_qualifying_child<2021> >> [False  True  True]
                                            age<2021> >> [38. 11. 17.]
                                          is_ctc_qualifying_young_child<2021> >> [False False False]
                                            age<2021> >> [38. 11. 17.]
                                        ctc_adult_individual_maximum<2021> >> [0. 0. 0.]
                                          is_tax_unit_dependent<2021> >> [False  True  True]
                                          is_ctc_qualifying_child<2021> >> [False  True  True]
                                    ctc_reduction<2021> >> [0.]
                                      adjusted_gross_income<2021> >> [73000.]
                                      filing_status<2021> >> ['HEAD_OF_HOUSEHOLD']
                                      ctc_maximum<2021> >> [6000.]
                                      is_ctc_qualifying_child<2021> >> [False  True  True]
                                      is_ctc_qualifying_young_child<2021> >> [False False False]
                                      is_tax_unit_dependent<2021> >> [False  True  True]
                                      is_ctc_qualifying_child<2021> >> [False  True  True]
                                  refundable_ctc<2021> >> [6000.]
                                    ctc_refundable_individual_maximum<2021> >> [   0. 3000. 3000.]
                                      ctc_child_individual_maximum<2021> >> [   0. 3000. 3000.]
                                american_opportunity_credit<2021> >> [0.]
                                  is_eligible_for_american_opportunity_credit<2021> >> [False False False]
                                  qualified_tuition_expenses<2021> >> [0. 0. 0.]
                                  education_credit_phase_out<2021> >> [0.]
                                    adjusted_gross_income<2021> >> [73000.]
                                    tax_unit_is_joint<2021> >> [False]
                                lifetime_learning_credit<2021> >> [0.]
                                  is_eligible_for_american_opportunity_credit<2021> >> [False False False]
                                  qualified_tuition_expenses<2021> >> [0. 0. 0.]
                                  education_credit_phase_out<2021> >> [0.]
                                retirement_savings_credit<2021> >> [0.]
                                  e07240<2021> >> [0.]
                                residential_energy_credit<2021> >> [0.]
                                  e07260<2021> >> [0.]
                      income_tax_refundable_credits<2021> >> [6000.]
                        eitc<2021> >> [0.]
                          earned_income_tax_credit<2021> >> [0.]
                        refundable_american_opportunity_credit<2021> >> [0.]
                          american_opportunity_credit<2021> >> [0.]
                        cdcc_refund<2021> >> [0.]
                          cdcc<2021> >> [0.]
                        refundable_ctc<2021> >> [6000.]
                        recovery_rebate_credit<2021> >> [0.]
                        refundable_payroll_tax_credit<2021> >> [0.]
                          rptc<2021> >> [0.]
                        premium_tax_credit<2021> >> [0.]
                        ecpa_filer_credit<2021> >> [0.]
                          age_head<2021> >> [38]
                          age_spouse<2021> >> [0]
                          filing_status<2021> >> ['HEAD_OF_HOUSEHOLD']
                          adjusted_gross_income<2021> >> [73000.]
                        ecpa_adult_dependent_credit<2021> >> [0.]
                          is_tax_unit_dependent<2021> >> [False  True  True]
                          age<2021> >> [38. 11. 17.]
                  state_income_tax<2021> >> [7524.]
              tax_liability_if_not_itemizing<2021> >> [7744.]
                federal_state_income_tax<2021> >> [7744.]
                  income_tax<2021> >> [220.]
                    iitax<2021> >> [220.]
                      income_tax_before_refundable_credits<2021> >> [6220.]
                        c09200<2021> >> [6220.]
                          income_tax_before_credits<2021> >> [6220.]
                            c05800<2021> >> [6220.]
                              regular_tax_before_credits<2021> >> [6220.]
                                taxbc<2021> >> [6220.]
                                  filing_status<2021> >> ['HEAD_OF_HOUSEHOLD']
                                  taxable_income<2021> >> [54200.]
                                    adjusted_gross_income<2021> >> [73000.]
                                      irs_gross_income<2021> >> [73000.     0.     0.]
                                      above_the_line_deductions<2021> >> [0.]
                                        loss_ald<2021> >> [0.]
                                        self_employment_tax_ald<2021> >> [0.]
                                        student_loan_interest<2021> >> [0. 0. 0.]
                                        early_withdrawal_penalty<2021> >> [0. 0. 0.]
                                        alimony_income<2021> >> [0. 0. 0.]
                                        educator_expense<2021> >> [0. 0. 0.]
                                        health_savings_account_ald<2021> >> [0.]
                                        self_employed_health_insurance_ald<2021> >> [0.]
                                        ira_contributions<2021> >> [0. 0. 0.]
                                        sep_simple_qualified_plan_contributions<2021> >> [0. 0. 0.]
                                        qualified_adoption_assistance_expense<2021> >> [0. 0. 0.]
                                        us_bonds_for_higher_ed<2021> >> [0. 0. 0.]
                                        specified_possession_income<2021> >> [0.]
                                        puerto_rico_income<2021> >> [0.]
                                    taxable_income_deductions<2021> >> [18800.]
                                      tax_unit_itemizes<2021> >> [False]
                                      taxable_income_deductions_if_itemizing<2021> >> [7524.]
                                        charitable_deduction<2021> >> [0.]
                                          charitable_cash_donations<2021> >> [0. 0. 0.]
                                          charitable_non_cash_donations<2021> >> [0. 0. 0.]
                                          positive_agi<2021> >> [73000.]
                                            adjusted_gross_income<2021> >> [73000.]
                                        interest_deduction<2021> >> [0.]
                                          interest_expense<2021> >> [0. 0. 0.]
                                        salt_deduction<2021> >> [7524.]
                                          state_and_local_sales_or_income_tax<2021> >> [7524.]
                                            state_income_tax<2021> >> [7524.]
                                              ma_income_tax<2021> >> [7524.]
                                                state_code_str<2021> >> ['MA']
                                                ma_income_tax_before_credits<2021> >> [7704.]
                                                  ma_part_a_taxable_interest_dividend_income<2021> >> [0.]
                                                    ma_part_a_taxable_income<2021> >> [64200.]
                                                      ma_part_a_agi<2021> >> [73000.]
                                                      ma_part_b_agi<2021> >> [0.]
                                                      ma_part_b_taxable_income_deductions<2021> >> [3000.]
                                                      ma_part_b_taxable_income_exemptions<2021> >> [8800.]
                                                        filing_status<2021> >> ['HEAD_OF_HOUSEHOLD']
                                                        is_blind<2021> >> [False False False]
                                                        is_tax_unit_dependent<2021> >> [False  True  True]
                                                        age<2021> >> [38. 11. 17.]
                                                        tax_unit_dependents<2021> >> [2]
                                                        tax_unit_itemizes<2021> >> [False]
                                                        medical_expense_deduction<2021> >> [0.]
                                                          medical_expense<2021> >> [0. 0. 0.]
                                                          positive_agi<2021> >> [73000.]
                                                    interest_income<2021> >> [0. 0. 0.]
                                                    dividend_income<2021> >> [0. 0. 0.]
                                                  ma_part_a_taxable_capital_gains_income<2021> >> [64200.]
                                                    ma_part_a_taxable_income<2021> >> [64200.]
                                                    ma_part_a_taxable_interest_dividend_income<2021> >> [0.]
                                                  ma_part_b_taxable_income<2021> >> [0.]
                                                    ma_part_b_agi<2021> >> [0.]
                                                    ma_part_b_taxable_income_deductions<2021> >> [3000.]
                                                    ma_part_b_taxable_income_exemptions<2021> >> [8800.]
                                                  ma_part_c_taxable_income<2021> >> [0.]
                                                    ma_part_a_agi<2021> >> [73000.]
                                                    ma_part_b_agi<2021> >> [0.]
                                                    ma_part_c_agi<2021> >> [0.]
                                                      ma_part_c_gross_income<2021> >> [0.]
                                                    ma_part_b_taxable_income_deductions<2021> >> [3000.]
                                                  is_ma_income_tax_exempt<2021> >> [False]
                                                    ma_agi<2021> >> [73000.]
                                                      ma_part_a_gross_income<2021> >> [73000.]
                                                      ma_part_b_gross_income<2021> >> [0.]
                                                      ma_part_c_gross_income<2021> >> [0.]
                                                    ma_income_tax_exemption_threshold<2021> >> [16400.]
                                                      filing_status<2021> >> ['HEAD_OF_HOUSEHOLD']
                                                      tax_unit_dependents<2021> >> [2]
                                                ma_limited_income_tax_credit<2021> >> [0.]
                                                  ma_agi<2021> >> [73000.]
                                                  ma_income_tax_exemption_threshold<2021> >> [16400.]
                                                  ma_income_tax_before_credits<2021> >> [7704.]
                                                ma_eitc<2021> >> [0.]
                                                  earned_income_tax_credit<2021> >> [0.]
                                                    eitc_eligible<2021> >> [False]
                                                      is_child<2021> >> [False  True  True]
                                                      age<2021> >> [38. 11. 17.]
                                                      tax_exempt_interest_income<2021> >> [0. 0. 0.]
                                                      taxable_interest_income<2021> >> [0. 0. 0.]
                                                      dividend_income<2021> >> [0. 0. 0.]
                                                      c01000<2021> >> [73000.]
                                                        sep<2021> >> [1]
                                                        c23650<2021> >> [73000.]
                                                          long_term_capital_gains<2021> >> [0. 0. 0.]
                                                          short_term_capital_gains<2021> >> [73000.     0.     0.]
                                                      tax_unit_rental_income<2021> >> [0.]
                                                        rental_income<2021> >> [0. 0. 0.]
                                                      tax_unit_partnership_s_corp_income<2021> >> [0.]
                                                        partnership_s_corp_income<2021> >> [0. 0. 0.]
                                                    eitc_maximum<2021> >> [5980.]
                                                      eitc_child_count<2021> >> [2]
                                                        is_eitc_qualifying_child<2021> >> [False  True  True]
                                                    eitc_phased_in<2021> >> [0.]
                                                      eitc_maximum<2021> >> [5980.]
                                                      eitc_phase_in_rate<2021> >> [0.4]
                                                        eitc_child_count<2021> >> [2]
                                                      filer_earned<2021> >> [0.]
                                                        earned<2021> >> [0. 0. 0.]
                                                        is_tax_unit_dependent<2021> >> [False  True  True]
                                                    eitc_reduction<2021> >> [11262.889]
                                                      filer_earned<2021> >> [0.]
                                                      adjusted_gross_income<2021> >> [73000.]
                                                      eitc_phase_out_start<2021> >> [19520.]
                                                        eitc_child_count<2021> >> [2]
                                                        tax_unit_is_joint<2021> >> [False]
                                                          filing_status<2021> >> ['HEAD_OF_HOUSEHOLD']
                                                      eitc_phase_out_rate<2021> >> [0.2106]
                                                        eitc_child_count<2021> >> [2]
                                                ma_dependent_credit<2021> >> [180.]
                                                  is_tax_unit_dependent<2021> >> [False  True  True]
                                                  age<2021> >> [38. 11. 17.]
                                                  is_disabled<2021> >> [False False False]
                                            local_income_tax<2021> >> [0.]
                                            state_sales_tax<2021> >> [0.]
                                            local_sales_tax<2021> >> [0.]
                                          real_estate_taxes<2021> >> [0. 0. 0.]
                                          filing_status<2021> >> ['HEAD_OF_HOUSEHOLD']
                                        medical_expense_deduction<2021> >> [0.]
                                        casualty_loss_deduction<2021> >> [0.]
                                          casualty_loss<2021> >> [0. 0. 0.]
                                          positive_agi<2021> >> [73000.]
                                        qualified_business_income_deduction<2021> >> [0.]
                                          maximum_qbid<2021> >> [0.]
                                            qualified_business_income<2021> >> [0. 0. 0.]
                                          qbid_limit<2021> >> [0.]
                                            qualified_business_income<2021> >> [0. 0. 0.]
                                            w2_wages_from_qualified_business<2021> >> [0. 0. 0.]
                                            unadjusted_basis_qualified_property<2021> >> [0. 0. 0.]
                                            taxable_income_less_qbid<2021> >> [54200.]
                                              adjusted_gross_income<2021> >> [73000.]
                                              charitable_deduction<2021> >> [0.]
                                              interest_deduction<2021> >> [0.]
                                              salt_deduction<2021> >> [7524.]
                                              medical_expense_deduction<2021> >> [0.]
                                              casualty_loss_deduction<2021> >> [0.]
                                              standard_deduction<2021> >> [18800.]
                                                basic_standard_deduction<2021> >> [18800.]
                                                  filing_status<2021> >> ['HEAD_OF_HOUSEHOLD']
                                                  separate_filer_itemizes<2021> >> [False]
                                                  tax_unit_dependent_elsewhere<2021> >> [False]
                                                  tax_unit_earned_income<2021> >> [0.]
                                                    earned_income<2021> >> [0. 0. 0.]
                                                    is_tax_unit_dependent<2021> >> [False  True  True]
                                                additional_standard_deduction<2021> >> [0.]
                                                  filing_status<2021> >> ['HEAD_OF_HOUSEHOLD']
                                                  blind_head<2021> >> [False]
                                                    is_blind<2021> >> [False False False]
                                                    is_tax_unit_head<2021> >> [ True False False]
                                                  blind_spouse<2021> >> [False]
                                                    is_blind<2021> >> [False False False]
                                                    is_tax_unit_spouse<2021> >> [False False False]
                                                  age_head<2021> >> [38]
                                                    age<2021> >> [38. 11. 17.]
                                                    is_tax_unit_head<2021> >> [ True False False]
                                                  age_spouse<2021> >> [0]
                                                    age<2021> >> [38. 11. 17.]
                                                    is_tax_unit_spouse<2021> >> [False False False]
                                            filing_status<2021> >> ['HEAD_OF_HOUSEHOLD']
                                            maximum_qbid<2021> >> [0.]
                                      taxable_income_deductions_if_not_itemizing<2021> >> [18800.]
                                        standard_deduction<2021> >> [18800.]
                                        qualified_business_income_deduction<2021> >> [0.]
                                  dwks14<2021> >> [54200.]
                                    taxable_income<2021> >> [54200.]
                                    dwks13<2021> >> [0.]
                                      unrecaptured_section_1250_gain<2021> >> [0.]
                                      capital_gain_28_percent<2021> >> [0.]
                                      dwks9<2021> >> [0.]
                                        long_term_capital_gains<2021> >> [0. 0. 0.]
                                        c23650<2021> >> [73000.]
                                        non_sch_d_capital_gains<2021> >> [0. 0. 0.]
                                        investment_income_form_4952<2021> >> [0.]
                                      dwks10<2021> >> [0.]
                                        dwks6<2021> >> [0.]
                                          qualified_dividend_income<2021> >> [0. 0. 0.]
                                          investment_income_form_4952<2021> >> [0.]
                                        dwks9<2021> >> [0.]
                                        long_term_capital_gains<2021> >> [0. 0. 0.]
                                        c23650<2021> >> [73000.]
                                        non_sch_d_capital_gains<2021> >> [0. 0. 0.]
                                        hasqdivltcg<2021> >> [ True]
                                          c01000<2021> >> [73000.]
                                          c23650<2021> >> [73000.]
                                          long_term_capital_gains<2021> >> [0. 0. 0.]
                                          non_sch_d_capital_gains<2021> >> [0. 0. 0.]
                                          qualified_dividend_income<2021> >> [0. 0. 0.]
                                      hasqdivltcg<2021> >> [ True]
                                    hasqdivltcg<2021> >> [ True]
                                  dwks13<2021> >> [0.]
                                  dwks19<2021> >> [54200.]
                                    dwks14<2021> >> [54200.]
                                    filing_status<2021> >> ['HEAD_OF_HOUSEHOLD']
                                    taxable_income<2021> >> [54200.]
                                    dwks10<2021> >> [0.]
                                    hasqdivltcg<2021> >> [ True]
                                  dwks9<2021> >> [0.]
                                  unrecaptured_section_1250_gain<2021> >> [0.]
                                  dwks10<2021> >> [0.]
                                  partnership_s_corp_income<2021> >> [0. 0. 0.]
                                  self_employment_income<2021> >> [0. 0. 0.]
                                  filing_status<2021> >> ['HEAD_OF_HOUSEHOLD']
                                  income_tax_main_rates<2021> >> [6220.]
                                    c05200<2021> >> [6220.]
                                      partnership_s_corp_income<2021> >> [0. 0. 0.]
                                      self_employment_income<2021> >> [0. 0. 0.]
                                      taxable_income<2021> >> [54200.]
                                      filing_status<2021> >> ['HEAD_OF_HOUSEHOLD']
                                  hasqdivltcg<2021> >> [ True]
                              alternative_minimum_tax<2021> >> [0.]
                                c09600<2021> >> [0.]
                                  c62100<2021> >> [73000.]
                                    adjusted_gross_income<2021> >> [73000.]
                                    salt_refund_income<2021> >> [0. 0. 0.]
                                    taxable_income_deductions_if_itemizing<2021> >> [7524.]
                                    medical_expense_deduction<2021> >> [0.]
                                    salt_deduction<2021> >> [7524.]
                                    standard_deduction<2021> >> [18800.]
                                    amt_non_agi_income<2021> >> [0.]
                                    filing_status<2021> >> ['HEAD_OF_HOUSEHOLD']
                                  filing_status<2021> >> ['HEAD_OF_HOUSEHOLD']
                                  age_head<2021> >> [38]
                                  age_spouse<2021> >> [0]
                                  filer_earned<2021> >> [0.]
                                  sep<2021> >> [1]
                                  dwks10<2021> >> [0.]
                                  dwks13<2021> >> [0.]
                                  dwks14<2021> >> [54200.]
                                  dwks19<2021> >> [54200.]
                                  unrecaptured_section_1250_gain<2021> >> [0.]
                                  sep<2021> >> [1]
                                  foreign_tax_credit<2021> >> [0.]
                                  amt_form_completed<2021> >> [False]
                                  foreign_tax_credit<2021> >> [0.]
                                  taxbc<2021> >> [6220.]
                                  c05700<2021> >> [0.]
                          income_tax_capped_non_refundable_credits<2021> >> [0.]
                            income_tax_before_credits<2021> >> [6220.]
                            income_tax_non_refundable_credits<2021> >> [0.]
                              c07100<2021> >> [0.]
                                cdcc<2021> >> [0.]
                                  cdcc_relevant_expenses<2021> >> [0.]
                                    tax_unit_childcare_expenses<2021> >> [0.]
                                      childcare_expenses<2021> >> [0. 0. 0.]
                                      is_child<2021> >> [False  True  True]
                                      is_child<2021> >> [False  True  True]
                                    count_cdcc_eligible<2021> >> [1]
                                      is_cdcc_eligible<2021> >> [False  True False]
                                    earned<2021> >> [0. 0. 0.]
                                    tax_unit_is_joint<2021> >> [False]
                                    is_tax_unit_spouse<2021> >> [False False False]
                                    is_tax_unit_head<2021> >> [ True False False]
                                  cdcc_rate<2021> >> [0.5]
                                    adjusted_gross_income<2021> >> [73000.]
                                elderly_disabled_credit<2021> >> [0.]
                                  section_22_income<2021> >> [0.]
                                    filing_status<2021> >> ['HEAD_OF_HOUSEHOLD']
                                    qualifies_for_elderly_or_disabled_credit<2021> >> [False False False]
                                    age<2021> >> [38. 11. 17.]
                                    is_tax_unit_dependent<2021> >> [False  True  True]
                                    total_disability_payments<2021> >> [0. 0. 0.]
                                    pension_income<2021> >> [0. 0. 0.]
                                    taxable_pension_income<2021> >> [0. 0. 0.]
                                    tax_unit_social_security<2021> >> [0.]
                                    tax_unit_taxable_social_security<2021> >> [0.]
                                    adjusted_gross_income<2021> >> [73000.]
                                non_refundable_ctc<2021> >> [0.]
                                  ctc<2021> >> [6000.]
                                    ctc_maximum<2021> >> [6000.]
                                      ctc_individual_maximum<2021> >> [   0. 3000. 3000.]
                                    ctc_reduction<2021> >> [0.]
                                      adjusted_gross_income<2021> >> [73000.]
                                      filing_status<2021> >> ['HEAD_OF_HOUSEHOLD']
                                      ctc_maximum<2021> >> [6000.]
                                      is_ctc_qualifying_child<2021> >> [False  True  True]
                                      is_ctc_qualifying_young_child<2021> >> [False False False]
                                      is_tax_unit_dependent<2021> >> [False  True  True]
                                      is_ctc_qualifying_child<2021> >> [False  True  True]
                                  refundable_ctc<2021> >> [6000.]
                                    ctc_refundable_individual_maximum<2021> >> [   0. 3000. 3000.]
                                american_opportunity_credit<2021> >> [0.]
                                  is_eligible_for_american_opportunity_credit<2021> >> [False False False]
                                  qualified_tuition_expenses<2021> >> [0. 0. 0.]
                                  education_credit_phase_out<2021> >> [0.]
                                    adjusted_gross_income<2021> >> [73000.]
                                    tax_unit_is_joint<2021> >> [False]
                                lifetime_learning_credit<2021> >> [0.]
                                  is_eligible_for_american_opportunity_credit<2021> >> [False False False]
                                  qualified_tuition_expenses<2021> >> [0. 0. 0.]
                                  education_credit_phase_out<2021> >> [0.]
                                retirement_savings_credit<2021> >> [0.]
                                  e07240<2021> >> [0.]
                                residential_energy_credit<2021> >> [0.]
                                  e07260<2021> >> [0.]
                      income_tax_refundable_credits<2021> >> [6000.]
                        eitc<2021> >> [0.]
                          earned_income_tax_credit<2021> >> [0.]
                        refundable_american_opportunity_credit<2021> >> [0.]
                          american_opportunity_credit<2021> >> [0.]
                        cdcc_refund<2021> >> [0.]
                          cdcc<2021> >> [0.]
                        refundable_ctc<2021> >> [6000.]
                        recovery_rebate_credit<2021> >> [0.]
                        refundable_payroll_tax_credit<2021> >> [0.]
                          rptc<2021> >> [0.]
                        premium_tax_credit<2021> >> [0.]
                        ecpa_filer_credit<2021> >> [0.]
                          age_head<2021> >> [38]
                          age_spouse<2021> >> [0]
                          filing_status<2021> >> ['HEAD_OF_HOUSEHOLD']
                          adjusted_gross_income<2021> >> [73000.]
                        ecpa_adult_dependent_credit<2021> >> [0.]
                          is_tax_unit_dependent<2021> >> [False  True  True]
                          age<2021> >> [38. 11. 17.]
                  state_income_tax<2021> >> [7524.]
            medical_expense_deduction<2021> >> [0.]
              medical_expense<2021> >> [0. 0. 0.]
              positive_agi<2021> >> [73000.]
                adjusted_gross_income<2021> >> [73000.]
                  irs_gross_income<2021> >> [73000.     0.     0.]
                  above_the_line_deductions<2021> >> [0.]
                    loss_ald<2021> >> [0.]
                    self_employment_tax_ald<2021> >> [0.]
                    student_loan_interest<2021> >> [0. 0. 0.]
                    early_withdrawal_penalty<2021> >> [0. 0. 0.]
                    alimony_income<2021> >> [0. 0. 0.]
                    educator_expense<2021> >> [0. 0. 0.]
                    health_savings_account_ald<2021> >> [0.]
                    self_employed_health_insurance_ald<2021> >> [0.]
                    ira_contributions<2021> >> [0. 0. 0.]
                    sep_simple_qualified_plan_contributions<2021> >> [0. 0. 0.]
                    qualified_adoption_assistance_expense<2021> >> [0. 0. 0.]
                    us_bonds_for_higher_ed<2021> >> [0. 0. 0.]
                    specified_possession_income<2021> >> [0.]
                    puerto_rico_income<2021> >> [0.]
        interest_income<2021> >> [0. 0. 0.]
        dividend_income<2021> >> [0. 0. 0.]
      ma_part_a_taxable_capital_gains_income<2021> >> [64200.]
        ma_part_a_taxable_income<2021> >> [64200.]
        ma_part_a_taxable_interest_dividend_income<2021> >> [0.]
      ma_part_b_taxable_income<2021> >> [0.]
        ma_part_b_agi<2021> >> [0.]
        ma_part_b_taxable_income_deductions<2021> >> [3000.]
        ma_part_b_taxable_income_exemptions<2021> >> [8800.]
      ma_part_c_taxable_income<2021> >> [0.]
        ma_part_a_agi<2021> >> [73000.]
        ma_part_b_agi<2021> >> [0.]
        ma_part_c_agi<2021> >> [0.]
          ma_part_c_gross_income<2021> >> [0.]
        ma_part_b_taxable_income_deductions<2021> >> [3000.]
      is_ma_income_tax_exempt<2021> >> [False]
        ma_agi<2021> >> [73000.]
          ma_part_a_gross_income<2021> >> [73000.]
          ma_part_b_gross_income<2021> >> [0.]
          ma_part_c_gross_income<2021> >> [0.]
        ma_income_tax_exemption_threshold<2021> >> [16400.]
          filing_status<2021> >> ['HEAD_OF_HOUSEHOLD']
          tax_unit_dependents<2021> >> [2]
    ma_limited_income_tax_credit<2021> >> [0.]
      ma_agi<2021> >> [73000.]
      ma_income_tax_exemption_threshold<2021> >> [16400.]
      ma_income_tax_before_credits<2021> >> [7704.]
    ma_eitc<2021> >> [0.]
      earned_income_tax_credit<2021> >> [0.]
        eitc_eligible<2021> >> [False]
          is_child<2021> >> [False  True  True]
          age<2021> >> [38. 11. 17.]
          tax_exempt_interest_income<2021> >> [0. 0. 0.]
          taxable_interest_income<2021> >> [0. 0. 0.]
          dividend_income<2021> >> [0. 0. 0.]
          c01000<2021> >> [73000.]
            sep<2021> >> [1]
            c23650<2021> >> [73000.]
              long_term_capital_gains<2021> >> [0. 0. 0.]
              short_term_capital_gains<2021> >> [73000.     0.     0.]
          tax_unit_rental_income<2021> >> [0.]
            rental_income<2021> >> [0. 0. 0.]
          tax_unit_partnership_s_corp_income<2021> >> [0.]
            partnership_s_corp_income<2021> >> [0. 0. 0.]
        eitc_maximum<2021> >> [5980.]
          eitc_child_count<2021> >> [2]
            is_eitc_qualifying_child<2021> >> [False  True  True]
        eitc_phased_in<2021> >> [0.]
          eitc_maximum<2021> >> [5980.]
          eitc_phase_in_rate<2021> >> [0.4]
            eitc_child_count<2021> >> [2]
          filer_earned<2021> >> [0.]
            earned<2021> >> [0. 0. 0.]
            is_tax_unit_dependent<2021> >> [False  True  True]
        eitc_reduction<2021> >> [11262.889]
          filer_earned<2021> >> [0.]
          adjusted_gross_income<2021> >> [73000.]
          eitc_phase_out_start<2021> >> [19520.]
            eitc_child_count<2021> >> [2]
            tax_unit_is_joint<2021> >> [False]
              filing_status<2021> >> ['HEAD_OF_HOUSEHOLD']
          eitc_phase_out_rate<2021> >> [0.2106]
            eitc_child_count<2021> >> [2]
    ma_dependent_credit<2021> >> [180.]
      is_tax_unit_dependent<2021> >> [False  True  True]
      age<2021> >> [38. 11. 17.]
      is_disabled<2021> >> [False False False]
.

============================== 1 passed in 0.54s ===============================
