============================= test session starts ==============================
platform darwin -- Python 3.13.9, pytest-9.1.1, pluggy-1.6.0
rootdir: /Users/maxghenis/.subfleet/worktrees/20261007-061058-hub-fix-9184-r2
configfile: pyproject.toml
plugins: hypothesis-6.168.5, platformdirs-4.12.3, anyio-4.15.1
collected 14 items

policyengine_us/tests/policy/baseline/gov/hhs/medicaid/eligibility/long_term_care/financial/is_medicaid_ltss_income_eligible.yaml ............F.

=================================== FAILURES ===================================
_________________________________ test session _________________________________
/Users/maxghenis/.subfleet/worktrees/20261007-061058-hub-fix-9184-r2/policyengine_us/tests/policy/baseline/gov/hhs/medicaid/eligibility/long_term_care/financial/is_medicaid_ltss_income_eligible.yaml:
  Test 'Washington COPES medically needy income level follows SSI uprating in 2027.':
    is_medicaid_ltss_income_eligible@2027-01: [0.] differs from 1.0 with an absolute margin [1.] > 0.001
=============================== warnings summary ===============================
../20261006-084641-hub-fix-9184/.venv/lib/python3.13/site-packages/_pytest/config/__init__.py:1345
  /Users/maxghenis/.subfleet/worktrees/20261006-084641-hub-fix-9184/.venv/lib/python3.13/site-packages/_pytest/config/__init__.py:1345: PytestAssertRewriteWarning: Module already imported so cannot be rewritten; anyio
    self._mark_plugins_for_rewrite(hook, disable_autoload)

-- Docs: https://docs.pytest.org/en/stable/how-to/capture-warnings.html
=========================== short test summary info ============================
FAILED policyengine_us/tests/policy/baseline/gov/hhs/medicaid/eligibility/long_term_care/financial/is_medicaid_ltss_income_eligible.yaml::
=================== 1 failed, 13 passed, 1 warning in 14.66s ===================
