============================= test session starts ==============================
platform darwin -- Python 3.13.9, pytest-9.1.1, pluggy-1.6.0
rootdir: /Users/maxghenis/.subfleet/worktrees/20261007-061058-hub-fix-9184-r2
configfile: pyproject.toml
plugins: hypothesis-6.168.5, platformdirs-4.12.3, anyio-4.15.1
collected 23 items

policyengine_us/tests/policy/baseline/gov/hhs/medicaid/eligibility/long_term_care/financial/medicaid_ltss_csra_resource_eligible.yaml ..................FF...

=================================== FAILURES ===================================
_________________________________ test session _________________________________
/Users/maxghenis/.subfleet/worktrees/20261007-061058-hub-fix-9184-r2/policyengine_us/tests/policy/baseline/gov/hhs/medicaid/eligibility/long_term_care/financial/medicaid_ltss_csra_resource_eligible.yaml:
  Test 'Case 19, continuing Delaware eligibility ignores community spouse resources above the initial allowance.':
    medicaid_ltss_csra_resource_eligible@2026-07: [0.] differs from 1.0 with an absolute margin [1.] > 0.001
_________________________________ test session _________________________________
/Users/maxghenis/.subfleet/worktrees/20261007-061058-hub-fix-9184-r2/policyengine_us/tests/policy/baseline/gov/hhs/medicaid/eligibility/long_term_care/financial/medicaid_ltss_csra_resource_eligible.yaml:
  Test 'Case 20, continuing Delaware eligibility cannot shelter excess applicant resources in an unused CSRA.':
    medicaid_ltss_csra_resource_eligible@2026-07: [1.] differs from 0.0 with an absolute margin [1.] > 0.001
=============================== warnings summary ===============================
../20261006-084641-hub-fix-9184/.venv/lib/python3.13/site-packages/_pytest/config/__init__.py:1345
  /Users/maxghenis/.subfleet/worktrees/20261006-084641-hub-fix-9184/.venv/lib/python3.13/site-packages/_pytest/config/__init__.py:1345: PytestAssertRewriteWarning: Module already imported so cannot be rewritten; anyio
    self._mark_plugins_for_rewrite(hook, disable_autoload)

-- Docs: https://docs.pytest.org/en/stable/how-to/capture-warnings.html
=========================== short test summary info ============================
FAILED policyengine_us/tests/policy/baseline/gov/hhs/medicaid/eligibility/long_term_care/financial/medicaid_ltss_csra_resource_eligible.yaml::
FAILED policyengine_us/tests/policy/baseline/gov/hhs/medicaid/eligibility/long_term_care/financial/medicaid_ltss_csra_resource_eligible.yaml::
=================== 2 failed, 21 passed, 1 warning in 17.64s ===================
