Check changelog fragment	pass	11s	https://github.com/PolicyEngine/policyengine-us/actions/runs/37504243982/job/112473423786	
Check committed registry lock	pass	21s	https://github.com/PolicyEngine/policyengine-us/actions/runs/37504243982/job/112473424109	
Full Suite - Baseline (contrib-hhs)	pass	16m38s	https://github.com/PolicyEngine/policyengine-us/actions/runs/37504243982/job/112474089062	
Full Suite - Baseline (household)	pass	16m38s	https://github.com/PolicyEngine/policyengine-us/actions/runs/37504243982/job/112474089033	
Full Suite - Baseline (irs)	pass	18m21s	https://github.com/PolicyEngine/policyengine-us/actions/runs/37504243982/job/112474088909	
Full Suite - Baseline (reform)	pass	20m29s	https://github.com/PolicyEngine/policyengine-us/actions/runs/37504243982/job/112474089020	
Full Suite - Baseline (rest-a)	pass	8m30s	https://github.com/PolicyEngine/policyengine-us/actions/runs/37504243982/job/112474089099	
Full Suite - Baseline (rest-b)	pass	13m43s	https://github.com/PolicyEngine/policyengine-us/actions/runs/37504243982/job/112474089021	
Full Suite - Baseline (ssa-usda)	pass	29m41s	https://github.com/PolicyEngine/policyengine-us/actions/runs/37504243982/job/112474088929	
Full Suite - Baseline (states-shard-1)	pass	18m33s	https://github.com/PolicyEngine/policyengine-us/actions/runs/37504243982/job/112474088951	
Full Suite - Baseline (states-shard-2)	pass	23m13s	https://github.com/PolicyEngine/policyengine-us/actions/runs/37504243982/job/112474088959	
Full Suite - Baseline (states-shard-3)	pass	17m30s	https://github.com/PolicyEngine/policyengine-us/actions/runs/37504243982/job/112474088922	
Full Suite - Baseline (states-shard-4)	pass	18m51s	https://github.com/PolicyEngine/policyengine-us/actions/runs/37504243982/job/112474089059	
Full Suite - Contrib (congress)	pass	18m0s	https://github.com/PolicyEngine/policyengine-us/actions/runs/37504243982/job/112474088988	
Full Suite - Contrib (other-shard-1)	pass	34m14s	https://github.com/PolicyEngine/policyengine-us/actions/runs/37504243982/job/112474088975	
Full Suite - Contrib (other-shard-2a)	pass	13m49s	https://github.com/PolicyEngine/policyengine-us/actions/runs/37504243982/job/112474089002	
Full Suite - Contrib (other-shard-2b)	pass	16m20s	https://github.com/PolicyEngine/policyengine-us/actions/runs/37504243982/job/112474089046	
Full Suite - Contrib (other-shard-3)	pass	13m0s	https://github.com/PolicyEngine/policyengine-us/actions/runs/37504243982/job/112474088952	
Full Suite - Contrib (states-shard-1)	pass	25m21s	https://github.com/PolicyEngine/policyengine-us/actions/runs/37504243982/job/112474089050	
Full Suite - Contrib (states-shard-2)	pass	38m1s	https://github.com/PolicyEngine/policyengine-us/actions/runs/37504243982/job/112474088902	
Full Suite - Contrib (states-shard-3)	pass	36m1s	https://github.com/PolicyEngine/policyengine-us/actions/runs/37504243982/job/112474088836	
Full Suite - Contrib (states-shard-4)	pass	32m52s	https://github.com/PolicyEngine/policyengine-us/actions/runs/37504243982/job/112474089078	
Full Suite - Microsimulation	pass	30m19s	https://github.com/PolicyEngine/policyengine-us/actions/runs/37504243982/job/112474088826	
Full Suite - Rest (Python + variables)	pass	50m55s	https://github.com/PolicyEngine/policyengine-us/actions/runs/37504243982/job/112474088778	
Household API Partners	pass	12m3s	https://github.com/PolicyEngine/policyengine-us/actions/runs/37504243982/job/112474088672	
Install + smoke-import (py3.11)	pass	1m6s	https://github.com/PolicyEngine/policyengine-us/actions/runs/37504243982/job/112474088728	
Install + smoke-import (py3.12)	pass	1m14s	https://github.com/PolicyEngine/policyengine-us/actions/runs/37504243982/job/112474088713	
Install + smoke-import (py3.13)	pass	1m17s	https://github.com/PolicyEngine/policyengine-us/actions/runs/37504243982/job/112474088636	
Install + smoke-import (py3.14)	pass	1m43s	https://github.com/PolicyEngine/policyengine-us/actions/runs/37504243982/job/112474088724	
Lint	pass	19s	https://github.com/PolicyEngine/policyengine-us/actions/runs/37504243982/job/112474088532	
Quick Feedback (Selective Tests + Coverage)	pass	7m43s	https://github.com/PolicyEngine/policyengine-us/actions/runs/37504243982/job/112474088620	
Release lock guard tests	pass	21s	https://github.com/PolicyEngine/policyengine-us/actions/runs/37504243982/job/112473424164	
Unpublished release wheel (final)	pass	48s	https://github.com/PolicyEngine/policyengine-us/actions/runs/37504243982/job/112474254772	
Unpublished release wheel (rc1)	pass	51s	https://github.com/PolicyEngine/policyengine-us/actions/runs/37504243982/job/112474255538	
Validate bundle metadata contract	pass	1m14s	https://github.com/PolicyEngine/policyengine-us/actions/runs/37504243982/job/112474088481	
