Full Suite - Baseline (contrib-hhs)	pending	0	https://github.com/PolicyEngine/policyengine-us/actions/runs/37612263818/job/112765329822	
Full Suite - Baseline (household)	pending	0	https://github.com/PolicyEngine/policyengine-us/actions/runs/37612263818/job/112765329786	
Full Suite - Baseline (irs)	pending	0	https://github.com/PolicyEngine/policyengine-us/actions/runs/37612263818/job/112765329728	
Full Suite - Baseline (reform)	pending	0	https://github.com/PolicyEngine/policyengine-us/actions/runs/37612263818/job/112765329914	
Full Suite - Baseline (rest-a)	pending	0	https://github.com/PolicyEngine/policyengine-us/actions/runs/37612263818/job/112765329849	
Full Suite - Baseline (rest-b)	pending	0	https://github.com/PolicyEngine/policyengine-us/actions/runs/37612263818/job/112765329781	
Full Suite - Baseline (ssa-usda)	pending	0	https://github.com/PolicyEngine/policyengine-us/actions/runs/37612263818/job/112765329732	
Full Suite - Baseline (states-shard-1)	pending	0	https://github.com/PolicyEngine/policyengine-us/actions/runs/37612263818/job/112765329833	
Full Suite - Baseline (states-shard-2)	pending	0	https://github.com/PolicyEngine/policyengine-us/actions/runs/37612263818/job/112765329990	
Full Suite - Baseline (states-shard-3)	pending	0	https://github.com/PolicyEngine/policyengine-us/actions/runs/37612263818/job/112765329717	
Full Suite - Baseline (states-shard-4)	pending	0	https://github.com/PolicyEngine/policyengine-us/actions/runs/37612263818/job/112765329800	
Full Suite - Contrib (congress)	pending	0	https://github.com/PolicyEngine/policyengine-us/actions/runs/37612263818/job/112765329937	
Full Suite - Contrib (other-shard-1)	pending	0	https://github.com/PolicyEngine/policyengine-us/actions/runs/37612263818/job/112765329949	
Full Suite - Contrib (other-shard-2a)	pending	0	https://github.com/PolicyEngine/policyengine-us/actions/runs/37612263818/job/112765329819	
Full Suite - Contrib (other-shard-2b)	pending	0	https://github.com/PolicyEngine/policyengine-us/actions/runs/37612263818/job/112765330058	
Full Suite - Contrib (other-shard-3)	pending	0	https://github.com/PolicyEngine/policyengine-us/actions/runs/37612263818/job/112765329942	
Full Suite - Contrib (states-shard-1)	pending	0	https://github.com/PolicyEngine/policyengine-us/actions/runs/37612263818/job/112765329888	
Full Suite - Contrib (states-shard-2)	pending	0	https://github.com/PolicyEngine/policyengine-us/actions/runs/37612263818/job/112765329894	
Full Suite - Contrib (states-shard-3)	pending	0	https://github.com/PolicyEngine/policyengine-us/actions/runs/37612263818/job/112765329877	
Full Suite - Contrib (states-shard-4)	pending	0	https://github.com/PolicyEngine/policyengine-us/actions/runs/37612263818/job/112765329961	
Full Suite - Microsimulation	pending	0	https://github.com/PolicyEngine/policyengine-us/actions/runs/37612263818/job/112765329506	
Full Suite - Rest (Python + variables)	pending	0	https://github.com/PolicyEngine/policyengine-us/actions/runs/37612263818/job/112765329677	
Household API Partners	pending	0	https://github.com/PolicyEngine/policyengine-us/actions/runs/37612263818/job/112765329502	
Install + smoke-import (py3.11)	pending	0	https://github.com/PolicyEngine/policyengine-us/actions/runs/37612263818/job/112765329532	
Install + smoke-import (py3.12)	pending	0	https://github.com/PolicyEngine/policyengine-us/actions/runs/37612263818/job/112765329617	
Install + smoke-import (py3.13)	pending	0	https://github.com/PolicyEngine/policyengine-us/actions/runs/37612263818/job/112765329628	
Install + smoke-import (py3.14)	pending	0	https://github.com/PolicyEngine/policyengine-us/actions/runs/37612263818/job/112765329515	
Lint	pending	0	https://github.com/PolicyEngine/policyengine-us/actions/runs/37612263818/job/112765329507	
Validate bundle metadata contract	pending	0	https://github.com/PolicyEngine/policyengine-us/actions/runs/37612263818/job/112765329419	
Check changelog fragment	pass	11s	https://github.com/PolicyEngine/policyengine-us/actions/runs/37612263818/job/112762089994	
Check committed registry lock	pass	16s	https://github.com/PolicyEngine/policyengine-us/actions/runs/37612263818/job/112762090026	
Quick Feedback (Selective Tests + Coverage)	pass	7m44s	https://github.com/PolicyEngine/policyengine-us/actions/runs/37612263818/job/112765329423	
Release lock guard tests	pass	23s	https://github.com/PolicyEngine/policyengine-us/actions/runs/37612263818/job/112762089551	
Unpublished release wheel (final)	pass	41s	https://github.com/PolicyEngine/policyengine-us/actions/runs/37612263818/job/112765329449	
Unpublished release wheel (rc1)	pass	37s	https://github.com/PolicyEngine/policyengine-us/actions/runs/37612263818/job/112765329544	
